07-20 16:22:38.023  3221  9650 D BSOHChargingDataCollector: performBatteryWork--
07-20 16:22:38.196  1221  1221 D io_stats: !@   8,0 r 6000328 103359985 w 720043 12747936 d 51211 8864140 f 19623 71683 iot 1298984 0 th 0 0 0 pt 0 inp 0 0 9791.441
07-20 16:22:38.196  1221  1221 D io_stats: !@ Read_top(KB): .android.forest(9191) 2052 kworker/u16:1(10699) 672 .gms.persistent(4552) 584
07-20 16:22:38.196  1221  1221 D io_stats: !@ Write_top(KB): kworker/u16:7(7843) 17972 kworker/u16:1(10699) 12288 android.dqagent(12328) 28
07-20 16:22:38.480  2379  3431 I bauth_FPBAuthService: pcf : 0x1012, 0 ,1 ,0 ,1 ,0 ,0, 16.0.0.0
07-20 16:22:38.480  2379  3431 I bauth_FPBAuthService: thread id : 1, preenroll_flag : 0, nd cnt : 0, cso : 0, et : 0
07-20 16:22:38.480  2379  3431 I bauth_FPBAuthService: FPBAuthService::timerHandler complete
07-20 16:22:38.505  7111  8092 I SDHMS:x : SIOP:: AP:391 BAT:364 USB:345 CHG:403 PA:389 CP:391 WIFI:385 CF:373 BLK:0 SUBBAT:0 SKIN:370 SKINF:370 SKINB:361 LRP:370 LRP2:370 LRF2:370 LRB2:361 AP2:370 CHG2:368 WIFI2:368 UANT2:368 RCV2:366 SPK2:354 FCAM:345 UPSPK:377 DNSPK:346 VAP02:406 VWIFI:396 AMB:344 AMB2:293 AVGCUR:960 AVGSYS:255 POWER:3691
07-20 16:22:38.739  1802  6822 I sensors-hal: handle_sns_std_sensor_event:137, [SSC_LIGHT] A: 23(23),m:11,c:0,b:0,c0:9735,l:23,r:100,bl:100,j:-1
07-20 16:22:39.011  3221  9650 D BSOHChargingDataCollector:  BSOH Sys-servce ... 
07-20 16:22:39.011  3221  9650 D BSOHChargingDataCollector: performBatteryWork++
07-20 16:22:39.011  3221  9650 D BSOHChargingDataCollector: performBatteryWork battery com.android.server.bsoh.device.PrimeBattery@57c2b24
07-20 16:22:39.011  3221  9650 D BSOHChargingDataCollector: primeBatt readVoltage from sysFsBattVolt,  path : /sys/class/power_supply/battery/batt_voltage_now
07-20 16:22:39.022  3221  9650 D BSOHChargingDataCollector: 0 	 BattData addData data : BattData { voltage:3.872, current:1.0625, soc:0.3, temperature:36.3, status:2, timestamp:1784578959022, voltage_chg:null}
07-20 16:22:39.022  3221  9650 D BSOHChargingDataCollector: performBatteryWork--
07-20 16:22:39.131  1914  1948 D HeatmapThread: Updated plugType via uevent: 2
07-20 16:22:39.134  1854  1949 E BatteryDump: !@new_battery_dump : 3872,1062,1000,2000,30,363,345,403,363,0,371,405,0,Charging,NO_CHARGING,Normal,Good,PDIC,0,Normal,0,0,9272,0x0,0x20000,0x0,0,0,0000,0000,ffff0700,0,0,0,0,1125,3771,2982,990,0,
07-20 16:22:39.136  3221  7163 D [SS]BattFunctions: [sendRemainingChargingTimeChangedIntent]remainingChargingTime:4113 ,mLastRemainingChargingTime:4116
07-20 16:22:39.137  3221 13864 V [SS]SleepChargingTimeController: [isActivated]mSleepChargingStatus null => false
07-20 16:22:39.138  1854  1854 I sehhealth-service: updateLrpSysfs: write: 370
07-20 16:22:39.140  4800  4800 I AODBatteryManager: updateBatteryData: ACTION_BATTERY_CHANGED: false, isSleepModeChanged:false ,isRemainingTimeChanged: true, isUSBRestriction: false
07-20 16:22:39.140  4800  4800 I ChargingInfoManager: updateChargingInfo: newState = AOD ChargingInfo [mState=BATTERY_AND_REMAIN_TIME, mIsCharging=true, mIsPlugged=true, mIsFullyCharged=false, mIsBatteryProtectMode=false, mBetteryLevel=30, mBetteryProtectModeType4, mIsSlowChargingfalse], oldState = AOD ChargingInfo [mState=BATTERY_AND_REMAIN_TIME, mIsCharging=true, mIsPlugged=true, mIsFullyCharged=false, mIsBatteryProtectMode=false, mBetteryLevel=30, mBetteryProtectModeType4, mIsSlowChargingfalse]
07-20 16:22:39.142  4800  4800 D PowerUI : Remaining charging time : 4113
07-20 16:22:39.142  4800  4800 D PowerUI : Charging time is changed, check charging notification
07-20 16:22:39.143  4800  4800 D PowerUI.Notification: showChargingNotice - Battery Level : 30 -> 30, Charging Type : 11 -> 11, Charging Time : 4116 -> 4113, Maximum protection : false -> false, Maximum threshold : 80 -> 80
07-20 16:22:39.147  4800  4800 I NotificationManager: com.android.systemui: notify(2114586824, charging_state, Notification(channel=CHR shortcut=null contentView=null vibrate=null sound=null defaults=0 flags=ONGOING_EVENT|ONLY_ALERT_ONCE color=0x00000000 category=sys groupKey=CHARGING vis=PUBLIC semFlags=0x0 semPriority=0 semMissedCount=0 semScenarioType=0)) as user
07-20 16:22:39.151  3221  7163 W PermissionService: getPermissionFlags: Unknown user -1
07-20 16:22:39.151  3221  7163 W PermissionService: getPermissionFlags: Unknown user -1
07-20 16:22:39.152  3221  7163 D NotificationHighlightCore: isNonImportantNotification Importance low
07-20 16:22:39.152  3221  7163 W NotificationService: notificationHightlight enqu getNonImportantNotification, r= StatusBarNotification(pkg=com.android.systemui user=UserHandle{-1} id=2114586824 tag=charging_state key=-1|com.android.systemui|2114586824|charging_state|10041: Notification(channel=CHR shortcut=null contentView=null vibrate=null sound=null defaults=0 flags=ONGOING_EVENT|ONLY_ALERT_ONCE color=0x00000000 category=sys groupKey=CHARGING vis=PUBLIC semFlags=0x200000 semPriority=0 semMissedCount=0 semScenarioType=0)), flags= SEM_FLAG_INSIGNIFICANT_MINIMIZED 
07-20 16:22:39.152  4800  4800 I ChargingInfoView: handleMessage: MSG_SHOW_CHARGING_INFO
07-20 16:22:39.152  4800  4800 I BottomChargingInfoView: updateContents: BATTERY_AND_REMAIN_TIME
07-20 16:22:39.153  4800  4800 I AOD_WAKELOCK@WakeLockManager: acquireIfExists: tag - charging_info, timeout - 1000, reason - Charging Info is updating, delay by 500, wakeLock = WakeLock{86f18a4 held=false, refCount=0}
07-20 16:22:39.153  3221  7163 D PowerManagerService: [api] acquire WakeLock DRAW_WAKE_LOCK                    'charging_info' (uid=10041 isFrozen=false pid=4800 displayId=0 lock=df79fcb)
07-20 16:22:39.153  3221  7163 D PowerManagerService: displayReady: false groupId=0
07-20 16:22:39.154  3221  3404 D DisplayPowerController[0]: animateScreenStateChange: target=DOZE, mIsEnabled=true
07-20 16:22:39.156  3221  7163 D PowerManagerService: [PWL] sb acquire: PowerManagerService.Display
07-20 16:22:39.157  4800  4800 I ChargingInfoManager: getDeviceRemainingTime: 1 h 8 m until full
07-20 16:22:39.158  3221  3404 I DisplayPowerController[0]: BrightnessEvent: brt=0.04705883(38.0%), nits=10.387, lux=-1.0, reason=doze, strat=DozeBrightnessStrategy, state=DOZE, stateReason=DRAW_WAKE_LOCK, policy=DOZE, flags=low_power_mode , initBrt=0.04705883, rcmdBrt=NaN, preBrt=NaN, preLux=0.0, wasShortTermModelActive=false, autoBrightness=true (default), unclampedBrt=0.04705883, hbmMax=1.0, hbmMode=off, thrmMax=1.0, rbcStrength=-1, powerFactor=0.9, physDisp=Built-in Screen(local:4630947093241269891), logicalId=0, slowChange=false, rampSpeed=0.0
07-20 16:22:39.158  4800  4800 I AOD_WAKELOCK@WakeLockManager: acquireIfExists: tag - charging_info, timeout - 5500, reason - Charging Info is updating, delay by 5000, wakeLock = WakeLock{86f18a4 held=true, refCount=1}
07-20 16:22:39.158  4800  4800 I AbsChargingInfoComponent: setVisibilityWithAnim: skipped true
07-20 16:22:39.159  3221  4094 D DisplayManagerService: !@display_state requestDisplayStateInternal: DOZE_SUSPEND -> DOZE displayId=0
07-20 16:22:39.160  3221  4094 D SemInputDeviceManagerService: setDisplayState[1] EARLY: DOZE_SUSPEND(4) -> DOZE(3)
07-20 16:22:39.160  3221  3816 D SemInputDevice:TSP: ActivateTask: 3,0 [07-20 16:22:39.160]
07-20 16:22:39.160  3221  4094 D LocalDisplayAdapter: notifyStateChangeStart: com.samsung.android.hardware.secinputdev.external.DisplayStateListenerWrapper$1@dafc74e took 1 ms
07-20 16:22:39.160  3221  3319 I DisplayDeviceRepository: Display device changed state: "Built-in Screen", DOZE
07-20 16:22:39.161  3221  4094 D LocalDisplayAdapter: notifyStateChangeStart: com.android.server.biometrics.SemBiometricDisplayStateMonitor@b37b5ad took 1 ms
07-20 16:22:39.161  3221  3849 I SemBiometricDisplayStateMonitor: DisplayStateListener#onStart : DOZE, DOZE, DEFAULT_DISPLAY
07-20 16:22:39.161  3221  4094 D LocalDisplayAdapter: notifyStateChangeStart: com.android.server.display.mode.RefreshRateModeManager$1@bf1107d took 0 ms
07-20 16:22:39.161  3221  4094 W LocalDisplayAdapter: !@display_state - 97 : DOZE_SUSPEND -> DOZE (MAIN)
07-20 16:22:39.161  1857  1857 I sysinput:Touch: activate:96, 3,0 OK
07-20 16:22:39.161  1926  1926 D SurfaceFlinger: Setting power mode 1 on physical display 4630947093241269891
07-20 16:22:39.161  1926  1926 D SurfaceFlinger: setPhysicalDisplayPowerMode: Optimizing thread scheduling: optimizeForPerformance
07-20 16:22:39.161  3221  3404 D BrightnessThermalClamper: Thermal status observer already started
07-20 16:22:39.161  1926  1926 D SurfaceFlinger: Disabling synthetic vsync
07-20 16:22:39.162  1926  2226 I SurfaceFlinger: [4630947093241269891] ExpiredDisplayPowerTimer: 0
07-20 16:22:39.162  3221  3816 D SysinputHAL_V1_3(V1_2): setTspEnable(TSP(1)),3,true ret=0
07-20 16:22:39.162  1846  2164 I SDM     : HWCDisplay::SetPowerMode: display = 0, mode = Doze
07-20 16:22:39.162  1909  1909 D AudioFlinger: setParameters: filtered dev setParameters keyvalue screen_state=off
07-20 16:22:39.162  1846  2164 I SDM     : DisplayBase::SetDisplayState: Set state = 2, display 66-0, teardown = 0
07-20 16:22:39.162  1846  2164 I SDM     : DisplayBase::SetDisplayState: active 1-0 state 2-3 pending_power_state_ 3
07-20 16:22:39.162  1783 13147 D AHAL: AudioDevice: SetParameters: 1799: enter
07-20 16:22:39.162  1783 13147 D AHAL: AudioVoice: VoiceSetParameters: 171: Enter
07-20 16:22:39.162  1783 13147 D AHAL: AudioVoice: VoiceSetParameters: 416: Exit ret: 0
07-20 16:22:39.163  1783 13147 D AHAL: hfp: hfp_set_parameters: 447: enter
07-20 16:22:39.163  1783 13147 D AHAL: AudioDevice: SetParameters: 1882:  - screen = off
07-20 16:22:39.163  1783 13147 I PAL: ResourceManager: setParameter: 9250: Screen State:0
07-20 16:22:39.163  1783 13147 D AHAL: AudioDevice: SetParameters: 2617: exit: screen_state=off
07-20 16:22:39.163  1926  1926 I SurfaceFlinger: Force repainting for DOZE_SUSPEND -> DOZE or ON.
07-20 16:22:39.163  1926  1926 D SurfaceFlinger: Finished setting power mode 1 on physical display 4630947093241269891
07-20 16:22:39.163  1783 13147 I Audio_a2dpsink_hw: adev_set_parameters: kevpairs=[screen_state=off]
07-20 16:22:39.164  4800  4800 I AODUiController: onUIEvent : unknown component : 1202/0/0
07-20 16:22:39.164  4800  4800 I AOD_BRIGHTNESS@BrightnessManager: mCurrentBrightness : HighNit[true], NitMode[10NIT], isForceState[0, ForceStateReason[[], ], mAppliedBrightness[1], LockStarLevel[100]
07-20 16:22:39.164  4800  4800 I AOD_BRIGHTNESS@AlwaysOnDisplayEx: updateDozeBrightness: doze [65538] last [10NIT] change to [10NIT]
07-20 16:22:39.164  4800  4800 I AOD_WAKELOCK@WakeLockManager: acquireIfExists: tag - AOD_DRAW, timeout - 100, reason - set Doze Brightness updateDozeBrightness, wakeLock = WakeLock{a359609 held=false, refCount=0}
07-20 16:22:39.165  3221  4332 D PowerManagerService: [api] acquire WakeLock DRAW_WAKE_LOCK                    'AOD_DRAW' (uid=10041 isFrozen=false pid=4800 displayId=0 lock=84ef3d9)
07-20 16:22:39.166  4800  4800 D AODScreenBrightness: updateBrightness: brightness=0.04705883
07-20 16:22:39.166  4800  4800 I DreamService[DozeService]: semSetDozeScreenBrightness dozeMode=65538 float brightness=0.04705883
07-20 16:22:39.166  3221  3976 D AS.DesktopUtils: isDesktopWindowing( false )
07-20 16:22:39.166  4800  4800 D SecKeyguardClockRepositoryImpl: setClockSize SMALL
07-20 16:22:39.167  3221  3976 D AS.DesktopModeHelper: setDesktopModePath caller = onDisplayChanged #Id=0, isInDesktopWindowing=false, isAudioOutputToDisplay : true
07-20 16:22:39.167  4800  4800 I SecKeyguardClockPositionAlgorithm: prepareClockContainerHeightChanging:
07-20 16:22:39.168  4800  4800 I FaceWidget_updatePosition: updatePosition: faceWidgetPosition = Point(0, 325)
07-20 16:22:39.168  6885  6885 I VRI[InputMethod]@df8c22f: onDisplayChanged oldDisplayState=4 newDisplayState=3
07-20 16:22:39.168  4800  4800 D FaceWidgetPagesController: refreshViews() reason = CLOCK_POSITION_CHANGED, force = false
07-20 16:22:39.169  4800  4800 I PluginFaceWidgetManager: isEditMode = false
07-20 16:22:39.169  4800  4800 I NowBarItemManager: getVisibleList isScreenTurnedOn = false / aodShowState false shouldControlScreenOff false isLockTypeNone false visibleList size = 0 / expandedItem null
07-20 16:22:39.169  4800  4800 D SecKeyguardClockRepositoryImpl: setClockSize SMALL
07-20 16:22:39.170  4800  4800 I SecKeyguardClockPositionAlgorithm: prepareClockContainerHeightChanging:
07-20 16:22:39.170  3221  3317 D WindowManager: DeferredDisplayUpdater: partially applying DisplayInfo(1440 x 3088) immediately
07-20 16:22:39.171  4800  4800 I FaceWidget_updatePosition: updatePosition: faceWidgetPosition = Point(0, 325)
07-20 16:22:39.171  4800  4800 D FaceWidgetPagesController: refreshViews() reason = CLOCK_POSITION_CHANGED, force = false
07-20 16:22:39.171  5145 24877 I HoneySpace.Memory-Monitor: current state = 3, didTrim = true
07-20 16:22:39.171  5145  5145 I VRI[RecentsTransitionOverlay]@9ba9ba1: onDisplayChanged oldDisplayState=4 newDisplayState=3
07-20 16:22:39.172  5145  5145 I VRI[CocktailBarService]@400297: onDisplayChanged oldDisplayState=4 newDisplayState=3
07-20 16:22:39.172  5145  5145 I VRI[LauncherActivity]@4464a22: onDisplayChanged oldDisplayState=4 newDisplayState=3
07-20 16:22:39.172  5145  5145 I VRI[RecentsActivity]@30ab7a: onDisplayChanged oldDisplayState=4 newDisplayState=3
07-20 16:22:39.172  4800  4800 I PluginFaceWidgetManager: isEditMode = false
07-20 16:22:39.172  4800  4800 I NowBarItemManager: getVisibleList isScreenTurnedOn = false / aodShowState false shouldControlScreenOff false isLockTypeNone false visibleList size = 0 / expandedItem null
07-20 16:22:39.172  3221  4094 I LocalDisplayAdapter: SF.setDisplayPowerMode took 11ms
07-20 16:22:39.172  3221  4094 W LocalDisplayAdapter: !@display_state - 97 : DOZE (MAIN) took 11 ms
07-20 16:22:39.173  3221  4094 D SemInputDeviceManagerService: setDisplayState[1] LATE: DOZE(3) -> DOZE(3)
07-20 16:22:39.172  4800  4800 I FaceWidgetClockPage: updateClockRect: skip in screen off state
07-20 16:22:39.173  4800  4831 I VRI[ShellDropTarget]@fda9a37: onDisplayChanged oldDisplayState=4 newDisplayState=3
07-20 16:22:39.173  3221  4094 D LocalDisplayAdapter: notifyStateChangeFinish: com.samsung.android.hardware.secinputdev.external.DisplayStateListenerWrapper$1@dafc74e took 1 ms
07-20 16:22:39.173  3221  4094 D LocalDisplayAdapter: notifyStateChangeFinish: com.android.server.biometrics.SemBiometricDisplayStateMonitor@b37b5ad took 0 ms
07-20 16:22:39.173  3221  4094 D LocalDisplayAdapter: notifyStateChangeFinish: com.android.server.display.mode.RefreshRateModeManager$1@bf1107d took 0 ms
07-20 16:22:39.173  3221  3404 D DisplayPowerController[0]: setActualDisplayState: DOZE_SUSPEND -> DOZE
07-20 16:22:39.173  3221  3404 D DisplayPowerController[0]: animateScreenStateChange: target=DOZE, mIsEnabled=true
07-20 16:22:39.173  3221  3849 I SemBiometricDisplayStateMonitor: DisplayStateListener#onFinish : DOZE, DOZE, DEFAULT_DISPLAY
07-20 16:22:39.173  3221  3816 D SemInputDevice:TSP: ActivateTask: 3,1 [07-20 16:22:39.173]
07-20 16:22:39.174  1857  1857 I sysinput:Touch: activate:96, 3,1 OK
07-20 16:22:39.174  3221  3816 D SysinputHAL_V1_3(V1_2): setTspEnable(TSP(1)),3,false ret=0
07-20 16:22:39.174  3221  3404 D DisplayPowerController[0]: animateScreenStateChange: target=DOZE, mIsEnabled=true
07-20 16:22:39.175  3221  3240 D WifiDisplayAdapter: isFitToActiveDisplayLocked : false
07-20 16:22:39.175  4800  4800 D DisplayLifecycle: updateDisplay id = 0
07-20 16:22:39.175  3221  3404 D PowerManagerService: displayReady: true groupId=0
07-20 16:22:39.175  1846  2164 I SDM     : ToneMappingCore::set_default_vals():851 Initial enablement signals - bypass adaptive TM: 0, actual panel luma usage: 1, temporal filtering of dynamic meta data: 1, histTM enable: 1, static meta data usage: 1
07-20 16:22:39.175  1846  2164 I SDM     : HdrAlgorithm::SetXMLParameters():278 Override enablement signals - bypass adaptive TM: 0, bypass sdr dimming: 1
07-20 16:22:39.175  3221  3404 D PowerManagerService: [PWL] sb release: PowerManagerService.Display
07-20 16:22:39.175  4800  4800 I Keyguard.AODTouchModeManager: onDisplayChanged newDisplayState=3, currentDisplayState=4, displayId=0
07-20 16:22:39.176  4800  4800 I AODTriggers: onAODEventDispatched = 4 / eventData = aod.q0@133c118
07-20 16:22:39.176  4800  4800 I AOD_LIVE_CLOCK@LiveClockController: updateDisplayState: DISPLAY_STATE_DOZE
07-20 16:22:39.176  1846  2028 I SDM     : DisplayBase::WaitForCompletion: Wait for cached retire fence to be in steady state
07-20 16:22:39.176  4800  4800 I VRI[LockscreenShortcutBlur]@6491b12: onDisplayChanged oldDisplayState=4 newDisplayState=3
07-20 16:22:39.176  4800  4800 I VRI[NavigationBar0]@35810b9: onDisplayChanged oldDisplayState=4 newDisplayState=3
07-20 16:22:39.177  4800  4800 I VRI[DisplayBackGestureHandler 0]@2f2fb4f: onDisplayChanged oldDisplayState=4 newDisplayState=3
07-20 16:22:39.177  4800  4800 I VRI[NotificationShade]@c2a085d: onDisplayChanged oldDisplayState=4 newDisplayState=3
07-20 16:22:39.178  4800  4878 D StackScroller: onDisplayChanged for predraw skip to 3
07-20 16:22:39.179  4800  4800 I VRI[StatusBar]@1d0ce91: onDisplayChanged oldDisplayState=4 newDisplayState=3
07-20 16:22:39.179  4800  4800 I VRI[Bouncer]@b0f9642: onDisplayChanged oldDisplayState=4 newDisplayState=3
07-20 16:22:39.179  4800  4800 I VRI[SecondaryHomeHandle0]@a5b5f00: onDisplayChanged oldDisplayState=4 newDisplayState=3
07-20 16:22:39.181  7646  7646 I VRI[FP Iconview]@6a76b96: onDisplayChanged oldDisplayState=4 newDisplayState=3
07-20 16:22:39.181  7646  7646 I BSS_DisplayStateManager: handleDisplayStateChanged: DOZE_SUSPEND -> DOZE
07-20 16:22:39.182  6035  6035 I VRI[PowerModeSettingsActivity]@edf1e58: onDisplayChanged oldDisplayState=4 newDisplayState=3
07-20 16:22:39.182 11143 11143 I VRI[HintService]@e83b0: onDisplayChanged oldDisplayState=4 newDisplayState=3
07-20 16:22:39.183  6035  6035 I VRI[DcEbsMainBoardActivity]@c998969: onDisplayChanged oldDisplayState=4 newDisplayState=3
07-20 16:22:39.184  8023  8023 I CAMERA_CONTROLLER: [2]a.n():2 - display changed
07-20 16:22:39.184  8023  8023 I CAMERA_CONTROLLER: [2]a.n():2
07-20 16:22:39.184  8023  8023 I CAMERA_CONTROLLER: [2]ProviderServiceImpl.checkDisplayModePortrait():39 - presentationDisplaynull
07-20 16:22:39.184  8023  8023 W CAMERA_CONTROLLER: [2]a.A():2 - presentationDisplay is null, return
07-20 16:22:39.184  8023  8023 W CAMERA_CONTROLLER: [2]ProviderServiceImpl$registerDisplayListener$displayListener$1.onDisplayChanged():17 - display is not portrait mode 
07-20 16:22:39.185 29224 29224 I VRI[SettingsHomepageActivity]@cad135e: onDisplayChanged oldDisplayState=4 newDisplayState=3
07-20 16:22:39.185 29224 29224 I VRI[SubSettings]@f8933a3: onDisplayChanged oldDisplayState=4 newDisplayState=3
07-20 16:22:39.187  4552  4552 I NearbyDiscovery: (REDACTED) FastPairDisplayObserver: %s -> %s
07-20 16:22:39.208  1846  2028 I SDM     : DisplayBase::WaitForCompletion: Cached retire fence is in ready state
07-20 16:22:39.208  1846  2028 I SDM     : DisplayBase::GetPendingDisplayState: pending_power_state 3 for display 66-0
07-20 16:22:39.267  3221  5238 D PowerManagerService: [api] release WakeLock DRAW_WAKE_LOCK                    'AOD_DRAW' ACQ=-101ms (uid=10041 isFrozen=false pid=4800 displayId=0 lock=84ef3d9)
07-20 16:22:39.358 10737 10737 I adbd    : adbd service requested 'shell,v2,TERM=dumb,raw:pidof com.wonderfood.app.foss'
07-20 16:22:39.362  3221  3221 I Telecom : SamsungTelecomServiceImpl : isInManagedCall - callingPackage : android / callingUser : UserHandle{0} / hasCrossUserAccess : true
07-20 16:22:39.370  3221  3790 D ActivityManager: freezing 12566 com.android.settings.intelligence
07-20 16:22:39.377  3221  3790 D ActivityManager: FCA:FCA recordedFileRss = 0, and changeinRss = 63304
07-20 16:22:39.387  3221  3938 D InetDiagMessage: Destroyed 0 sockets, proto=IPPROTO_TCP, family=AF_INET, states=14
07-20 16:22:39.389  7195  7195 I NotificationListener: [Service]v6.1.9-eap02 Received new notification
07-20 16:22:39.390  7195  7829 I NotificationPipeline: Processing new notification: -1|com.android.systemui|2114586824|charging_state|10041
07-20 16:22:39.391  3221  3938 D InetDiagMessage: Destroyed 0 sockets, proto=IPPROTO_TCP, family=AF_INET6, states=14
07-20 16:22:39.391  3221  3938 D InetDiagMessage: Destroyed live tcp sockets for uids={10120} in 9ms
07-20 16:22:39.391  4800  4800 W PreparationCoordinator: Group inflation took too long for INSIGNIFICANT, releasing children early
07-20 16:22:39.392  4800  4800 D SubscreenNotificationListCoordinator: onAfterRenderList() isSubScreen = false, pluginLockMode = 0, doNotShowOnCover = false
07-20 16:22:39.392  4800  4800 I LockscreenNotificationIconsOnlyController: onNotificationInfoUpdated 3
07-20 16:22:39.394  4800  4800 I AODNotificationManager: updateNotification() 
07-20 16:22:39.397  4800  4800 E AbsSettings: refreshInner: refreshedSettingsDBItem key aod_content_type val = 0
07-20 16:22:39.397  4800  4800 I AODThemeSettingsHelper: getSingleThemeContentType = 0
07-20 16:22:39.397  4800  4800 D PluginAODManager: onNotificationInfoUpdated() 3
07-20 16:22:39.397  5145  5308 I HoneySpace.NotificationListener: onNotificationPosted com.android.systemui: -1|com.android.systemui|2114586824|charging_state|10041: 0
07-20 16:22:39.397  5145  5308 I HoneySpace.NotificationListener: invalid notification: com.android.systemui UserHandle{-1}: canShowBadge is false
07-20 16:22:39.397  4800  4800 D PluginAODManager: onNotificationInfoUpdated() -1|android|62|null|1000
07-20 16:22:39.397  4800  4800 D PluginAODManager: onNotificationInfoUpdated() -1|android|27|null|1000
07-20 16:22:39.397  4800  4800 D PluginAODManager: onNotificationInfoUpdated() 0|com.samsung.wearable.watch7plugin|721|null|10406
07-20 16:22:39.397  4800  4800 I AODNotificationManager: updateVisibleNotifications: 3
07-20 16:22:39.401  7195  7829 I Notification4Watch7_NB: NotificationChecker.checkIgnoreCase - onGoing
07-20 16:22:39.405  7195  7829 W Notification4Watch7_NB: NotificationBridgeCallback.onNotificationPosted-Ignored package : [-1] com.android.systemui
07-20 16:22:39.405  7195  7829 I NotificationPipeline: Discarding notification: -1|com.android.systemui|2114586824|charging_state|10041
07-20 16:22:39.406  9120  9120 I Routine@Core[5.0.03.22]: PreloadNotificationListenerService: onNotificationPosted: - begin  - ($)
07-20 16:22:39.407  9120  9120 I Routine@Core[5.0.03.22]: PreloadNotificationListenerService: isScreenedOut: package on denyList  - ($)
07-20 16:22:39.411  4800  4800 D SecKeyguardClockRepositoryImpl: setClockSize SMALL
07-20 16:22:39.412  4800  4800 I SecKeyguardClockPositionAlgorithm: prepareClockContainerHeightChanging:
07-20 16:22:39.412  4800  4800 I FaceWidget_updatePosition: updatePosition: faceWidgetPosition = Point(0, 325)
07-20 16:22:39.412  4800  4800 D FaceWidgetPagesController: refreshViews() reason = CLOCK_POSITION_CHANGED, force = false
07-20 16:22:39.413  4800  4800 I PluginFaceWidgetManager: isEditMode = false
07-20 16:22:39.413  4800  4800 I NowBarItemManager: getVisibleList isScreenTurnedOn = false / aodShowState false shouldControlScreenOff false isLockTypeNone false visibleList size = 0 / expandedItem null
07-20 16:22:39.413  4800  4800 D SecKeyguardClockRepositoryImpl: setClockSize SMALL
07-20 16:22:39.414  4800  4800 I SecKeyguardClockPositionAlgorithm: prepareClockContainerHeightChanging:
07-20 16:22:39.415  4800  4800 I FaceWidget_updatePosition: updatePosition: faceWidgetPosition = Point(0, 325)
07-20 16:22:39.415  4800  4800 D FaceWidgetPagesController: refreshViews() reason = CLOCK_POSITION_CHANGED, force = false
07-20 16:22:39.415  4800  4800 I PluginFaceWidgetManager: isEditMode = false
07-20 16:22:39.415  4800  4800 I NowBarItemManager: getVisibleList isScreenTurnedOn = false / aodShowState false shouldControlScreenOff false isLockTypeNone false visibleList size = 0 / expandedItem null
07-20 16:22:39.416  4800  4800 I FaceWidgetClockPage: updateClockRect: skip in screen off state
07-20 16:22:39.480  2379  3431 I bauth_FPBAuthService: pcf : 0x1012, 0 ,1 ,0 ,1 ,0 ,0, 16.0.0.0
07-20 16:22:39.481  2379  3431 I bauth_FPBAuthService: thread id : 1, preenroll_flag : 0, nd cnt : 0, cso : 0, et : 0
07-20 16:22:39.481  2379  3431 I bauth_FPBAuthService: FPBAuthService::timerHandler complete
07-20 16:22:39.507 10737 10737 I adbd    : adbd service requested 'exec:screencap '-p''
07-20 16:22:39.584  4800  4800 D Bubbles : onEntryUpdated : shouldBubbleUp=true ,key=-1|com.android.systemui|2114586824|charging_state|10041
07-20 16:22:39.587  4800  4800 D InterruptionStateProvider:  no Heads up : edgelighting enabled app. -1|com.android.systemui|2114586824|charging_state|10041
07-20 16:22:39.587  4800  4800 D InsignificantSummaryManager: onNotificationUpdated :-1|com.android.systemui|2114586824|charging_state|10041 flags: 200000 updateSummary entrySize:1
07-20 16:22:39.587  4800  4800 I {OngoingActivityController}: onEntryUpdated and OA data is empty. So update latest task info
07-20 16:22:39.590  4800  4800 D PluginAODManager: onEntryUpdated: 
07-20 16:22:39.609  4800  4800 W PreparationCoordinator: Group inflation took too long for INSIGNIFICANT, releasing children early
07-20 16:22:39.611  4800  4800 D SubscreenNotificationListCoordinator: onAfterRenderList() isSubScreen = false, pluginLockMode = 0, doNotShowOnCover = false
07-20 16:22:39.611  4800  4800 I LockscreenNotificationIconsOnlyController: onNotificationInfoUpdated 3
07-20 16:22:39.616  4800  4800 I AODNotificationManager: updateNotification() 
07-20 16:22:39.618  4800  4800 E AbsSettings: refreshInner: refreshedSettingsDBItem key aod_content_type val = 0
07-20 16:22:39.618  4800  4800 I AODThemeSettingsHelper: getSingleThemeContentType = 0
07-20 16:22:39.619  4800  4800 D PluginAODManager: onNotificationInfoUpdated() 3
07-20 16:22:39.620  4800  4800 D PluginAODManager: onNotificationInfoUpdated() -1|android|62|null|1000
07-20 16:22:39.620  4800  4800 D PluginAODManager: onNotificationInfoUpdated() -1|android|27|null|1000
07-20 16:22:39.620  4800  4800 D PluginAODManager: onNotificationInfoUpdated() 0|com.samsung.wearable.watch7plugin|721|null|10406
07-20 16:22:39.620  4800  4800 I AODNotificationManager: updateVisibleNotifications: 3
07-20 16:22:39.628  4800  4800 D SecKeyguardClockRepositoryImpl: setClockSize SMALL
07-20 16:22:39.629  4800  4800 I SecKeyguardClockPositionAlgorithm: prepareClockContainerHeightChanging:
07-20 16:22:39.630  4800  4800 I FaceWidget_updatePosition: updatePosition: faceWidgetPosition = Point(0, 325)
07-20 16:22:39.631  4800  5157 D LocalImageResolver: Couldn't use ImageDecoder for drawable, falling back to non-resized load.
07-20 16:22:39.631  4800  4800 D FaceWidgetPagesController: refreshViews() reason = CLOCK_POSITION_CHANGED, force = false
07-20 16:22:39.631  4800  4800 I PluginFaceWidgetManager: isEditMode = false
07-20 16:22:39.632  4800  4800 I NowBarItemManager: getVisibleList isScreenTurnedOn = false / aodShowState false shouldControlScreenOff false isLockTypeNone false visibleList size = 0 / expandedItem null
07-20 16:22:39.632  4800  4800 D SecKeyguardClockRepositoryImpl: setClockSize SMALL
07-20 16:22:39.633  4800  4800 I SecKeyguardClockPositionAlgorithm: prepareClockContainerHeightChanging:
07-20 16:22:39.633  4800  4800 I FaceWidget_updatePosition: updatePosition: faceWidgetPosition = Point(0, 325)
07-20 16:22:39.633  4800  4800 D FaceWidgetPagesController: refreshViews() reason = CLOCK_POSITION_CHANGED, force = false
07-20 16:22:39.633  4800  5157 D LocalImageResolver: Couldn't use ImageDecoder for drawable, falling back to non-resized load.
07-20 16:22:39.634  4800  4800 I PluginFaceWidgetManager: isEditMode = false
07-20 16:22:39.634  4800  4800 I NowBarItemManager: getVisibleList isScreenTurnedOn = false / aodShowState false shouldControlScreenOff false isLockTypeNone false visibleList size = 0 / expandedItem null
07-20 16:22:39.640  4800  4800 D LocalImageResolver: Couldn't use ImageDecoder for drawable, falling back to non-resized load.
07-20 16:22:39.647  4800  4800 I FaceWidgetClockPage: updateClockRect: skip in screen off state
07-20 16:22:39.663  4800  4800 D ExpandableNotifRow: mMaxSmallHeight different before reInflateViews mMaxSmallHeight: 239 mTempSmallHeight:0 -1|com.android.systemui|2114586824|charging_state|10041
07-20 16:22:39.664  4800  4800 D ExpandableNotifRow: mMaxSmallHeight different before reInflateViews mMaxSmallHeight: 239 mTempSmallHeight:0 -1|com.android.systemui|2114586824|charging_state|10041
07-20 16:22:39.664  4800  4800 D ExpandableNotifRow: mMaxSmallHeight different before reInflateViews mMaxSmallHeight: 239 mTempSmallHeight:0 -1|com.android.systemui|2114586824|charging_state|10041
07-20 16:22:39.664  4800  4800 D ExpandableNotifRow: mMaxSmallHeight different before reInflateViews mMaxSmallHeight: 239 mTempSmallHeight:0 -1|com.android.systemui|2114586824|charging_state|10041
07-20 16:22:39.668  4800  4800 D S.S.N.  : entryViewBound parent :-1|com.android.systemui|2114586824|charging_state|10041
07-20 16:22:39.670  4800  4800 D LocalImageResolver: Couldn't use ImageDecoder for drawable, falling back to non-resized load.
07-20 16:22:39.675  4800  4800 W PreparationCoordinator: Group inflation took too long for INSIGNIFICANT, releasing children early
07-20 16:22:39.675  4800  4800 D SubscreenNotificationListCoordinator: onAfterRenderList() isSubScreen = false, pluginLockMode = 0, doNotShowOnCover = false
07-20 16:22:39.676  4800  4800 I LockscreenNotificationIconsOnlyController: onNotificationInfoUpdated 3
07-20 16:22:39.677  4800  4800 I AODNotificationManager: updateNotification() 
07-20 16:22:39.679  4800  4800 E AbsSettings: refreshInner: refreshedSettingsDBItem key aod_content_type val = 0
07-20 16:22:39.680  4800  4800 I AODThemeSettingsHelper: getSingleThemeContentType = 0
07-20 16:22:39.680  4800  4800 D PluginAODManager: onNotificationInfoUpdated() 3
07-20 16:22:39.680  4800  4800 D PluginAODManager: onNotificationInfoUpdated() -1|android|62|null|1000
07-20 16:22:39.680  4800  4800 D PluginAODManager: onNotificationInfoUpdated() -1|android|27|null|1000
07-20 16:22:39.680  4800  4800 D PluginAODManager: onNotificationInfoUpdated() 0|com.samsung.wearable.watch7plugin|721|null|10406
07-20 16:22:39.680  4800  4800 I AODNotificationManager: updateVisibleNotifications: 3
07-20 16:22:39.693  4800  4800 D SecKeyguardClockRepositoryImpl: setClockSize SMALL
07-20 16:22:39.694  4800  4800 I SecKeyguardClockPositionAlgorithm: prepareClockContainerHeightChanging:
07-20 16:22:39.695  4800  4800 I FaceWidget_updatePosition: updatePosition: faceWidgetPosition = Point(0, 325)
07-20 16:22:39.695  4800  4800 D FaceWidgetPagesController: refreshViews() reason = CLOCK_POSITION_CHANGED, force = false
07-20 16:22:39.696  4800  4800 I PluginFaceWidgetManager: isEditMode = false
07-20 16:22:39.696  4800  4800 I NowBarItemManager: getVisibleList isScreenTurnedOn = false / aodShowState false shouldControlScreenOff false isLockTypeNone false visibleList size = 0 / expandedItem null
07-20 16:22:39.696  4800  4800 D SecKeyguardClockRepositoryImpl: setClockSize SMALL
07-20 16:22:39.697  4800  4800 I SecKeyguardClockPositionAlgorithm: prepareClockContainerHeightChanging:
07-20 16:22:39.697  4800  4800 I FaceWidget_updatePosition: updatePosition: faceWidgetPosition = Point(0, 325)
07-20 16:22:39.698  4800  4800 D FaceWidgetPagesController: refreshViews() reason = CLOCK_POSITION_CHANGED, force = false
07-20 16:22:39.698  4800  4800 I PluginFaceWidgetManager: isEditMode = false
07-20 16:22:39.698  4800  4800 I NowBarItemManager: getVisibleList isScreenTurnedOn = false / aodShowState false shouldControlScreenOff false isLockTypeNone false visibleList size = 0 / expandedItem null
07-20 16:22:39.699  4800  4800 I FaceWidgetClockPage: updateClockRect: skip in screen off state
07-20 16:22:39.788  4800  4800 D InsignificantSummaryManager: Insignificant summary filtered out by other condition 1
07-20 16:22:40.012  3221  9650 D BSOHChargingDataCollector:  BSOH Sys-servce ... 
07-20 16:22:40.012  3221  9650 D BSOHChargingDataCollector: performBatteryWork++
07-20 16:22:40.012  3221  9650 D BSOHChargingDataCollector: performBatteryWork battery com.android.server.bsoh.device.PrimeBattery@57c2b24
07-20 16:22:40.013  3221  9650 D BSOHChargingDataCollector: primeBatt readVoltage from sysFsBattVolt,  path : /sys/class/power_supply/battery/batt_voltage_now
07-20 16:22:40.025  3221  9650 D BSOHChargingDataCollector: 0 	 BattData addData data : BattData { voltage:3.86, current:0.791406, soc:0.3, temperature:36.3, status:2, timestamp:1784578960025, voltage_chg:null}
07-20 16:22:40.026  3221  9650 D BSOHChargingDataCollector: performBatteryWork--
07-20 16:22:40.162  1926  2226 I SurfaceFlinger: [4630947093241269891] ExpiredDisplayPowerTimer: 1
07-20 16:22:40.173  4268  5130 D IpClient/wlan0: addressUpdated: 2601:c6:c07f:9ac0:ec53:40ff:feaa:ce6e/64 on ifindex 45 flags 0x00000100 scope 0
07-20 16:22:40.173  4268  5130 D IpClient/wlan0: addressUpdated: 2601:c6:c07f:9ac0:df32:ddbe:60f6:f63b/64 on ifindex 45 flags 0x00000001 scope 0
07-20 16:22:40.173  4268  5130 W AlarmManager: Unrecognized alarm listener com.android.networkstack.android.net.ip.IpClientLinkObserver$Dhcp6PdPreferredPrefixAlarmListener@74d426c
07-20 16:22:40.174  4268  5130 D ApfFilter: (wlan0): Adding RA fe80::82da:c2ff:fedc:dc5d -> ff02::1 180s 2601:c6:c07f:9ac0::/64 296998s/296998s DNS 180s 2001:558:feed::1 2001:558:feed::2 RIO 180s ::/0 
07-20 16:22:40.179 12610 12610 W libbinder.BackendUnifiedServiceManager: Thread Pool max thread count is 0. Cannot cache binder as linkToDeath cannot be implemented. serviceName: SurfaceFlingerAIDL
07-20 16:22:40.180 12610 12610 W libbinder.BpBinder: Linking to death on android.gui.ISurfaceComposer but there are no threads (yet?) listening to incoming transactions. See ProcessState::startThreadPool and ProcessState::setThreadPoolMaxThreadCount. Generally you should setup the binder threadpool before other initialization steps.
07-20 16:22:40.182 12610 12610 W libbinder.BackendUnifiedServiceManager: Thread Pool max thread count is 0. Cannot cache binder as linkToDeath cannot be implemented. serviceName: edmnativehelper
07-20 16:22:40.182  3221  4991 I EDMNativeHelperService: isScreenCaptureEnabled
07-20 16:22:40.183  3221  4991 D RestrictionPolicy: isScreenCaptureEnabled : ret=true userId=0
07-20 16:22:40.183 12610 12610 W libbinder.ProcessState: Extra binder thread started, but 0 threads requested. Do not use *startThreadPool when zero threads are requested.
07-20 16:22:40.184 12610 12610 I SurfaceComposerClient: captureDisplay:Display-4630947093241269891
07-20 16:22:40.188  1926  2024 I SurfaceFlinger: Capture layer list: 	 StatusBar$_4800#100(preserveDisplayColors:0)
07-20 16:22:40.189  1926  2024 I SurfaceFlinger: Capture layer list: 	 NotificationShade$_4800#2644(preserveDisplayColors:0)
07-20 16:22:40.190  1926  2064 D SurfaceFlinger: [SEC_SF_EFFECTS] drawLayersInternal,1337, Rendering layer ScreenCaptureFillLayer at index 0
07-20 16:22:40.190  1926  2064 D SurfaceFlinger: [SEC_SF_EFFECTS] drawLayersInternal,1337, Rendering layer StatusBar$_4800#100 at index 1
07-20 16:22:40.191  1926  2064 D SurfaceFlinger: [SEC_SF_EFFECTS] drawLayersInternal,1337, Rendering layer NotificationShade$_4800#2644 at index 2
07-20 16:22:40.197  1221  1221 D io_stats: !@   8,0 r 6001454 103394869 w 720345 12748864 d 51211 8864140 f 19627 71703 iot 1299816 0 th 0 0 0 pt 0 inp 0 1 9793.443
07-20 16:22:40.313 12610 12613 I AdrenoUtils: <ReadGpuID:407>: Reading chip ID through GSL
07-20 16:22:40.424  3221  3392 D MARsPolicyManager: triggerAction called!
07-20 16:22:40.424  3221  3392 I NSLocationMonitor: getGPSUsingApps() called
07-20 16:22:40.425  5492  5515 I NSLocationManager_FLP: getGPSUsingApps, No change
07-20 16:22:40.481  2379  3431 I bauth_FPBAuthService: pcf : 0x1012, 0 ,1 ,0 ,1 ,0 ,0, 16.0.0.0
07-20 16:22:40.481  2379  3431 I bauth_FPBAuthService: thread id : 1, preenroll_flag : 0, nd cnt : 0, cso : 0, et : 0
07-20 16:22:40.481  2379  3431 I bauth_FPBAuthService: FPBAuthService::timerHandler complete
07-20 16:22:40.657 10737 10737 I adbd    : adbd service requested 'shell,v2,TERM=dumb:export ANDROID_LOG_TAGS=''; exec logcat '-d' '-t' '1000''
