07-20 16:22:29.799 12566 12566 D BatteryWidget/ArcContent: MainContent(AppWidgetId(appWidgetId=251)): DeviceInfo{mID='XX:XX:XX:XX:00:00', mDeviceName='Srinivas's S23 Ultra', mDeviceType =0, mBatteryLevel=30, mIsCharging=true, mOrder=1, mIsDimChart=false, mParingTime =1759423130184}
07-20 16:22:29.799 12566 12566 D BatteryWidget/WidgetUtils: isNightMode : true
07-20 16:22:29.799 12566 12566 D BatteryWidget/ArcContent: MainContent(AppWidgetId(appWidgetId=251)): DeviceInfo{mID='', mDeviceName='null', mDeviceType =0, mBatteryLevel=0, mIsCharging=false, mOrder=2147483647, mIsDimChart=true, mParingTime =0}
07-20 16:22:29.799 12566 12566 D BatteryWidget/WidgetUtils: isNightMode : true
07-20 16:22:29.799 12566 12566 D BatteryWidget/ArcContent: MainContent(AppWidgetId(appWidgetId=251)): DeviceInfo{mID='', mDeviceName='null', mDeviceType =0, mBatteryLevel=0, mIsCharging=false, mOrder=2147483647, mIsDimChart=true, mParingTime =0}
07-20 16:22:29.818 12566 12566 I HWUI    : Using FreeType backend (prop=Auto)
07-20 16:22:29.839 12566 12566 I GWT:TemplateAppWidget: [intelligence] provideGlance AppWidgetId(appWidgetId=251) elapsed : 89 ms
07-20 16:22:29.843 12566 12566 D GWT:SessionWorker: [intelligence] UI tree updated (appWidget-251)
07-20 16:22:29.844 12566 12566 I GWT:AppWidgetSession: [intelligence] processEmittableTree / AppWidgetId(appWidgetId=251) / DefaultDispatcher-worker-1
07-20 16:22:29.844 12566 12566 I GWT:GlanceStateDefinition: [intelligence] getDataStore: appWidgetLayout-251, file exist: false, PreferenceStateDefinition type: false
07-20 16:22:29.854  3221  7220 I AppWidgetServiceImpl: getAppWidgetInfo() 251, from 0
07-20 16:22:29.886 12566 12566 I GWT:AppWidgetSession: [intelligence] UpdateAppWidget / 251, android.widget.RemoteViews@6f13c72 / lastViewId : 35
07-20 16:22:29.886 12566 12566 I AppWidgetManager: updateAppWidget() appWidgetIds = [251]
07-20 16:22:29.891  3221  7220 I AppWidgetServiceImpl: Null RemoteViews on updateAppWidgetIds
07-20 16:22:29.895 12566 12566 D GWT:GlanceStateDefinition: [intelligence] updateValue androidx.glance.appwidget.LayoutStateDefinition@74da8c3 appWidgetLayout-251
07-20 16:22:29.895 12566 12566 I GWT:GlanceStateDefinition: [intelligence] getDataStore: appWidgetLayout-251, file exist: true, PreferenceStateDefinition type: false
07-20 16:22:29.896  3221  3997 D AppWidgetServiceImpl: handleNotifyUpdateAppWidget, appWidgetId = 251
07-20 16:22:29.896  3221  3997 D AppWidgetServiceImpl: Trying to notify widget update for package com.android.settings.intelligence with widget id: 251
07-20 16:22:29.898 12566 12566 I GWT:GlanceSession: [intelligence] receiveEvents : capacity=2147483647,data=[]
07-20 16:22:29.899  4800  4800 I AppWidgetHost: updateAppWidgetView, appWidgetId = 251, v = aod.rx{9b8f409 V.E...... R.....ID 26,26-490,232}
07-20 16:22:29.899  4800  4800 D GWT:HostView: [aodservice] updateAppWidget: rv=android.widget.RemoteViews@f8b7b32, width=464 height=206 -1 AppWidgetProviderInfo(UserHandle{0}/ComponentInfo{com.android.settings.intelligence/com.samsung.android.settings.intelligence.widget.GridTypeBatteryWidget})
07-20 16:22:29.904  4800  4800 D GWT:HostView: [aodservice] onApplyContent: content=android.widget.FrameLayout{707af68 V.E...... ......I. 0,0-0,0 #7f09028f app:id/rootView} callers=aod.d1.onClick:365 android.appwidget.AppWidgetHostView.applyContent:779 android.appwidget.AppWidgetHostView.applyRemoteViews:732 android.appwidget.AppWidgetHostView.updateAppWidget:629 aod.e20.updateAppWidget:182 aod.rx.updateAppWidget:0 android.appwidget.AppWidgetHost.updateAppWidgetView:743 
07-20 16:22:29.905  4800  4800 D GWT:HostView: [aodservice] setBackgroundView: isShapeAllowed=true
07-20 16:22:29.905  4800  4800 I GWT:HostView: [aodservice] Corner radius is not changed / null null
07-20 16:22:29.905  4800  4800 D GWT:HostView: [aodservice] hasTransBg: d=android.graphics.drawable.ColorDrawable@cff01df alpha=0
07-20 16:22:29.905  4800  4800 D GWT:HostView: [aodservice] appWidgetId-251 getBackgroundOpacity ColorDrawable
07-20 16:22:29.905  4800  4800 I GWT:HostView: [aodservice] [host-2.0.9] setBackgroundView: changed=false opacity=0 l=null
07-20 16:22:29.905  4800  4800 I GWT:ViewColorApplier: [aodservice] traverse view=aod.rx{9b8f409 V.E...... R.....ID 26,26-490,232} baseWidgetColor=13158604 updateColor=true showShadow=false
07-20 16:22:29.905  4800  4800 I ComplicationWidgetHostView:  updateAppWidget (163116041)prev: android.widget.RemoteViews@ea115c1 , current: android.widget.RemoteViews@f8b7b32 , default: null
07-20 16:22:29.998  3221  9650 D BSOHChargingDataCollector:  BSOH Sys-servce ... 
07-20 16:22:29.998  3221  9650 D BSOHChargingDataCollector: performBatteryWork++
07-20 16:22:29.998  3221  9650 D BSOHChargingDataCollector: performBatteryWork battery com.android.server.bsoh.device.PrimeBattery@57c2b24
07-20 16:22:30.000  3221  9650 D BSOHChargingDataCollector: primeBatt readVoltage from sysFsBattVolt,  path : /sys/class/power_supply/battery/batt_voltage_now
07-20 16:22:30.011  3221  9650 D BSOHChargingDataCollector: 0 	 BattData addData data : BattData { voltage:3.86, current:0.848437, soc:0.3, temperature:36.4, status:2, timestamp:1784578950011, voltage_chg:null}
07-20 16:22:30.011  3221  9650 D BSOHChargingDataCollector: performBatteryWork--
07-20 16:22:30.046  1926  2226 I SurfaceFlinger: [4630947093241269891] ExpiredDisplayPowerTimer: 1
07-20 16:22:30.190  1221  1221 D io_stats: !@   8,0 r 5999713 103351561 w 719921 12717588 d 51202 8863884 f 19622 71680 iot 1298396 0 th 0 0 0 pt 0 inp 0 0 9783.435
07-20 16:22:30.190  1221  1221 D io_stats: !@ Read_top(KB): ch_zygote(12566) 9840 ndroid.settings(29224) 944 gestions:search(25529) 772
07-20 16:22:30.191  1221  1221 D io_stats: !@ Write_top(KB): system_server(3221) 272 f2fs_ckpt-254:6(1423) 68 ch_zygote(12566) 64
07-20 16:22:30.379  3221  3392 D MARsPolicyManager: triggerAction called!
07-20 16:22:30.379  3221  3392 I NSLocationMonitor: getGPSUsingApps() called
07-20 16:22:30.379  5492  5515 I NSLocationManager_FLP: getGPSUsingApps, No change
07-20 16:22:30.389  3221  3392 W Binder  : Outgoing transactions from this process must be FLAG_ONEWAY
07-20 16:22:30.389  3221  3392 W Binder  : java.lang.Throwable
07-20 16:22:30.389  3221  3392 W Binder  : 	at android.os.BinderProxy.transact(BinderProxy.java:575)
07-20 16:22:30.389  3221  3392 W Binder  : 	at android.bluetooth.IBluetoothGatt$Stub$Proxy.getAdvertisingSetUids(IBluetoothGatt.java:992)
07-20 16:22:30.389  3221  3392 W Binder  : 	at android.bluetooth.BluetoothAdapter.getAdvertisingSetUids(BluetoothAdapter.java:1995)
07-20 16:22:30.389  3221  3392 W Binder  : 	at android.bluetooth.BluetoothAdapter.getHWUsingApps(BluetoothAdapter.java:2266)
07-20 16:22:30.389  3221  3392 W Binder  : 	at com.android.server.am.mars.filter.filter.BlueToothConnectedFilter.updateBTUsingPackages(qb/110842744 dd5cbdf62120b6b22f0d65ddbeb6268f3e039baa5d24047f68eea34e1a8ea8ac:22)
07-20 16:22:30.389  3221  3392 W Binder  : 	at com.android.server.am.MARsPolicyManager.triggerAction(qb/110842744 dd5cbdf62120b6b22f0d65ddbeb6268f3e039baa5d24047f68eea34e1a8ea8ac:96)
07-20 16:22:30.389  3221  3392 W Binder  : 	at com.android.server.am.MARsHandler$MainHandler.handleMessage(qb/110842744 dd5cbdf62120b6b22f0d65ddbeb6268f3e039baa5d24047f68eea34e1a8ea8ac:2023)
07-20 16:22:30.389  3221  3392 W Binder  : 	at android.os.Handler.dispatchMessage(Handler.java:132)
07-20 16:22:30.389  3221  3392 W Binder  : 	at android.os.Looper.dispatchMessage(Looper.java:358)
07-20 16:22:30.389  3221  3392 W Binder  : 	at android.os.Looper.loopOnce(Looper.java:288)
07-20 16:22:30.389  3221  3392 W Binder  : 	at android.os.Looper.loop(Looper.java:392)
07-20 16:22:30.389  3221  3392 W Binder  : 	at com.android.server.am.MARsHandler$MainThread.run(qb/110842744 dd5cbdf62120b6b22f0d65ddbeb6268f3e039baa5d24047f68eea34e1a8ea8ac:27)
07-20 16:22:30.471  2379  3431 I bauth_FPBAuthService: pcf : 0x1012, 0 ,1 ,0 ,1 ,0 ,0, 16.0.0.0
07-20 16:22:30.471  2379  3431 I bauth_FPBAuthService: thread id : 1, preenroll_flag : 0, nd cnt : 0, cso : 0, et : 0
07-20 16:22:30.472  2379  3431 I bauth_FPBAuthService: FPBAuthService::timerHandler complete
07-20 16:22:30.781  3221  3791 D ActivityManager: Received BROADCAST intent 0x2169d25 Key{broadcastIntent pkg=com.google.android.gms/com.google.android.gms.wearable intent=act=com.google.android.gms.wearable.node.bluetooth.RETRY_CONNECTION dat=content://E4:92:82:34:63:FC/... xflg=0x4 pkg=com.google.android.gms flags=0x4000000 u=0} requestCode=1 sent=0 from uid 1000
07-20 16:22:30.806  4552  9047 I WearableConn: Connecting to "Galaxy Watch7 (QJZD)"
07-20 16:22:30.817  4552  9047 I BluetoothSocket: connect() for device XX:XX:XX:XX:63:FC called by pid: 4552
07-20 16:22:30.822  4828  6378 I BluetoothSocketManagerBinder: connectSocket: device=XX:XX:XX:XX:63:FC, type=1, uuid=5e8945b0-9525-11e3-a5e2-0800200c9a66, port=-1, from uid/pid=10237/4552
07-20 16:22:30.824  4828  6378 I bt_btif_sock: system/btif/src/btif_sock.cc:231 btsock_connect: Attempting socket connection for device: xx:xx:xx:xx:63:fc, type: 1, channel: -1, app_uid: 10237, data_path: 0, hub_id: 0, endpoint_id: 0, max_rx_packet_size: 0
07-20 16:22:30.825  4828  6378 I bt_btif_sock_rfcomm: system/btif/src/btif_sock_rfc.cc:487 btsock_rfc_connect: service_uuid:5e8945b0-9525-11e3-a5e2-0800200c9a66, bd_addr:xx:xx:xx:xx:63:fc, slot_id:49
07-20 16:22:30.828  4552  9047 I BluetoothSocket: connect(), SocketState: INIT, mPfd: {ParcelFileDescriptor: java.io.FileDescriptor@356f76c}
07-20 16:22:30.830  4828  5137 W l2c_link: system/stack/l2cap/l2c_link.cc:683 l2c_link_adjust_allocation: link_xmit_data_q is null
07-20 16:22:30.834  4828  5143 W btm_acl : system/stack/acl/btm_acl.cc:1706 BTM_ReadRemoteVersion: Unable to find active acl
07-20 16:22:30.834  4828  5137 I bluetooth: system/bta/jv/bta_jv_act.cc:911 bta_jv_start_discovery: Started service discovery bd_addr:xx:xx:xx:xx:63:fc num_uuid:1 slot_id:49
07-20 16:22:30.840  4828  5143 W bluetooth: system/gd/hci/acl_manager/acl_scheduler.cc:282 try_dequeue_next_operation: Pending connections is not empty; so sending next connection
07-20 16:22:30.840  4828  5143 W bluetooth: system/gd/hci/acl_manager/classic_impl.h:346 actually_create_connection: xx:xx:xx:xx:63:fc EnqueueCommand (classic_link)
07-20 16:22:30.842  1784  1784 D vendor.qti.bluetooth@1.1-ibs_handler: SerialClockVote: vote for UART CLK ON
07-20 16:22:30.843  1784  1784 D vendor.qti.bluetooth@1.1-wake_lock: Acquire wakelock is acquired 
07-20 16:22:30.843  1784  1784 I vendor.qti.bluetooth@1.1-ibs_handler: DeviceWakeUp: Writing IBS_WAKE_IND
07-20 16:22:30.848  1784  5346 I vendor.qti.bluetooth@1.1-ibs_handler: ProcessIbsCmd: Received IBS_WAKE_ACK: 0xFC
07-20 16:22:30.848  1784  5346 I vendor.qti.bluetooth@1.1-ibs_handler: ProcessIbsCmd: Signal wack_cond_
07-20 16:22:30.848  1784  1784 D vendor.qti.bluetooth@1.1-ibs_handler: DeviceWakeUp: Unblocked from waiting for FC, pthread_cond_timedwait ret = 0
07-20 16:22:30.849  1784  5346 I vendor.qti.bluetooth@1.1-ibs_handler: ProcessIbsCmd: Received IBS_WAKE_IND: 0xFD
07-20 16:22:30.849  1784  5346 I vendor.qti.bluetooth@1.1-ibs_handler: ProcessIbsCmd: Writing IBS_WAKE_ACK
07-20 16:22:30.900  1784  5346 I vendor.qti.bluetooth@1.1-ibs_handler: ProcessIbsCmd: Received IBS_SLEEP_IND: 0xFE
07-20 16:22:31.000  3221  9650 D BSOHChargingDataCollector:  BSOH Sys-servce ... 
07-20 16:22:31.000  3221  9650 D BSOHChargingDataCollector: performBatteryWork++
07-20 16:22:31.000  3221  9650 D BSOHChargingDataCollector: performBatteryWork battery com.android.server.bsoh.device.PrimeBattery@57c2b24
07-20 16:22:31.000  3221  9650 D BSOHChargingDataCollector: primeBatt readVoltage from sysFsBattVolt,  path : /sys/class/power_supply/battery/batt_voltage_now
07-20 16:22:31.014  3221  9650 D BSOHChargingDataCollector: 0 	 BattData addData data : BattData { voltage:3.871, current:1.067187, soc:0.3, temperature:36.4, status:2, timestamp:1784578951014, voltage_chg:null}
07-20 16:22:31.014  3221  9650 D BSOHChargingDataCollector: performBatteryWork--
07-20 16:22:31.162  4268  5130 D IpClient/wlan0: addressUpdated: 2601:c6:c07f:9ac0:ec53:40ff:feaa:ce6e/64 on ifindex 45 flags 0x00000100 scope 0
07-20 16:22:31.162  4268  5130 D IpClient/wlan0: addressUpdated: 2601:c6:c07f:9ac0:df32:ddbe:60f6:f63b/64 on ifindex 45 flags 0x00000001 scope 0
07-20 16:22:31.162  4268  5130 W AlarmManager: Unrecognized alarm listener com.android.networkstack.android.net.ip.IpClientLinkObserver$Dhcp6PdPreferredPrefixAlarmListener@74d426c
07-20 16:22:31.163  4268  5130 D ApfFilter: (wlan0): Ignoring RA RA fe80::82da:c2ff:fedc:dc5d -> ff02::1 180s 2601:c6:c07f:9ac0::/64 296998s/296998s DNS 180s 2001:558:feed::1 2001:558:feed::2 RIO 180s ::/0  which matches RA fe80::82da:c2ff:fedc:dc5d -> ff02::1 180s 2601:c6:c07f:9ac0::/64 296998s/296998s DNS 180s 2001:558:feed::1 2001:558:feed::2 RIO 180s ::/0 
07-20 16:22:31.428  3221  4016 D BackgroundInstallControlService: Package event received: 0
07-20 16:22:31.432  7111 11515 I FASProvider: makeValuesForFasUpdate contentValues = package_name=com.samsung.SMT.lang_en_us_g02 uid=10455 level=1 resetTime=1784578951427
07-20 16:22:31.473  2379  3431 I bauth_FPBAuthService: pcf : 0x1012, 0 ,1 ,0 ,1 ,0 ,0, 16.0.0.0
07-20 16:22:31.473  2379  3431 I bauth_FPBAuthService: thread id : 1, preenroll_flag : 0, nd cnt : 0, cso : 0, et : 0
07-20 16:22:31.473  2379  3431 I bauth_FPBAuthService: FPBAuthService::timerHandler complete
07-20 16:22:31.800  4552 12568 E WakeLock: WearableBluetooth ** IS FORCE-RELEASED ON TIMEOUT ** [CONTEXT service_id=259 ]
07-20 16:22:31.814  1850 29608 I QC2Comp : [av1D_57] Stats: Pending(11) i/p-done(7) Works: Q: 183/Done 173|Work-Rate: Q(0.0/s Avg=0.2/s) Done(0.000/s Avg=0.159/s)| Stream: 24.00fps 1.0Mbps
07-20 16:22:31.815  1850 29608 I QC2Comp : [av1D_57] Mem-usage:  [In-1D: 5 bufs 40.000 MB] [1D-49: 19 bufs 0.297 MB] [2D-50: 23 bufs 56.602 MB] | Total: 96.898 MB
07-20 16:22:31.848  1784  5363 I vendor.qti.bluetooth@1.1-ibs_handler: DeviceSleep: TX Awake, Sending SLEEP_IND
07-20 16:22:31.849  1784  5363 D vendor.qti.bluetooth@1.1-ibs_handler: SerialClockVote: vote for UART CLK OFF
07-20 16:22:31.872  2254  2282 I shsusrd : shsusr_check_cpu_usage(): Output of /proc/2254/stat/ : 2254 (shsusrd0) S 1 2254 0 0 -1 1077936384 3427 0 1330 0 60 340 0 0 20 0 11 0 791 2517532672 658 18446744073709551615 414572621824 414572880280 549241283504 0 0 0 0 0 1073794810 0 0 0 17 4 0 0 0 0 0 414572903360 414572904296 415567335424 549241284621 549241284664 549241284664 549241290717 0
07-20 16:22:31.872  2254  2282 I shsusrd : 
07-20 16:22:31.873  2254  2282 I shsusrd : shsusr_check_cpu_usage(): utime 60 stime 340 cpu_time_last 400
07-20 16:22:31.873  2254  2282 I shsusrd : shsusr_check_cpu_usage(): user time = 60 | system time = 340 | total = 400 | cpu_time_delta = 0, clk_tck 100
07-20 16:22:31.873  2254  2282 I shsusrd : shsusr_check_cpu_usage(): time_cur 1784578951 time_last 1784578941
07-20 16:22:31.873  2254  2282 I shsusrd : shsusr_check_cpu_usage(): shsusrd is using 0 pct of CPU - time_delta 10
07-20 16:22:31.873  2254  2282 I shsusrd : shsusr_check_cpu_usage(): shsusrd usage 0
07-20 16:22:31.873  2254  2282 I shsusrd : shsusr_check_cpu_usage_combined(): time_delta for combined : 10 time_cur 1784578951 time_last_combined 1784578941
07-20 16:22:31.873  2254  2282 I shsusrd : shsusr_check_cpu_usage_combined(): Output of /proc/2254/task/2254/stat: 2254 (shsusrd0) S 1 2254 0 0 -1 1077936384 1194 0 10 0 1 1 0 0 20 0 11 0 791 2517532672 658 18446744073709551615 414572621824 414572880280 549241283504 0 0 0 0 0 1073794810 1 0 0 17 4 0 0 0 0 0 414572903360 414572904296 415567335424 549241284621 549241284664 549241284664 549241290717 0
07-20 16:22:31.873  2254  2282 I shsusrd : 
07-20 16:22:31.873  2254  2282 I shsusrd : shsusr_check_cpu_usage_combined(): tid 2254 utime 1 stime 1 time_delta 10 clk_tck 100, usage 0
07-20 16:22:31.874  2254  2282 I shsusrd : shsusr_check_cpu_usage_combined(): Output of /proc/2254/task/2277/stat: 2277 (shsusrd12) S 1 2254 0 0 -1 4194368 1666 0 465 0 1 32 0 0 20 0 11 0 797 2517532672 658 18446744073709551615 414572621824 414572880280 549241283504 0 0 0 0 0 1073794810 1 0 0 -1 2 0 0 0 0 0 414572903360 414572904296 415567335424 549241284621 549241284664 549241284664 549241290717 0
07-20 16:22:31.874  2254  2282 I shsusrd : 
07-20 16:22:31.875  2254  2282 I shsusrd : shsusr_check_cpu_usage_combined(): tid 2277 utime 1 stime 32 time_delta 10 clk_tck 100, usage 0
07-20 16:22:31.875  2254  2282 I shsusrd : shsusr_check_cpu_usage_combined(): Output of /proc/2254/task/2280/stat: 2280 (shsusrd2) S 1 2254 0 0 -1 4194368 164 0 0 0 0 14 0 0 20 0 11 0 797 2517532672 658 18446744073709551615 414572621824 414572880280 549241283504 0 0 0 0 0 1073794810 1 0 0 -1 1 0 0 0 0 0 414572903360 414572904296 415567335424 549241284621 549241284664 549241284664 549241290717 0
07-20 16:22:31.875  2254  2282 I shsusrd : 
07-20 16:22:31.875  2254  2282 I shsusrd : shsusr_check_cpu_usage_combined(): tid 2280 utime 0 stime 14 time_delta 10 clk_tck 100, usage 0
07-20 16:22:31.875  2254  2282 I shsusrd : shsusr_check_cpu_usage_combined(): Output of /proc/2254/task/2281/stat: 2281 (shsusrd13) S 1 2254 0 0 -1 1077936192 9 0 40 0 0 0 0 0 20 0 11 0 797 2517532672 658 18446744073709551615 414572621824 414572880280 549241283504 0 0 0 0 0 1073794810 1 0 0 -1 2 0 0 0 0 0 414572903360 414572904296 415567335424 549241284621 549241284664 549241284664 549241290717 0
07-20 16:22:31.875  2254  2282 I shsusrd : 
07-20 16:22:31.875  2254  2282 I shsusrd : shsusr_check_cpu_usage_combined(): tid 2281 utime 0 stime 0 time_delta 10 clk_tck 100, usage 0
07-20 16:22:31.875  2254  2282 I shsusrd : shsusr_check_cpu_usage_combined(): Output of /proc/2254/task/2282/stat: 2282 (shsusrd42) R 1 2254 0 0 -1 4194368 216 0 649 0 55 225 0 0 20 0 11 0 797 2517532672 658 18446744073709551615 414572621824 414572880280 549241283504 0 0 0 0 0 1073794810 0 0 0 -1 2 0 0 0 0 0 414572903360 414572904296 415567335424 549241284621 549241284664 549241284664 549241290717 0
07-20 16:22:31.875  2254  2282 I shsusrd : 
07-20 16:22:31.875  2254  2282 I shsusrd : shsusr_check_cpu_usage_combined(): tid 2282 utime 55 stime 225 time_delta 10 clk_tck 100, usage 0
07-20 16:22:31.875  2254  2282 I shsusrd : shsusr_check_cpu_usage_combined(): Output of /proc/2254/task/2283/stat: 2283 (shsusrd4) S 1 2254 0 0 -1 4194368 0 0 0 0 0 12 0 0 20 0 11 0 797 2517532672 658 18446744073709551615 414572621824 414572880280 549241283504 0 0 0 0 0 1073794810 1 0 0 -1 2 0 0 0 0 0 414572903360 414572904296 415567335424 549241284621 549241284664 549241284664 549241290717 0
07-20 16:22:31.875  2254  2282 I shsusrd : 
07-20 16:22:31.875  2254  2282 I shsusrd : shsusr_check_cpu_usage_combined(): tid 2283 utime 0 stime 12 time_delta 10 clk_tck 100, usage 0
07-20 16:22:31.875  2254  2282 I shsusrd : shsusr_check_cpu_usage_combined(): Output of /proc/2254/task/2284/stat: 2284 (shsusrd14) S 1 2254 0 0 -1 4194368 33 0 24 0 0 15 0 0 20 0 11 0 797 2517532672 658 18446744073709551615 414572621824 414572880280 549241283504 0 0 0 0 0 1073794810 1 0 0 -1 1 0 0 0 0 0 414572903360 414572904296 415567335424 549241284621 549241284664 549241284664 549241290717 0
07-20 16:22:31.875  2254  2282 I shsusrd : 
07-20 16:22:31.875  2254  2282 I shsusrd : shsusr_check_cpu_usage_combined(): tid 2284 utime 0 stime 15 time_delta 10 clk_tck 100, usage 0
07-20 16:22:31.876  2254  2282 I shsusrd : shsusr_check_cpu_usage_combined(): Output of /proc/2254/task/5367/stat: 5367 (shsusrd14) S 1 2254 0 0 -1 4194368 0 0 7 0 0 13 0 0 20 0 11 0 2242 2517532672 658 18446744073709551615 414572621824 414572880280 549241283504 0 0 0 0 0 1073794810 1 0 0 -1 1 0 0 0 0 0 414572903360 414572904296 415567335424 549241284621 549241284664 549241284664 549241290717 0
07-20 16:22:31.876  2254  2282 I shsusrd : 
07-20 16:22:31.876  2254  2282 I shsusrd : shsusr_check_cpu_usage_combined(): tid 5367 utime 0 stime 13 time_delta 10 clk_tck 100, usage 0
07-20 16:22:31.876  2254  2282 I shsusrd : shsusr_check_cpu_usage_combined(): Output of /proc/2254/task/5369/stat: 5369 (shsusrd7) S 1 2254 0 0 -1 4194368 5 0 7 0 0 13 0 0 20 0 11 0 2242 2517532672 658 18446744073709551615 414572621824 414572880280 549241283504 0 0 0 0 0 1073794810 1 0 0 -1 1 0 0 0 0 0 414572903360 414572904296 415567335424 549241284621 549241284664 549241284664 549241290717 0
07-20 16:22:31.876  2254  2282 I shsusrd : 
07-20 16:22:31.876  2254  2282 I shsusrd : shsusr_check_cpu_usage_combined(): tid 5369 utime 0 stime 13 time_delta 10 clk_tck 100, usage 0
07-20 16:22:31.876  2254  2282 I shsusrd : shsusr_check_cpu_usage_combined(): Output of /proc/2254/task/5372/stat: 5372 (shsusrd5) S 1 2254 0 0 -1 4194368 2 0 7 0 0 12 0 0 20 0 11 0 2242 2517532672 658 18446744073709551615 414572621824 414572880280 549241283504 0 0 0 0 0 1073794810 1 0 0 -1 1 0 0 0 0 0 414572903360 414572904296 415567335424 549241284621 549241284664 549241284664 549241290717 0
07-20 16:22:31.876  2254  2282 I shsusrd : 
07-20 16:22:31.876  2254  2282 I shsusrd : shsusr_check_cpu_usage_combined(): tid 5372 utime 0 stime 12 time_delta 10 clk_tck 100, usage 0
07-20 16:22:31.876  2254  2282 I shsusrd : shsusr_check_cpu_usage_combined(): Output of /proc/2254/task/5645/stat: 5645 (HwBinder:2254_1) S 1 2254 0 0 -1 1077936192 4 0 0 0 0 0 0 0 20 0 11 0 2337 2517532672 658 18446744073709551615 414572621824 414572880280 549241283504 0 0 0 0 0 1073794810 1 0 0 -1 5 0 0 0 0 0 414572903360 414572904296 415567335424 549241284621 549241284664 549241284664 549241290717 0
07-20 16:22:31.876  2254  2282 I shsusrd : 
07-20 16:22:31.876  2254  2282 I shsusrd : shsusr_check_cpu_usage_combined(): tid 5645 utime 0 stime 0 time_delta 10 clk_tck 100, usage 0
07-20 16:22:31.877  2254  2282 I shsusrd : shsusr_check_cpu_usage_combined(): Combined CPU usage: total_utime 57 total_stime 337 total_cpu_time_seconds 0.00, clk_tck 100
07-20 16:22:31.877  2254  2282 I shsusrd : shsusr_check_cpu_usage_combined(): Combined shsusrd usage 0
07-20 16:22:31.877  2254  2282 I shsusrd : shsusr_check_cpu_usage_combined(): Combined shsusrd usage FINAL 0
07-20 16:22:32.000  1784  5160 D vendor.qti.bluetooth@1.1-wake_lock: Release wakelock is released 
07-20 16:22:32.001  3221  9650 D BSOHChargingDataCollector:  BSOH Sys-servce ... 
07-20 16:22:32.001  3221  9650 D BSOHChargingDataCollector: performBatteryWork++
07-20 16:22:32.002  3221  9650 D BSOHChargingDataCollector: performBatteryWork battery com.android.server.bsoh.device.PrimeBattery@57c2b24
07-20 16:22:32.003  3221  9650 D BSOHChargingDataCollector: primeBatt readVoltage from sysFsBattVolt,  path : /sys/class/power_supply/battery/batt_voltage_now
07-20 16:22:32.015  3221  9650 D BSOHChargingDataCollector: 0 	 BattData addData data : BattData { voltage:3.87, current:1.044531, soc:0.3, temperature:36.3, status:2, timestamp:1784578952015, voltage_chg:null}
07-20 16:22:32.015  3221  9650 D BSOHChargingDataCollector: performBatteryWork--
07-20 16:22:32.015  4800  4800 D KeyguardSecIndicationPolicy:  remove Item pos = DEFAULT                             , id =   202, 
07-20 16:22:32.016  4800  4800 D KeyguardSecIndicationController: onIndicationChanged() return - keyguard is not visible, skip ownerInfo
07-20 16:22:32.192  1221  1221 D io_stats: !@   8,0 r 5999943 103354665 w 719921 12717588 d 51210 8864120 f 19622 71680 iot 1298540 0 th 0 0 0 pt 0 inp 0 0 9785.437
07-20 16:22:32.447  3221  4016 D BackgroundInstallControlService: Package event received: 0
07-20 16:22:32.474  2379  3431 I bauth_FPBAuthService: pcf : 0x1012, 0 ,1 ,0 ,1 ,0 ,0, 16.0.0.0
07-20 16:22:32.474  2379  3431 I bauth_FPBAuthService: thread id : 1, preenroll_flag : 0, nd cnt : 0, cso : 0, et : 0
07-20 16:22:32.474  2379  3431 I bauth_FPBAuthService: FPBAuthService::timerHandler complete
07-20 16:22:33.002  3221  9650 D BSOHChargingDataCollector:  BSOH Sys-servce ... 
07-20 16:22:33.002  3221  9650 D BSOHChargingDataCollector: performBatteryWork++
07-20 16:22:33.003  3221  9650 D BSOHChargingDataCollector: performBatteryWork battery com.android.server.bsoh.device.PrimeBattery@57c2b24
07-20 16:22:33.003  3221  9650 D BSOHChargingDataCollector: primeBatt readVoltage from sysFsBattVolt,  path : /sys/class/power_supply/battery/batt_voltage_now
07-20 16:22:33.015  3221  9650 D BSOHChargingDataCollector: 0 	 BattData addData data : BattData { voltage:3.872, current:1.021875, soc:0.3, temperature:36.3, status:2, timestamp:1784578953015, voltage_chg:null}
07-20 16:22:33.015  3221  9650 D BSOHChargingDataCollector: performBatteryWork--
07-20 16:22:33.417  2262  2262 I CNSS    : cnss_open_log_file: directory /data/vendor/log/wifi/ created
07-20 16:22:33.475  2379  3431 I bauth_FPBAuthService: pcf : 0x1012, 0 ,1 ,0 ,1 ,0 ,0, 16.0.0.0
07-20 16:22:33.475  2379  3431 I bauth_FPBAuthService: thread id : 1, preenroll_flag : 0, nd cnt : 0, cso : 0, et : 0
07-20 16:22:33.475  2379  3431 I bauth_FPBAuthService: FPBAuthService::timerHandler complete
07-20 16:22:34.004  3221  9650 D BSOHChargingDataCollector:  BSOH Sys-servce ... 
07-20 16:22:34.004  3221  9650 D BSOHChargingDataCollector: performBatteryWork++
07-20 16:22:34.004  3221  9650 D BSOHChargingDataCollector: performBatteryWork battery com.android.server.bsoh.device.PrimeBattery@57c2b24
07-20 16:22:34.004  3221  9650 D BSOHChargingDataCollector: primeBatt readVoltage from sysFsBattVolt,  path : /sys/class/power_supply/battery/batt_voltage_now
07-20 16:22:34.017  3221  9650 D BSOHChargingDataCollector: 0 	 BattData addData data : BattData { voltage:3.872, current:1.000781, soc:0.3, temperature:36.3, status:2, timestamp:1784578954017, voltage_chg:null}
07-20 16:22:34.017  3221  9650 D BSOHChargingDataCollector: performBatteryWork--
07-20 16:22:34.128  4268  5130 D IpClient/wlan0: addressUpdated: 2601:c6:c07f:9ac0:ec53:40ff:feaa:ce6e/64 on ifindex 45 flags 0x00000100 scope 0
07-20 16:22:34.128  4268  5130 D IpClient/wlan0: addressUpdated: 2601:c6:c07f:9ac0:df32:ddbe:60f6:f63b/64 on ifindex 45 flags 0x00000001 scope 0
07-20 16:22:34.129  4268  5130 W AlarmManager: Unrecognized alarm listener com.android.networkstack.android.net.ip.IpClientLinkObserver$Dhcp6PdPreferredPrefixAlarmListener@74d426c
07-20 16:22:34.133  4268  5130 D ApfFilter: (wlan0): Ignoring RA RA fe80::82da:c2ff:fedc:dc5d -> ff02::1 180s 2601:c6:c07f:9ac0::/64 296998s/296998s DNS 180s 2001:558:feed::1 2001:558:feed::2 RIO 180s ::/0  which matches RA fe80::82da:c2ff:fedc:dc5d -> ff02::1 180s 2601:c6:c07f:9ac0::/64 296998s/296998s DNS 180s 2001:558:feed::1 2001:558:feed::2 RIO 180s ::/0 
07-20 16:22:34.193  1221  1221 D io_stats: !@   8,0 r 5999980 103355057 w 719921 12717588 d 51210 8864120 f 19622 71680 iot 1298616 0 th 0 0 0 pt 0 inp 0 0 9787.438
07-20 16:22:34.193  1221  1221 D io_stats: !@ Read_top(KB): .gms.persistent(4552) 1120 kworker/u16:2(25080) 812 kworker/u16:7(7843) 616
07-20 16:22:34.476  2379  3431 I bauth_FPBAuthService: pcf : 0x1012, 0 ,1 ,0 ,1 ,0 ,0, 16.0.0.0
07-20 16:22:34.476  2379  3431 I bauth_FPBAuthService: thread id : 1, preenroll_flag : 0, nd cnt : 0, cso : 0, et : 0
07-20 16:22:34.476  2379  3431 I bauth_FPBAuthService: FPBAuthService::timerHandler complete
07-20 16:22:34.531  3221  7163 D PowerManagerService: [api] release WakeLock DRAW_WAKE_LOCK                    'charging_info' ACQ=-5s509ms (uid=10041 isFrozen=false pid=4800 displayId=0 lock=df79fcb)
07-20 16:22:34.533  3221  7163 D PowerManagerService: displayReady: false groupId=0
07-20 16:22:34.533  3221  3404 D DisplayPowerController[0]: animateScreenStateChange: target=DOZE_SUSPEND, mIsEnabled=true
07-20 16:22:34.537  3221  7163 D PowerManagerService: [PWL] sb acquire: PowerManagerService.Display
07-20 16:22:34.539  3221  3404 I DisplayPowerController[0]: BrightnessEvent: brt=0.04705883(38.0%), nits=10.387, lux=-1.0, reason=doze, strat=DozeBrightnessStrategy, state=DOZE_SUSPEND, stateReason=UNKNOWN, policy=DOZE, flags=low_power_mode , initBrt=0.04705883, rcmdBrt=NaN, preBrt=NaN, preLux=0.0, wasShortTermModelActive=false, autoBrightness=true (default), unclampedBrt=0.04705883, hbmMax=1.0, hbmMode=off, thrmMax=1.0, rbcStrength=-1, powerFactor=0.9, physDisp=Built-in Screen(local:4630947093241269891), logicalId=0, slowChange=false, rampSpeed=0.0
07-20 16:22:34.545  3221  4094 D DisplayManagerService: !@display_state requestDisplayStateInternal: DOZE -> DOZE_SUSPEND displayId=0
07-20 16:22:34.545  3221  4094 D SemInputDeviceManagerService: setDisplayState[1] EARLY: DOZE(3) -> DOZE_SUSPEND(4)
07-20 16:22:34.546  3221  3319 I DisplayDeviceRepository: Display device changed state: "Built-in Screen", DOZE_SUSPEND
07-20 16:22:34.547  3221  4094 D LocalDisplayAdapter: notifyStateChangeStart: com.samsung.android.hardware.secinputdev.external.DisplayStateListenerWrapper$1@dafc74e took 2 ms
07-20 16:22:34.547  3221  4094 D LocalDisplayAdapter: notifyStateChangeStart: com.android.server.biometrics.SemBiometricDisplayStateMonitor@b37b5ad took 0 ms
07-20 16:22:34.547  3221  4094 D LocalDisplayAdapter: notifyStateChangeStart: com.android.server.display.mode.RefreshRateModeManager$1@bf1107d took 0 ms
07-20 16:22:34.547  3221  4094 W LocalDisplayAdapter: !@display_state - 96 : DOZE -> DOZE_SUSPEND (MAIN)
07-20 16:22:34.547  3221  3849 I SemBiometricDisplayStateMonitor: DisplayStateListener#onStart : DOZE_SUSPEND, DOZE_SUSPEND, DEFAULT_DISPLAY
07-20 16:22:34.547  1926  1926 D SurfaceFlinger: Setting power mode 3 on physical display 4630947093241269891
07-20 16:22:34.548  1926  1926 D SurfaceFlinger: setPhysicalDisplayPowerMode: Optimizing thread scheduling: optimizeForPerformance
07-20 16:22:34.548  3221  3816 D SemInputDevice:TSP: ActivateTask: 4,0 [07-20 16:22:34.546]
07-20 16:22:34.548  1926  1926 D SurfaceFlinger: Enabling synthetic vsync
07-20 16:22:34.548  1926  2226 I SurfaceFlinger: [4630947093241269891] ExpiredDisplayPowerTimer: 0
07-20 16:22:34.548  1846  2164 I SDM     : HWCDisplay::SetPowerMode: display = 0, mode = DozeSuspend
07-20 16:22:34.548  1846  2164 I SDM     : DisplayBase::SetDisplayState: Set state = 3, display 66-0, teardown = 0
07-20 16:22:34.549  3221  3317 D WindowManager: DeferredDisplayUpdater: partially applying DisplayInfo(1440 x 3088) immediately
07-20 16:22:34.549  1846  2164 I SDM     : HWDeviceDRM::NullCommit: Null commit succeeded crtc=174
07-20 16:22:34.549  1846  2164 I SDM     : DisplayBase::WaitForCompletion: Wait for cached retire fence to be in steady state
07-20 16:22:34.549  1857  1857 I sysinput:Touch: activate:96, 4,0 OK
07-20 16:22:34.549  3221  3816 D SysinputHAL_V1_3(V1_2): setTspEnable(TSP(1)),4,true ret=0
07-20 16:22:34.553  1909  1909 D AudioFlinger: setParameters: filtered dev setParameters keyvalue screen_state=off
07-20 16:22:34.554  1783 13147 D AHAL: AudioDevice: SetParameters: 1799: enter
07-20 16:22:34.554  1783 13147 D AHAL: AudioVoice: VoiceSetParameters: 171: Enter
07-20 16:22:34.554  1783 13147 D AHAL: AudioVoice: VoiceSetParameters: 416: Exit ret: 0
07-20 16:22:34.554  1783 13147 D AHAL: hfp: hfp_set_parameters: 447: enter
07-20 16:22:34.554  1783 13147 D AHAL: AudioDevice: SetParameters: 1882:  - screen = off
07-20 16:22:34.554  1783 13147 I PAL: ResourceManager: setParameter: 9250: Screen State:0
07-20 16:22:34.554  1783 13147 D AHAL: AudioDevice: SetParameters: 2617: exit: screen_state=off
07-20 16:22:34.555  1783 13147 I Audio_a2dpsink_hw: adev_set_parameters: kevpairs=[screen_state=off]
07-20 16:22:34.557  3221  3976 D AS.DesktopUtils: isDesktopWindowing( false )
07-20 16:22:34.557  3221  3976 D AS.DesktopModeHelper: setDesktopModePath caller = onDisplayChanged #Id=0, isInDesktopWindowing=false, isAudioOutputToDisplay : true
07-20 16:22:34.557  3221  3404 D BrightnessThermalClamper: Thermal status observer already started
07-20 16:22:34.560  4800  4878 D StackScroller: onDisplayChanged for predraw skip to 4
07-20 16:22:34.560  4800  4800 D DisplayLifecycle: updateDisplay id = 0
07-20 16:22:34.560  4800  4800 I Keyguard.AODTouchModeManager: onDisplayChanged newDisplayState=4, currentDisplayState=3, displayId=0
07-20 16:22:34.564  3221  4692 D WifiDisplayAdapter: isFitToActiveDisplayLocked : false
07-20 16:22:34.566  4800  4831 I VRI[ShellDropTarget]@fda9a37: onDisplayChanged oldDisplayState=3 newDisplayState=4
07-20 16:22:34.566  6885  6885 I VRI[InputMethod]@df8c22f: onDisplayChanged oldDisplayState=3 newDisplayState=4
07-20 16:22:34.567  4800  4800 I AODTriggers: onAODEventDispatched = 4 / eventData = aod.q0@c9fee2c
07-20 16:22:34.567  4800  4800 I AOD_LIVE_CLOCK@LiveClockController: updateDisplayState: DISPLAY_STATE_DOZE_SUSPEND
07-20 16:22:34.567  4800  4800 I VRI[LockscreenShortcutBlur]@6491b12: onDisplayChanged oldDisplayState=3 newDisplayState=4
07-20 16:22:34.567  4800  4800 I VRI[NavigationBar0]@35810b9: onDisplayChanged oldDisplayState=3 newDisplayState=4
07-20 16:22:34.568  4800  4800 I VRI[DisplayBackGestureHandler 0]@2f2fb4f: onDisplayChanged oldDisplayState=3 newDisplayState=4
07-20 16:22:34.568  4800  4800 I VRI[NotificationShade]@c2a085d: onDisplayChanged oldDisplayState=3 newDisplayState=4
07-20 16:22:34.568  4800  4800 I VRI[StatusBar]@1d0ce91: onDisplayChanged oldDisplayState=3 newDisplayState=4
07-20 16:22:34.568  4800  4800 I VRI[Bouncer]@b0f9642: onDisplayChanged oldDisplayState=3 newDisplayState=4
07-20 16:22:34.568  4800  4800 I VRI[SecondaryHomeHandle0]@a5b5f00: onDisplayChanged oldDisplayState=3 newDisplayState=4
07-20 16:22:34.568  5145 31572 I HoneySpace.Memory-Monitor: current state = 4, didTrim = true
07-20 16:22:34.568  5145  5145 I VRI[RecentsTransitionOverlay]@9ba9ba1: onDisplayChanged oldDisplayState=3 newDisplayState=4
07-20 16:22:34.569  5145  5145 I VRI[CocktailBarService]@400297: onDisplayChanged oldDisplayState=3 newDisplayState=4
07-20 16:22:34.569  6035  6035 I VRI[PowerModeSettingsActivity]@edf1e58: onDisplayChanged oldDisplayState=3 newDisplayState=4
07-20 16:22:34.569  5145  5145 I VRI[LauncherActivity]@4464a22: onDisplayChanged oldDisplayState=3 newDisplayState=4
07-20 16:22:34.569  5145  5145 I VRI[RecentsActivity]@30ab7a: onDisplayChanged oldDisplayState=3 newDisplayState=4
07-20 16:22:34.571  8023  8023 I CAMERA_CONTROLLER: [2]a.n():2 - display changed
07-20 16:22:34.571  8023  8023 I CAMERA_CONTROLLER: [2]a.n():2
07-20 16:22:34.571  8023  8023 I CAMERA_CONTROLLER: [2]ProviderServiceImpl.checkDisplayModePortrait():39 - presentationDisplaynull
07-20 16:22:34.571  8023  8023 W CAMERA_CONTROLLER: [2]a.A():2 - presentationDisplay is null, return
07-20 16:22:34.571  8023  8023 W CAMERA_CONTROLLER: [2]ProviderServiceImpl$registerDisplayListener$displayListener$1.onDisplayChanged():17 - display is not portrait mode 
07-20 16:22:34.572 29224 29224 I VRI[SettingsHomepageActivity]@cad135e: onDisplayChanged oldDisplayState=3 newDisplayState=4
07-20 16:22:34.572  6035  6035 I VRI[DcEbsMainBoardActivity]@c998969: onDisplayChanged oldDisplayState=3 newDisplayState=4
07-20 16:22:34.572 29224 29224 I VRI[SubSettings]@f8933a3: onDisplayChanged oldDisplayState=3 newDisplayState=4
07-20 16:22:34.572  7646  7646 I VRI[FP Iconview]@6a76b96: onDisplayChanged oldDisplayState=3 newDisplayState=4
07-20 16:22:34.574 11143 11143 I VRI[HintService]@e83b0: onDisplayChanged oldDisplayState=3 newDisplayState=4
07-20 16:22:34.574  1846  2164 I SDM     : DisplayBase::WaitForCompletion: Cached retire fence is in ready state
07-20 16:22:34.574  1846  2164 I SDM     : DisplayBase::SetDisplayState: active 0-0 state 3-3 pending_power_state_ 0
07-20 16:22:34.575  1926  1926 D SurfaceFlinger: Finished setting power mode 3 on physical display 4630947093241269891
07-20 16:22:34.575  3221  4094 I LocalDisplayAdapter: SF.setDisplayPowerMode took 28ms
07-20 16:22:34.575  3221  4094 W LocalDisplayAdapter: !@display_state - 96 : DOZE_SUSPEND (MAIN) took 28 ms
07-20 16:22:34.575  3221  4094 D SemInputDeviceManagerService: setDisplayState[1] LATE: DOZE_SUSPEND(4) -> DOZE_SUSPEND(4)
07-20 16:22:34.575  4552  4552 I NearbyDiscovery: (REDACTED) FastPairDisplayObserver: %s -> %s
07-20 16:22:34.576  3221  3816 D SemInputDevice:TSP: ActivateTask: 4,1 [07-20 16:22:34.575]
07-20 16:22:34.576  3221  4094 D LocalDisplayAdapter: notifyStateChangeFinish: com.samsung.android.hardware.secinputdev.external.DisplayStateListenerWrapper$1@dafc74e took 1 ms
07-20 16:22:34.576  3221  3849 I SemBiometricDisplayStateMonitor: DisplayStateListener#onFinish : DOZE_SUSPEND, DOZE_SUSPEND, DEFAULT_DISPLAY
07-20 16:22:34.576  3221  4094 D LocalDisplayAdapter: notifyStateChangeFinish: com.android.server.biometrics.SemBiometricDisplayStateMonitor@b37b5ad took 0 ms
07-20 16:22:34.576  3221  4094 D LocalDisplayAdapter: notifyStateChangeFinish: com.android.server.display.mode.RefreshRateModeManager$1@bf1107d took 0 ms
07-20 16:22:34.577  1857  1857 I sysinput:Touch: activate:96, 4,1 OK
07-20 16:22:34.577  3221  3404 D DisplayPowerController[0]: setActualDisplayState: DOZE -> DOZE_SUSPEND
07-20 16:22:34.577  3221  3816 D SysinputHAL_V1_3(V1_2): setTspEnable(TSP(1)),4,false ret=0
07-20 16:22:34.577  3221  3404 D DisplayPowerController[0]: animateScreenStateChange: target=DOZE_SUSPEND, mIsEnabled=true
07-20 16:22:34.577  7646  7646 I BSS_DisplayStateManager: handleDisplayStateChanged: DOZE -> DOZE_SUSPEND
07-20 16:22:34.577  3221  3404 D DisplayPowerController[0]: animateScreenStateChange: target=DOZE_SUSPEND, mIsEnabled=true
07-20 16:22:34.577  3221  3404 D PowerManagerService: displayReady: true groupId=0
07-20 16:22:34.578  3221  3404 D PowerManagerService: [PWL] sb release: PowerManagerService.Display
07-20 16:22:35.005  3221  9650 D BSOHChargingDataCollector:  BSOH Sys-servce ... 
07-20 16:22:35.005  3221  9650 D BSOHChargingDataCollector: performBatteryWork++
07-20 16:22:35.005  3221  9650 D BSOHChargingDataCollector: performBatteryWork battery com.android.server.bsoh.device.PrimeBattery@57c2b24
07-20 16:22:35.006  3221  9650 D BSOHChargingDataCollector: primeBatt readVoltage from sysFsBattVolt,  path : /sys/class/power_supply/battery/batt_voltage_now
07-20 16:22:35.015  3221  9650 D BSOHChargingDataCollector: 0 	 BattData addData data : BattData { voltage:3.868, current:1.067968, soc:0.3, temperature:36.3, status:2, timestamp:1784578955015, voltage_chg:null}
07-20 16:22:35.015  3221  9650 D BSOHChargingDataCollector: performBatteryWork--
07-20 16:22:35.315  5145  7588 I id.app.launcher: Explicit concurrent mark compact GC freed 1300KB AllocSpace bytes, 2(104KB) LOS objects, 66% free, 20MB/62MB, paused 1.655ms,5.980ms total 328.967ms
07-20 16:22:35.378  3221  3760 I ActivityManager: Changes in 10108 10 to 10, 384 to 256
07-20 16:22:35.387  3221 22146 D PerProcessNandswap$NandswapHandler: nandswap start for non-activity com.samsung.android.bixby.wakeup(pid 32323) action:1 adj:800 type:3
07-20 16:22:35.402  6035  6035 W SmApplication: onTrimMemory : 40
07-20 16:22:35.405  6035  6035 I DC.AppIconCache: clear icon cache
07-20 16:22:35.407  3221  3392 D MARsPolicyManager: triggerAction called!
07-20 16:22:35.407  3221  3392 I NSLocationMonitor: getGPSUsingApps() called
07-20 16:22:35.408  5492  5515 I NSLocationManager_FLP: getGPSUsingApps, No change
07-20 16:22:35.412  9191  9191 I DWBDigitalWellbeingAppl: onTrimMemory(): level = 40
07-20 16:22:35.420  9191  9434 I DWBLocalPkgRepositoryIm: clearCache
07-20 16:22:35.420  9191  9434 I DWBCacheFlow: clear : lock before
07-20 16:22:35.420  9191  9434 I DWBCacheFlow: clear : lock start
07-20 16:22:35.420  9191  9434 I DWBCacheFlow: clear : lock end and subscriptionCount : 0
07-20 16:22:35.421  3221 22146 D PerProcessNandswapNative: enable WriteBooster
07-20 16:22:35.476  2379  3431 I bauth_FPBAuthService: pcf : 0x1012, 0 ,1 ,0 ,1 ,0 ,0, 16.0.0.0
07-20 16:22:35.477  2379  3431 I bauth_FPBAuthService: thread id : 1, preenroll_flag : 0, nd cnt : 0, cso : 0, et : 0
07-20 16:22:35.477  2379  3431 I bauth_FPBAuthService: FPBAuthService::timerHandler complete
07-20 16:22:35.548  1926  2226 I SurfaceFlinger: [4630947093241269891] ExpiredDisplayPowerTimer: 1
07-20 16:22:35.549  3221 22146 D PerProcessNandswap$NandswapHandler: nandswap end for non-activity com.samsung.android.bixby.wakeup(pid 32323) ret:8388489216 adj:800
07-20 16:22:35.777  3221  4016 D BackgroundInstallControlService: Package event received: 0
07-20 16:22:35.938  3221  3790 D ActivityManager: freezing 9460 com.google.android.apps.messaging
07-20 16:22:35.945  3221  3790 D ActivityManager: FCA:FCA recordedFileRss = 46660, and changeinRss = 12032
07-20 16:22:36.006  3221  9650 D BSOHChargingDataCollector:  BSOH Sys-servce ... 
07-20 16:22:36.007  3221  9650 D BSOHChargingDataCollector: performBatteryWork++
07-20 16:22:36.007  3221  9650 D BSOHChargingDataCollector: performBatteryWork battery com.android.server.bsoh.device.PrimeBattery@57c2b24
07-20 16:22:36.007  3221  9650 D BSOHChargingDataCollector: primeBatt readVoltage from sysFsBattVolt,  path : /sys/class/power_supply/battery/batt_voltage_now
07-20 16:22:36.019  3221  9650 D BSOHChargingDataCollector: 0 	 BattData addData data : BattData { voltage:3.87, current:0.99375, soc:0.3, temperature:36.3, status:2, timestamp:1784578956019, voltage_chg:null}
07-20 16:22:36.020  3221  9650 D BSOHChargingDataCollector: performBatteryWork--
07-20 16:22:36.133  4226  4226 I wpa_supplicant: Heartbeat 1167
07-20 16:22:36.195  1221  1221 D io_stats: !@   8,0 r 6000174 103358049 w 720035 12747904 d 51211 8864140 f 19623 71682 iot 1298884 0 th 0 0 0 pt 0 inp 0 0 9789.440
07-20 16:22:36.318  5145  7588 I HoneySpace.Memory-Monitor: calTrimLevel propValue: 0
07-20 16:22:36.318  5145  7588 I HoneySpace.Memory-Monitor: time diff = 1994
07-20 16:22:36.318  5145  7588 I HoneySpace.MemoryAwait:  awaitJob is null, no need to proceed..
07-20 16:22:36.319  5145 24877 I HoneySpace.Memory-Monitor: trimMemory 20
07-20 16:22:36.385  5492  5613 I RequestManager_FLP: onOpChanged, op=0 / packageName=com.osp.app.signin
07-20 16:22:36.478  2379  3431 I bauth_FPBAuthService: pcf : 0x1012, 0 ,1 ,0 ,1 ,0 ,0, 16.0.0.0
07-20 16:22:36.478  2379  3431 I bauth_FPBAuthService: thread id : 1, preenroll_flag : 0, nd cnt : 0, cso : 0, et : 0
07-20 16:22:36.478  2379  3431 I bauth_FPBAuthService: FPBAuthService::timerHandler complete
07-20 16:22:36.815  1850 29608 I QC2Comp : [av1D_57] Stats: Pending(11) i/p-done(7) Works: Q: 183/Done 173|Work-Rate: Q(0.0/s Avg=0.2/s) Done(0.000/s Avg=0.158/s)| Stream: 24.00fps 1.0Mbps
07-20 16:22:36.816  1850 29608 I QC2Comp : [av1D_57] Mem-usage:  [In-1D: 5 bufs 40.000 MB] [1D-49: 19 bufs 0.297 MB] [2D-50: 23 bufs 56.602 MB] | Total: 96.898 MB
07-20 16:22:37.009  3221  9650 D BSOHChargingDataCollector:  BSOH Sys-servce ... 
07-20 16:22:37.009  3221  9650 D BSOHChargingDataCollector: performBatteryWork++
07-20 16:22:37.009  3221  9650 D BSOHChargingDataCollector: performBatteryWork battery com.android.server.bsoh.device.PrimeBattery@57c2b24
07-20 16:22:37.009  3221  9650 D BSOHChargingDataCollector: primeBatt readVoltage from sysFsBattVolt,  path : /sys/class/power_supply/battery/batt_voltage_now
07-20 16:22:37.022  3221  9650 D BSOHChargingDataCollector: 0 	 BattData addData data : BattData { voltage:3.867, current:0.851562, soc:0.3, temperature:36.3, status:2, timestamp:1784578957022, voltage_chg:null}
07-20 16:22:37.022  3221  9650 D BSOHChargingDataCollector: performBatteryWork--
07-20 16:22:37.204  4268  5130 D IpClient/wlan0: addressUpdated: 2601:c6:c07f:9ac0:ec53:40ff:feaa:ce6e/64 on ifindex 45 flags 0x00000100 scope 0
07-20 16:22:37.204  4268  5130 D IpClient/wlan0: addressUpdated: 2601:c6:c07f:9ac0:df32:ddbe:60f6:f63b/64 on ifindex 45 flags 0x00000001 scope 0
07-20 16:22:37.205  4268  5130 W AlarmManager: Unrecognized alarm listener com.android.networkstack.android.net.ip.IpClientLinkObserver$Dhcp6PdPreferredPrefixAlarmListener@74d426c
07-20 16:22:37.207  4268  5130 D ApfFilter: (wlan0): Ignoring RA RA fe80::82da:c2ff:fedc:dc5d -> ff02::1 180s 2601:c6:c07f:9ac0::/64 296998s/296998s DNS 180s 2001:558:feed::1 2001:558:feed::2 RIO 180s ::/0  which matches RA fe80::82da:c2ff:fedc:dc5d -> ff02::1 180s 2601:c6:c07f:9ac0::/64 296998s/296998s DNS 180s 2001:558:feed::1 2001:558:feed::2 RIO 180s ::/0 
07-20 16:22:37.259  1784  5346 I vendor.qti.bluetooth@1.1-ibs_handler: ProcessIbsCmd: Received IBS_WAKE_IND: 0xFD
07-20 16:22:37.260  1784  5346 D vendor.qti.bluetooth@1.1-ibs_handler: SerialClockVote: vote for UART CLK ON
07-20 16:22:37.260  1784  5346 D vendor.qti.bluetooth@1.1-wake_lock: Acquire wakelock is acquired 
07-20 16:22:37.260  1784  5346 I vendor.qti.bluetooth@1.1-ibs_handler: ProcessIbsCmd: Writing IBS_WAKE_ACK
07-20 16:22:37.275  4828  5378 I BluetoothHciVendorSpecificJni: android/app/jni/com_android_bluetooth_BluetoothHciVendorSpecific.cpp:84 onEvent: 
07-20 16:22:37.276  4828  5143 I bluetooth: system/gd/hci/acl_manager/acl_scheduler.cc:244 log_try_dequeue_next_operation: Could not send next operation postponed to next iteration, stopped: false, pending_outgoing_operations_ is_empty: true, outgoing_entry_ has_value: false, incoming_connecting_address_set_ is_empty: true
07-20 16:22:37.277  4828  5143 W bluetooth: system/main/shim/acl.cc:1418 OnConnectFail: Connection failed classic remote:xx:xx:xx:xx:63:fc reason:PAGE_TIMEOUT(0x04)
07-20 16:22:37.280  4828  5137 I l2c_csm : system/stack/l2cap/l2c_csm.cc:262 l2c_csm_execute: Enter CSM, chnl_state:CST_CLOSED [0] event:L2CEVT_LP_CONNECT_CFM_NEG(0x1) lcid:0x0076 rcid:0x0000
07-20 16:22:37.283  4828  5137 W l2c_utils: system/stack/l2cap/l2c_utils.cc:3506 l2cu_find_ccb_by_cid: p_ccb is not in use
07-20 16:22:37.283  4828  5137 W bt_l2cap: system/stack/l2cap/l2c_api.cc:915 L2CA_DisconnectReq: L2CAP - no CCB for L2CA_disc_req, CID: 118
07-20 16:22:37.283  4828  5137 W stack::sdp: system/stack/sdp/sdp_main.cc:339 sdp_disconnect: Unable to disconnect L2CAP peer:xx:xx:xx:xx:63:fc cid:118
07-20 16:22:37.285  4828  5137 W bluetooth: system/bta/jv/bta_jv_act.cc:841 bta_jv_start_discovery_cback: Received service discovery callback failed bd_addr:xx:xx:xx:xx:63:fc result:tSDP_STATUS::SDP_CFG_FAILED
07-20 16:22:37.285  4828  5137 I bluetooth: system/bta/jv/bta_jv_act.cc:844 bta_jv_start_discovery_cback: Issuing service discovery complete callback bd_addr:xx:xx:xx:xx:63:fc result:tSDP_STATUS::SDP_CFG_FAILED status:tBTA_JV_STATUS::FAILURE scn:0
07-20 16:22:37.285  4828  5137 I bt_btif_sock_rfcomm: system/btif/src/btif_sock_rfc.cc:1012 jv_dm_cback: handling event:BTA_JV_DISCOVERY_COMP_EVT, slot_id:49
07-20 16:22:37.286  4828  5137 E bt_btif_sock_rfcomm: system/btif/src/btif_sock_rfc.cc:1142 handle_discovery_comp: SDP service discovery completed for slot_id: 49 with the result status: tBTA_JV_STATUS::FAILURE, scn: 0
07-20 16:22:37.286  4828  5137 I bt_btif_sock_rfcomm: system/btif/src/btif_sock_rfc.cc:548 cleanup_rfc_slot: disconnected from RFCOMM socket connections for device: xx:xx:xx:xx:63:fc, scn: -1, app_uid: 10237, slot_id: 49, socket_id: 0
07-20 16:22:37.287  4828  5497 W bt_btif_sock_rfcomm: system/btif/src/btif_sock_rfc.cc:1289 btsock_rfc_signaled: RFCOMM slot_id 49 not found.
07-20 16:22:37.287  4828  5137 I l2c_link: system/stack/l2cap/l2c_link.cc:167 l2c_link_hci_conn_comp: Disconnecting link handle:0xffff status:HCI_ERR_PAGE_TIMEOUT
07-20 16:22:37.287  4552  9047 D SocketMetrics: No metrics for connection type 1
07-20 16:22:37.287  4828  5137 W btm_sco : system/stack/btm/btm_sco.cc:1625 BTM_RemoveScoByBdaddr: Unable to remove SCO link:0
07-20 16:22:37.287  4828  5137 W btm_acl : system/stack/acl/btm_acl.cc:563 btm_acl_removed: 
07-20 16:22:37.287  4828  5137 W btm_acl : system/stack/acl/btm_acl.cc:566 btm_acl_removed: Unable to find active acl
07-20 16:22:37.296  4552  9047 W WearableConn: Failed to connect, error: read failed, socket might closed or timeout, read ret: -1
07-20 16:22:37.296  4552  9047 D BluetoothSocket: close() XX:XX:XX:XX:63:FC channel=-1 mSocketIS=android.net.LocalSocketImpl$SocketInputStream@8721e58 mSocketOS=android.net.LocalSocketImpl$SocketOutputStream@de5ebb1 mSocket=android.net.LocalSocket@49b7896 impl:android.net.LocalSocketImpl@ef43c17 fd:java.io.FileDescriptor@356f76c mSocketState=INIT
07-20 16:22:37.296  4552  9047 D BluetoothSocket: Closing mSocket: android.net.LocalSocket@49b7896 impl:android.net.LocalSocketImpl@ef43c17 fd:java.io.FileDescriptor@356f76c
07-20 16:22:37.302  4552  9047 I WearableConn: Setting alarm for 240.0 seconds to retry connection
07-20 16:22:37.303  4552  9047 E ActivityThread: Failed to find provider info for E4:92:82:34:63:FC
07-20 16:22:37.306  4552  9047 I AlarmManager: setExactAndAllowWhileIdle [name: WearableBluetooth type: 2 triggerAtMillis: 13301911]
07-20 16:22:37.310  1784  5346 I vendor.qti.bluetooth@1.1-ibs_handler: ProcessIbsCmd: Received IBS_SLEEP_IND: 0xFE
07-20 16:22:37.310  1784  5346 D vendor.qti.bluetooth@1.1-ibs_handler: SerialClockVote: vote for UART CLK OFF
07-20 16:22:37.460  1784  5160 D vendor.qti.bluetooth@1.1-wake_lock: Release wakelock is released 
07-20 16:22:37.479  2379  3431 I bauth_FPBAuthService: pcf : 0x1012, 0 ,1 ,0 ,1 ,0 ,0, 16.0.0.0
07-20 16:22:37.479  2379  3431 I bauth_FPBAuthService: thread id : 1, preenroll_flag : 0, nd cnt : 0, cso : 0, et : 0
07-20 16:22:37.479  2379  3431 I bauth_FPBAuthService: FPBAuthService::timerHandler complete
07-20 16:22:37.593  3221  3809 I HqmInfo::HqmManagerService: MSG_TYPE:MSG_TYPE_PROCESS_LOG_BY_HQM
07-20 16:22:37.950  3221  3790 D ActivityManager: FCA:Reclamation for pid: 9460
07-20 16:22:38.010  3221  9650 D BSOHChargingDataCollector:  BSOH Sys-servce ... 
07-20 16:22:38.010  3221  9650 D BSOHChargingDataCollector: performBatteryWork++
07-20 16:22:38.010  3221  9650 D BSOHChargingDataCollector: performBatteryWork battery com.android.server.bsoh.device.PrimeBattery@57c2b24
07-20 16:22:38.011  3221  9650 D BSOHChargingDataCollector: primeBatt readVoltage from sysFsBattVolt,  path : /sys/class/power_supply/battery/batt_voltage_now
07-20 16:22:38.023  3221  9650 D BSOHChargingDataCollector: 0 	 BattData addData data : BattData { voltage:3.866, current:0.971093, soc:0.3, temperature:36.3, status:2, timestamp:1784578958023, voltage_chg:null}
