--------- beginning of main
07-20 16:22:29.045  1926  2226 I SurfaceFlinger: [4630947093241269891] ExpiredDisplayPowerTimer: 0
07-20 16:22:29.045  1846  2164 I SDM     : HWCDisplay::SetPowerMode: display = 0, mode = Doze
07-20 16:22:29.045  1846  2164 I SDM     : DisplayBase::SetDisplayState: Set state = 2, display 66-0, teardown = 0
07-20 16:22:29.045  1846  2164 I SDM     : DisplayBase::SetDisplayState: active 1-0 state 2-3 pending_power_state_ 3
07-20 16:22:29.045  1926  1926 I SurfaceFlinger: Force repainting for DOZE_SUSPEND -> DOZE or ON.
07-20 16:22:29.045  1926  1926 D SurfaceFlinger: Finished setting power mode 1 on physical display 4630947093241269891
--------- beginning of system
07-20 16:22:29.046  3221  4094 I LocalDisplayAdapter: SF.setDisplayPowerMode took 14ms
07-20 16:22:29.046  3221  4094 W LocalDisplayAdapter: !@display_state - 95 : DOZE (MAIN) took 16 ms
07-20 16:22:29.046  3221  4094 D SemInputDeviceManagerService: setDisplayState[1] LATE: DOZE(3) -> DOZE(3)
07-20 16:22:29.046  3221  4094 D LocalDisplayAdapter: notifyStateChangeFinish: com.samsung.android.hardware.secinputdev.external.DisplayStateListenerWrapper$1@dafc74e took 0 ms
07-20 16:22:29.046  3221  4094 D LocalDisplayAdapter: notifyStateChangeFinish: com.android.server.biometrics.SemBiometricDisplayStateMonitor@b37b5ad took 0 ms
07-20 16:22:29.046  3221  4094 D LocalDisplayAdapter: notifyStateChangeFinish: com.android.server.display.mode.RefreshRateModeManager$1@bf1107d took 0 ms
07-20 16:22:29.046  3221  3404 D DisplayPowerController[0]: setActualDisplayState: DOZE_SUSPEND -> DOZE
07-20 16:22:29.046  3221  3404 D DisplayPowerController[0]: animateScreenStateChange: target=DOZE, mIsEnabled=true
07-20 16:22:29.046  3221  3404 D DisplayPowerController[0]: animateScreenStateChange: target=DOZE, mIsEnabled=true
07-20 16:22:29.047  3221  3404 D PowerManagerService: displayReady: true groupId=0
07-20 16:22:29.047  3221  3404 D PowerManagerService: [PWL] sb release: PowerManagerService.Display
07-20 16:22:29.047  5145 31569 I HoneySpace.Memory-Monitor: current state = 3, didTrim = true
07-20 16:22:29.050  1846  2164 I SDM     : ToneMappingCore::set_default_vals():851 Initial enablement signals - bypass adaptive TM: 0, actual panel luma usage: 1, temporal filtering of dynamic meta data: 1, histTM enable: 1, static meta data usage: 1
07-20 16:22:29.050  1846  2164 I SDM     : HdrAlgorithm::SetXMLParameters():278 Override enablement signals - bypass adaptive TM: 0, bypass sdr dimming: 1
07-20 16:22:29.050  5145  5145 I VRI[RecentsTransitionOverlay]@9ba9ba1: onDisplayChanged oldDisplayState=4 newDisplayState=3
07-20 16:22:29.050  3221  3816 D SemInputDevice:TSP: ActivateTask: 3,0 [07-20 16:22:29.029]
07-20 16:22:29.050  5145  5145 I VRI[CocktailBarService]@400297: onDisplayChanged oldDisplayState=4 newDisplayState=3
07-20 16:22:29.051  1926  1926 E SurfaceFlinger: trackPendingFrame: Invalid present fence
07-20 16:22:29.051  1846  2028 I SDM     : DisplayBase::WaitForCompletion: Wait for cached retire fence to be in steady state
07-20 16:22:29.051  5145  5145 I VRI[LauncherActivity]@4464a22: onDisplayChanged oldDisplayState=4 newDisplayState=3
07-20 16:22:29.051  1857  1857 I sysinput:Touch: activate:96, 3,0 OK
07-20 16:22:29.051  5145  5145 I VRI[RecentsActivity]@30ab7a: onDisplayChanged oldDisplayState=4 newDisplayState=3
07-20 16:22:29.051  3221  3849 I SemBiometricDisplayStateMonitor: DisplayStateListener#onStart : DOZE, DOZE, DEFAULT_DISPLAY
07-20 16:22:29.052  3221  3849 I SemBiometricDisplayStateMonitor: DisplayStateListener#onFinish : DOZE, DOZE, DEFAULT_DISPLAY
07-20 16:22:29.052  3221  3816 D SysinputHAL_V1_3(V1_2): setTspEnable(TSP(1)),3,true ret=0
07-20 16:22:29.052  3221  3816 D SemInputDevice:TSP: ActivateTask: 3,1 [07-20 16:22:29.046]
07-20 16:22:29.052  1857  1857 I sysinput:Touch: activate:96, 3,1 OK
07-20 16:22:29.052  7646  7646 I BSS_DisplayStateManager: handleDisplayStateChanged: DOZE_SUSPEND -> DOZE
07-20 16:22:29.053  3221  3816 D SysinputHAL_V1_3(V1_2): setTspEnable(TSP(1)),3,false ret=0
07-20 16:22:29.054  9120 21091 I Routine@Core[5.0.03.22]: BatteryLevelConditionHandler: checkValidity: tag(battery_condition_v3)
07-20 16:22:29.055  9120 21091 E Routine@Core[5.0.03.22]: ResultCode.FailCustomCode: fromValidState: failed to parse. validState=0x1
07-20 16:22:29.056  9120 21091 I Routine@Core[5.0.03.22]: BatteryLevelConditionHandler: isSatisfied: tag(battery_condition_v3)
07-20 16:22:29.056  3221  4692 D WifiDisplayAdapter: isFitToActiveDisplayLocked : false
07-20 16:22:29.057  4552  4552 I NearbyDiscovery: (REDACTED) FastPairDisplayObserver: %s -> %s
07-20 16:22:29.058  9120 21091 I Routine@Core[5.0.03.22]: COORD/BasicConditionController: evaluateTriggerStatus: isSatisfied=true (conditionId=battery_condition_v3(id=31, uuid=857018, routineId=18))
07-20 16:22:29.059  4800  4878 D StackScroller: onDisplayChanged for predraw skip to 3
07-20 16:22:29.060  4800  4800 I FaceWidget_updatePosition: updatePosition: faceWidgetPosition = Point(0, 325)
07-20 16:22:29.060  4800  4800 D FaceWidgetPagesController: refreshViews() reason = CLOCK_POSITION_CHANGED, force = false
07-20 16:22:29.060  4800  4800 I PluginFaceWidgetManager: isEditMode = false
07-20 16:22:29.061  4800  4800 I NowBarItemManager: getVisibleList isScreenTurnedOn = false / aodShowState false shouldControlScreenOff false isLockTypeNone false visibleList size = 0 / expandedItem null
07-20 16:22:29.061  4800  4800 D SecKeyguardClockRepositoryImpl: setClockSize SMALL
07-20 16:22:29.062  4800  4800 I SecKeyguardClockPositionAlgorithm: prepareClockContainerHeightChanging:
07-20 16:22:29.062  4800  4800 I FaceWidget_updatePosition: updatePosition: faceWidgetPosition = Point(0, 325)
07-20 16:22:29.063  4800  4800 D FaceWidgetPagesController: refreshViews() reason = CLOCK_POSITION_CHANGED, force = false
07-20 16:22:29.063  4800  4800 I PluginFaceWidgetManager: isEditMode = false
07-20 16:22:29.063  4800  4800 I NowBarItemManager: getVisibleList isScreenTurnedOn = false / aodShowState false shouldControlScreenOff false isLockTypeNone false visibleList size = 0 / expandedItem null
07-20 16:22:29.066  9120 21091 I Routine@Core[5.0.03.22]: COORD/ConditionProgressCallback: doTriggerOn - already triggered. (previousTriggerStatus=PERIOD). ignore. (conditionId=battery_condition_v3(id=31, uuid=857018, routineId=18))
07-20 16:22:29.068  4800  4800 W View    : requestLayout() improperly called by android.widget.FrameLayout{cfeb2ee V.E...... ......I. 0,0-1440,3088 #14} during layout: running second layout pass
07-20 16:22:29.068  4800  4800 W View    : requestLayout() improperly called by com.android.systemui.qs.QSTouchAwareFrameLayout{50ae38f V.E...... ......I. 0,205-1440,3088 #7e0a0a4c com.android.systemui:id/qs_frame} during layout: running second layout pass
07-20 16:22:29.073 12566 12566 I Zygote  : Process 12566 created for com.android.settings.intelligence
07-20 16:22:29.073 12566 12566 I gs.intelligence: Using generational CollectorTypeCMC GC.
07-20 16:22:29.074  1846  2028 I SDM     : DisplayBase::WaitForCompletion: Cached retire fence is in ready state
07-20 16:22:29.074  1846  2028 I SDM     : DisplayBase::GetPendingDisplayState: pending_power_state 3 for display 66-0
07-20 16:22:29.075  9120 21091 I Routine@Core[5.0.03.22]: COORD/RoutineCommandHandlerImpl: needEndRunning: routineState=READY (routineId=18(uuid=598927, name=Nightly battery saver)[READY])
07-20 16:22:29.076  9120 21091 W Routine@Core[5.0.03.22]: COORD/RoutineCommandHandlerImpl: needEndRunning: not handled status. routineState=READY
07-20 16:22:29.079  9120 14805 I Routine@Core[5.0.03.22]: COORD/CoordinatorRequestHandler: messageHandler.handleMessage: finished (totalElapsed=81ms). msg={ when=-82ms what=0 obj=MessageData(executionLock=java.lang.Object@d0eecb7, operation=CONDITION_STATE_CHANGED, extras=Bundle[{package_name=com.samsung.android.app.routines, tag=battery_condition_v3}], isCompleted=true) target=ck.p async=false heapIndex=-1 }
07-20 16:22:29.080  9120  9782 I Routine@Core[5.0.03.22]: COORD/CoordinatorRequestHandler: onCallReceive: released! (totalWait=82ms), msg=MessageData(executionLock=java.lang.Object@d0eecb7, operation=CONDITION_STATE_CHANGED, extras=Bundle[{package_name=com.samsung.android.app.routines, tag=battery_condition_v3}], isCompleted=true)
07-20 16:22:29.080  9120  9782 I Routine@Core[5.0.03.22]: ProcessUtils: setProcessImportant: needForeground=false, reason=ENGINE_COORDINATOR
07-20 16:22:29.084  4800  4800 I AODUiController: onUIEvent : unknown component : 1202/0/0
07-20 16:22:29.084  4800  4800 I AOD_BRIGHTNESS@BrightnessManager: mCurrentBrightness : HighNit[true], NitMode[10NIT], isForceState[0, ForceStateReason[[], ], mAppliedBrightness[1], LockStarLevel[100]
07-20 16:22:29.084  4800  4800 I AOD_BRIGHTNESS@AlwaysOnDisplayEx: updateDozeBrightness: doze [65538] last [10NIT] change to [10NIT]
07-20 16:22:29.084  4800  4800 I AOD_WAKELOCK@WakeLockManager: acquireIfExists: tag - AOD_DRAW, timeout - 100, reason - set Doze Brightness updateDozeBrightness, wakeLock = WakeLock{a359609 held=false, refCount=0}
07-20 16:22:29.086  3221  7163 D PowerManagerService: [api] acquire WakeLock DRAW_WAKE_LOCK                    'AOD_DRAW' (uid=10041 isFrozen=false pid=4800 displayId=0 lock=84ef3d9)
07-20 16:22:29.087  4800  4800 D AODScreenBrightness: updateBrightness: brightness=0.04705883
07-20 16:22:29.087  4800  4800 I DreamService[DozeService]: semSetDozeScreenBrightness dozeMode=65538 float brightness=0.04705883
07-20 16:22:29.087  4800  4800 D DisplayLifecycle: updateDisplay id = 0
07-20 16:22:29.088  4800  4800 I Keyguard.AODTouchModeManager: onDisplayChanged newDisplayState=3, currentDisplayState=4, displayId=0
07-20 16:22:29.089  4800  4800 I AODTriggers: onAODEventDispatched = 4 / eventData = aod.q0@3a56ec2
07-20 16:22:29.089  4800  4800 I AOD_LIVE_CLOCK@LiveClockController: updateDisplayState: DISPLAY_STATE_DOZE
07-20 16:22:29.089  9120  9120 I Routine@Core[5.0.03.22]: RoutineEngineService: onConditionStateChanged.onComplete: tag=battery_condition_v3
07-20 16:22:29.089  4800  4800 I VRI[LockscreenShortcutBlur]@6491b12: onDisplayChanged oldDisplayState=4 newDisplayState=3
07-20 16:22:29.089  4800  4800 I VRI[NavigationBar0]@35810b9: onDisplayChanged oldDisplayState=4 newDisplayState=3
07-20 16:22:29.089 12566 12566 D nativeloader: Load libframework-connectivity-tiramisu-jni.so using APEX ns com_android_tethering for caller /apex/com.android.tethering/javalib/framework-connectivity-t.jar: ok
07-20 16:22:29.089  4800  4800 I VRI[DisplayBackGestureHandler 0]@2f2fb4f: onDisplayChanged oldDisplayState=4 newDisplayState=3
07-20 16:22:29.090  4800  4800 I VRI[NotificationShade]@c2a085d: onDisplayChanged oldDisplayState=4 newDisplayState=3
07-20 16:22:29.090  9120  9120 I Routine@Core[5.0.03.22]: RoutineEngineService: onStartCommand.onConditionStateChanged: result=true
07-20 16:22:29.090  4800  4800 I VRI[StatusBar]@1d0ce91: onDisplayChanged oldDisplayState=4 newDisplayState=3
07-20 16:22:29.090  4800  4800 I VRI[Bouncer]@b0f9642: onDisplayChanged oldDisplayState=4 newDisplayState=3
07-20 16:22:29.090  4800  4800 I VRI[SecondaryHomeHandle0]@a5b5f00: onDisplayChanged oldDisplayState=4 newDisplayState=3
07-20 16:22:29.092  4800  4800 I FaceWidgetClockPage: updateClockRect: skip in screen off state
07-20 16:22:29.092  4800  4800 D SecKeyguardClockRepositoryImpl: setClockSize SMALL
07-20 16:22:29.093  4800  4800 I SecKeyguardClockPositionAlgorithm: prepareClockContainerHeightChanging:
07-20 16:22:29.093  4800  4800 I FaceWidget_updatePosition: updatePosition: faceWidgetPosition = Point(0, 325)
07-20 16:22:29.093  4800  4800 D FaceWidgetPagesController: refreshViews() reason = CLOCK_POSITION_CHANGED, force = false
07-20 16:22:29.094  4800  4800 I PluginFaceWidgetManager: isEditMode = false
07-20 16:22:29.094  9120  9120 I Routine@Core[5.0.03.22]: RoutineEngineService: onDestroy
07-20 16:22:29.094  4800  4800 I NowBarItemManager: getVisibleList isScreenTurnedOn = false / aodShowState false shouldControlScreenOff false isLockTypeNone false visibleList size = 0 / expandedItem null
07-20 16:22:29.095  4800  4800 D SecKeyguardClockRepositoryImpl: setClockSize SMALL
07-20 16:22:29.095 12566 12566 D ActivityThread: setConscryptValidator
07-20 16:22:29.095 12566 12566 D ActivityThread: setConscryptValidator - put
07-20 16:22:29.095  4800  4800 I SecKeyguardClockPositionAlgorithm: prepareClockContainerHeightChanging:
07-20 16:22:29.096  4800  4800 I FaceWidget_updatePosition: updatePosition: faceWidgetPosition = Point(0, 325)
07-20 16:22:29.096  4800  4800 D FaceWidgetPagesController: refreshViews() reason = CLOCK_POSITION_CHANGED, force = false
07-20 16:22:29.096  4800  4800 I PluginFaceWidgetManager: isEditMode = false
07-20 16:22:29.096  4800  4800 I NowBarItemManager: getVisibleList isScreenTurnedOn = false / aodShowState false shouldControlScreenOff false isLockTypeNone false visibleList size = 0 / expandedItem null
07-20 16:22:29.096  4800  4800 D SecKeyguardClockRepositoryImpl: setClockSize SMALL
07-20 16:22:29.097  4800  4800 I SecKeyguardClockPositionAlgorithm: prepareClockContainerHeightChanging:
07-20 16:22:29.097  4800  4800 I FaceWidget_updatePosition: updatePosition: faceWidgetPosition = Point(0, 325)
07-20 16:22:29.098  4800  4800 D FaceWidgetPagesController: refreshViews() reason = CLOCK_POSITION_CHANGED, force = false
07-20 16:22:29.098  3221  7163 I GameManagerService: Package Name: com.android.settings.intelligence FPS: 0 Scaling: 1.0
07-20 16:22:29.098  3221  7163 D GameManagerService: No-op for attempt to set game mode for non-game app: com.android.settings.intelligence
07-20 16:22:29.098  3221  7163 D DssController: Google Screen Compat off for package: com.android.settings.intelligence
07-20 16:22:29.098  4800  4800 I PluginFaceWidgetManager: isEditMode = false
07-20 16:22:29.098  4800  4800 I NowBarItemManager: getVisibleList isScreenTurnedOn = false / aodShowState false shouldControlScreenOff false isLockTypeNone false visibleList size = 0 / expandedItem null
07-20 16:22:29.098  4800  4800 D SecKeyguardClockRepositoryImpl: setClockSize SMALL
07-20 16:22:29.099  4800  4800 I SecKeyguardClockPositionAlgorithm: prepareClockContainerHeightChanging:
07-20 16:22:29.099  4800  4800 I FaceWidget_updatePosition: updatePosition: faceWidgetPosition = Point(0, 325)
07-20 16:22:29.100  4800  4800 D FaceWidgetPagesController: refreshViews() reason = CLOCK_POSITION_CHANGED, force = false
07-20 16:22:29.100  4800  4800 I PluginFaceWidgetManager: isEditMode = false
07-20 16:22:29.100  4800  4800 I NowBarItemManager: getVisibleList isScreenTurnedOn = false / aodShowState false shouldControlScreenOff false isLockTypeNone false visibleList size = 0 / expandedItem null
07-20 16:22:29.102  3221  7163 I ActivityManager: Changes in 10120 20 to 19, 0 to 384
07-20 16:22:29.104  6028  6076 V OsAgent : broadcastSystemEvent - 7
07-20 16:22:29.110 12566 12566 D ApplicationLoaders: Returning zygote-cached class loader: /system_ext/framework/androidx.window.extensions.jar
07-20 16:22:29.110 12566 12566 D ApplicationLoaders: Returning zygote-cached class loader: /system_ext/framework/androidx.window.sidecar.jar
07-20 16:22:29.110 12566 12566 D ApplicationLoaders: Returning zygote-cached class loader: /system/framework/org.apache.http.legacy.jar
07-20 16:22:29.113  4800  4800 I FaceWidgetClockPage: updateClockRect: skip in screen off state
07-20 16:22:29.141 12566 12566 D nativeloader: Configuring clns-shared-9 for other apk /system/priv-app/SecSettingsIntelligence/SecSettingsIntelligence.apk. target_sdk_version=33, uses_libraries=, library_path=/system/priv-app/SecSettingsIntelligence/lib/arm64:/system/lib64:/system_ext/lib64, permitted_path=/data:/mnt/expand:/data/user/0/com.android.settings.intelligence:/system/priv-app/SecSettingsIntelligence:/system/lib64:/system_ext/lib64
07-20 16:22:29.171 12566 12566 V GraphicsEnvironment: Currently set values for:
07-20 16:22:29.171 12566 12566 V GraphicsEnvironment:   angle_gl_driver_selection_pkgs=[]
07-20 16:22:29.171 12566 12566 V GraphicsEnvironment:   angle_gl_driver_selection_values=[]
07-20 16:22:29.171 12566 12566 V GraphicsEnvironment: com.android.settings.intelligence is not listed in per-application setting
07-20 16:22:29.171 12566 12566 V GraphicsEnvironment: ANGLE allowlist from config: com.dreamgames.royalmatch com.dts.freefiremax com.dxx.firenow com.gramgames.mergedragons com.ludo.king com.mojang.minecraftpe com.my.defense com.nintendo.zaka com.os.airforce com.playrix.fishdomdd.gplay io.teslatech.callbreak jp.konami.prospia net.peakgames.toonblast
07-20 16:22:29.171 12566 12566 V GraphicsEnvironment: No special selections for ANGLE, returning default driver choice
07-20 16:22:29.188  3221  7163 D PowerManagerService: [api] release WakeLock DRAW_WAKE_LOCK                    'AOD_DRAW' ACQ=-101ms (uid=10041 isFrozen=false pid=4800 displayId=0 lock=84ef3d9)
07-20 16:22:29.202  3221  3221 I Telecom : SamsungTelecomServiceImpl : isInManagedCall - callingPackage : android / callingUser : UserHandle{0} / hasCrossUserAccess : true
07-20 16:22:29.210 12566 12566 E ashmem  : Pinning is deprecated since Android Q. Please use trim or other methods.
07-20 16:22:29.225  7195  7195 I NotificationListener: [Service]v6.1.9-eap02 Received new notification
07-20 16:22:29.226  4800  4800 W PreparationCoordinator: Group inflation took too long for INSIGNIFICANT, releasing children early
07-20 16:22:29.227  4800  4800 D SubscreenNotificationListCoordinator: onAfterRenderList() isSubScreen = false, pluginLockMode = 0, doNotShowOnCover = false
07-20 16:22:29.227  4800  4800 I LockscreenNotificationIconsOnlyController: onNotificationInfoUpdated 3
07-20 16:22:29.227  7195  7829 I NotificationPipeline: Processing new notification: -1|com.android.systemui|2114586824|charging_state|10041
07-20 16:22:29.229  4800  4800 I AODNotificationManager: updateNotification() 
07-20 16:22:29.231  4800  4800 E AbsSettings: refreshInner: refreshedSettingsDBItem key aod_content_type val = 0
07-20 16:22:29.231  4800  4800 I AODThemeSettingsHelper: getSingleThemeContentType = 0
07-20 16:22:29.231  4800  4800 D PluginAODManager: onNotificationInfoUpdated() 3
07-20 16:22:29.231  4800  4800 D PluginAODManager: onNotificationInfoUpdated() -1|android|62|null|1000
07-20 16:22:29.231  4800  4800 D PluginAODManager: onNotificationInfoUpdated() -1|android|27|null|1000
07-20 16:22:29.231  4800  4800 D PluginAODManager: onNotificationInfoUpdated() 0|com.samsung.wearable.watch7plugin|721|null|10406
07-20 16:22:29.231  4800  4800 I AODNotificationManager: updateVisibleNotifications: 3
07-20 16:22:29.232  7195  7829 I Notification4Watch7_NB: NotificationChecker.checkIgnoreCase - onGoing
07-20 16:22:29.233  7195  7829 W Notification4Watch7_NB: NotificationBridgeCallback.onNotificationPosted-Ignored package : [-1] com.android.systemui
07-20 16:22:29.233  7195  7829 I NotificationPipeline: Discarding notification: -1|com.android.systemui|2114586824|charging_state|10041
07-20 16:22:29.239 12566 12566 I IndexDatabaseHelper: Using schema version: 131
07-20 16:22:29.240  5145  5308 I HoneySpace.NotificationListener: onNotificationPosted com.android.systemui: -1|com.android.systemui|2114586824|charging_state|10041: 0
07-20 16:22:29.240  5145  5308 I HoneySpace.NotificationListener: invalid notification: com.android.systemui UserHandle{-1}: canShowBadge is false
07-20 16:22:29.242 12566 12566 I IndexDatabaseHelper: Index is fine
07-20 16:22:29.246  4800  4800 D SecKeyguardClockRepositoryImpl: setClockSize SMALL
07-20 16:22:29.246  9120  9120 I Routine@Core[5.0.03.22]: PreloadNotificationListenerService: onNotificationPosted: - begin  - ($)
07-20 16:22:29.246  4800  4800 I SecKeyguardClockPositionAlgorithm: prepareClockContainerHeightChanging:
07-20 16:22:29.247  4800  4800 I FaceWidget_updatePosition: updatePosition: faceWidgetPosition = Point(0, 325)
07-20 16:22:29.247  4800  4800 D FaceWidgetPagesController: refreshViews() reason = CLOCK_POSITION_CHANGED, force = false
07-20 16:22:29.248  4800  4800 I PluginFaceWidgetManager: isEditMode = false
07-20 16:22:29.248  4800  4800 I NowBarItemManager: getVisibleList isScreenTurnedOn = false / aodShowState false shouldControlScreenOff false isLockTypeNone false visibleList size = 0 / expandedItem null
07-20 16:22:29.248  4800  4800 D SecKeyguardClockRepositoryImpl: setClockSize SMALL
07-20 16:22:29.250  4800  4800 I SecKeyguardClockPositionAlgorithm: prepareClockContainerHeightChanging:
07-20 16:22:29.250  4800  4800 I FaceWidget_updatePosition: updatePosition: faceWidgetPosition = Point(0, 325)
07-20 16:22:29.250  4800  4800 D FaceWidgetPagesController: refreshViews() reason = CLOCK_POSITION_CHANGED, force = false
07-20 16:22:29.250  4800  4800 I PluginFaceWidgetManager: isEditMode = false
07-20 16:22:29.250  4800  4800 I NowBarItemManager: getVisibleList isScreenTurnedOn = false / aodShowState false shouldControlScreenOff false isLockTypeNone false visibleList size = 0 / expandedItem null
07-20 16:22:29.251  4800  4800 I FaceWidgetClockPage: updateClockRect: skip in screen off state
07-20 16:22:29.253  9120  9120 I Routine@Core[5.0.03.22]: PreloadNotificationListenerService: isScreenedOut: package on denyList  - ($)
07-20 16:22:29.254 12566 12566 I CategorizingManager: initAccessibilityUserInfo()
07-20 16:22:29.267 12566 12566 D WM-WrkMgrInitializer: Initializing WorkManager with default configuration.
07-20 16:22:29.272 12566 12566 D WM-PackageManagerHelper: Skipping component enablement for androidx.work.impl.background.systemjob.SystemJobService
07-20 16:22:29.272 12566 12566 D WM-Schedulers: Created SystemJobScheduler and enabled SystemJobService
07-20 16:22:29.282 12566 12566 I SecSettingsIntelligenceApplication: onCreate start time : 1784578949282
07-20 16:22:29.282 12566 12566 I SecSettingsIntelligenceApplication: onCreate end took: 0ms
07-20 16:22:29.282 12566 12585 I SecSettingsIntelligenceApplication: thread run start time : 1784578949282
07-20 16:22:29.282 12566 12585 W Semantic/SSESearchManager: initSemanticSearchSupported()
07-20 16:22:29.284 12566 12585 I SamsungAnalytics605083: Tracker start:6.05.083
07-20 16:22:29.284 12566 12585 I SecSettingsIntelligenceApplication: SALogging init took time : 2ms
07-20 16:22:29.285 12566 12585 I Utils   : setComponentEnableSettings() com.samsung.android.settings.intelligence.test.SearchTestProvider state already set as 2
07-20 16:22:29.286 12566 12585 I SecSettingsIntelligenceApplication: SearchTestProvider init took time : 2ms
07-20 16:22:29.286 12566 12587 D CompatChangeReporter: Compat change id reported: 183155436; UID 10120; state: ENABLED
07-20 16:22:29.286 12566 12585 I Utils   : setComponentEnableSettings() com.samsung.android.settings.intelligence.widget.receiver.BatteryWidgetReceiver state already set as 1
07-20 16:22:29.287 12566 12585 I Utils   : setComponentEnableSettings() com.samsung.android.settings.intelligence.search.sse.EmbeddingVersionUpdateReceiver state already set as 1
07-20 16:22:29.287 12566 12585 W PerformanceInfo: start time : 1784578949287
07-20 16:22:29.287  3221  4016 D BackgroundInstallControlService: Package event received: 0
07-20 16:22:29.287  3221  4016 D BackgroundInstallControlService: Package event received: 0
07-20 16:22:29.288 12566 12566 I BatteryWidget/BatteryWidgetReceiver: onReceive() action : com.samsung.android.settings.intelligence.ACTION_BATTERY_INFO_CHANGED
07-20 16:22:29.290 12566 12585 W PerformanceInfo: device totalMem=7416156160, availMem=1550254080, advertisedMem=8589934592, threshold=408944640, lowMemory=false
07-20 16:22:29.290 12566 12585 W PerformanceInfo: low memory device false
07-20 16:22:29.290 12566 12585 W PerformanceInfo: success getMemoryInfo, took time : 3
07-20 16:22:29.291 12566 12585 I SecSettingsIntelligenceApplication: BatteryWidgetReceiver init took time : 5ms
07-20 16:22:29.292 12566 12566 I BatteryWidget/BatteryWidgetReceiver: onReceive() Srinivas's S23 Ultra / type 2 / batteryLevel 30 / Left level -1 / Right level -1 / Cradle level -1 / BatteryStatus 2 / BatteryStatus left 1 / BatteryStatus Right 1 / BatteryStatus Cradle 1
07-20 16:22:29.297 12566 12566 I BatteryWidget/BatteryManagerWrapper: updateDeviceInfoList() 1
07-20 16:22:29.303 12566 12566 I BatteryWidget/BatteryManagerWrapper: updateDeviceInfoList() Srinivas's S23 Ultra / paringTime : 1759423130184
07-20 16:22:29.307 12566 12587 D SamsungAnalytics605083: [Setting Sender] No status log
07-20 16:22:29.312 25529 25877 I SSS@search user 0: (SearchProvider) [binder:25529_6] entering in call():  method: is_semantic_search_supported is called from com.android.settings.intelligence
07-20 16:22:29.313 12566 12587 D SamsungAnalytics605083: [PropertyLogBuildClient] No Property log
07-20 16:22:29.320 12566 12566 I BatteryWidget/GlanceBaseWidgetReceiver: requestWidgetUpdate() widgetClass : null / appWidgetId : allWidget
07-20 16:22:29.321 25529 25877 E SSS@search user 0: (SemanticSearchCoreHelper) isSemanticFeatureSupport: SSCO package not found.
07-20 16:22:29.322 12566 12566 I BatteryWidget/GlanceBaseWidgetReceiver: requestWidgetUpdate() widgetClass : null / appWidgetId : allWidget
07-20 16:22:29.323 12566 12566 I BatteryWidget/GlanceBaseWidgetReceiver: requestWidgetUpdate() widgetClass : null / appWidgetId : allWidget
07-20 16:22:29.324 12566 12566 I BatteryWidget/GlanceBaseWidgetReceiver: requestWidgetUpdate() widgetClass : null / appWidgetId : allWidget
07-20 16:22:29.325 12566 12566 I BatteryWidget/GlanceBaseWidgetReceiver: requestWidgetUpdate() widgetClass : null / appWidgetId : allWidget
07-20 16:22:29.326 25529 25877 I SSS@search user 0: (SearchProvider) [binder:25529_6] leaving from call():  
07-20 16:22:29.326 12566 12566 I BatteryWidget/GlanceBaseWidgetReceiver: requestWidgetUpdate() widgetClass : null / appWidgetId : allWidget
07-20 16:22:29.327 12566 12584 W JobInfo : Requested important-while-foreground flag for job138802 is ignored and takes no effect
07-20 16:22:29.327 12566 12584 D CompatChangeReporter: Compat change id reported: 194532703; UID 10120; state: ENABLED
07-20 16:22:29.327 12566 12566 I BatteryWidget/BatteryWidgetReceiver: onReceive() action : com.samsung.android.settings.intelligence.ACTION_BATTERY_INFO_CHANGED took 39
07-20 16:22:29.328  3221  7220 D CompatChangeReporter: Compat change id reported: 194532703; UID 10120; state: ENABLED
07-20 16:22:29.330 12566 12566 I GWT:AppWidgetReceiver: [intelligence] [appwidget-2.0.11] onReceive: action=com.samsung.android.settings.intelligence.ACTION_UPDATE_WIDGET_INTERNAL this=com.samsung.android.settings.intelligence.widget.ListTypeBatteryWidget
07-20 16:22:29.330 12566 12566 D AppWidgetProvider: onReceive:com.samsung.android.settings.intelligence.ACTION_UPDATE_WIDGET_INTERNAL
07-20 16:22:29.331 12566 12566 I BatteryWidget/GlanceBaseWidgetReceiver: onReceive() action : com.samsung.android.settings.intelligence.ACTION_UPDATE_WIDGET_INTERNAL
07-20 16:22:29.331 12566 12566 I BatteryWidget/GlanceBaseWidgetReceiver: handleUpdateWidgetIntent() appWidgetId : allWidget
07-20 16:22:29.332 12566 12586 I Semantic/SSESearchManager: setPreferenceValue() key : indexedSSCOVersion / value : 0.0f
07-20 16:22:29.334  3221  7220 I AppWidgetServiceImpl: getInstalledProvidersForProfiles lock in com.android.settings.intelligence
07-20 16:22:29.334  3221  7220 I AppWidgetServiceImpl: getInstalledProvidersForProfiles lock exit 2
07-20 16:22:29.334 12566 12586 W Semantic/SSESearchManager: initSemanticSearchSupported() semanticSearchSupported : false took 47
07-20 16:22:29.336 12566 12566 I GWT:AppWidgetReceiver: [intelligence] [appwidget-2.0.11] onReceive: action=com.samsung.android.settings.intelligence.ACTION_UPDATE_WIDGET_INTERNAL this=com.samsung.android.settings.intelligence.widget.GridTypeBatteryWidget
07-20 16:22:29.336 12566 12566 D AppWidgetProvider: onReceive:com.samsung.android.settings.intelligence.ACTION_UPDATE_WIDGET_INTERNAL
07-20 16:22:29.336 12566 12566 I BatteryWidget/GlanceBaseWidgetReceiver: onReceive() action : com.samsung.android.settings.intelligence.ACTION_UPDATE_WIDGET_INTERNAL
07-20 16:22:29.337 12566 12566 I BatteryWidget/GlanceBaseWidgetReceiver: handleUpdateWidgetIntent() appWidgetId : allWidget
07-20 16:22:29.337  3221  3351 I AppWidgetServiceImpl: handleSaveMessage 0
07-20 16:22:29.342 12566 12566 D BatteryWidget/GlanceBaseWidgetReceiver: updateGlanceAppWidget1(251)
07-20 16:22:29.348 12566 12566 I GWT:AppWidgetReceiver: [intelligence] [appwidget-2.0.11] onReceive: action=com.samsung.android.settings.intelligence.ACTION_UPDATE_WIDGET_INTERNAL this=com.samsung.android.settings.intelligence.widget.GlanceCircleWidgetReceiver
07-20 16:22:29.348 12566 12566 D AppWidgetProvider: onReceive:com.samsung.android.settings.intelligence.ACTION_UPDATE_WIDGET_INTERNAL
07-20 16:22:29.349 12566 12566 I BatteryWidget/GlanceBaseWidgetReceiver: onReceive() action : com.samsung.android.settings.intelligence.ACTION_UPDATE_WIDGET_INTERNAL
07-20 16:22:29.349 12566 12566 I BatteryWidget/GlanceBaseWidgetReceiver: handleUpdateWidgetIntent() appWidgetId : allWidget
07-20 16:22:29.351  3221  7163 I AppWidgetServiceImpl: getAppWidgetInfo() 251, from 0
07-20 16:22:29.353 12566 12595 D GWT:GlanceAppWidgetState: [intelligence] updateAppWidgetState / AppWidgetId(appWidgetId=251)
07-20 16:22:29.355 12566 12595 D GWT:GlanceStateDefinition: [intelligence] updateValue androidx.glance.state.PreferencesGlanceStateDefinition@df7f981 appWidget-251
07-20 16:22:29.355 12566 12566 I GWT:AppWidgetReceiver: [intelligence] [appwidget-2.0.11] onReceive: action=com.samsung.android.settings.intelligence.ACTION_UPDATE_WIDGET_INTERNAL this=com.samsung.android.settings.intelligence.widget.GlanceListWidgetReceiver
07-20 16:22:29.355 12566 12566 D AppWidgetProvider: onReceive:com.samsung.android.settings.intelligence.ACTION_UPDATE_WIDGET_INTERNAL
07-20 16:22:29.355 12566 12595 I GWT:GlanceStateDefinition: [intelligence] getDataStore: appWidget-251, file exist: false, PreferenceStateDefinition type: true
07-20 16:22:29.356 12566 12566 I BatteryWidget/GlanceBaseWidgetReceiver: onReceive() action : com.samsung.android.settings.intelligence.ACTION_UPDATE_WIDGET_INTERNAL
07-20 16:22:29.356 12566 12566 I BatteryWidget/GlanceBaseWidgetReceiver: handleUpdateWidgetIntent() appWidgetId : allWidget
07-20 16:22:29.358 12566 12595 D GWT:GlanceStateDefinition: [intelligence] getOrPutDataStore / appWidget-251 / true / false
07-20 16:22:29.358 12566 12566 I GWT:AppWidgetReceiver: [intelligence] [appwidget-2.0.11] onReceive: action=com.samsung.android.settings.intelligence.ACTION_UPDATE_WIDGET_INTERNAL this=com.samsung.android.settings.intelligence.widget.CoverArcWidgetReceiver
07-20 16:22:29.358 12566 12566 D AppWidgetProvider: onReceive:com.samsung.android.settings.intelligence.ACTION_UPDATE_WIDGET_INTERNAL
07-20 16:22:29.358 12566 12566 I BatteryWidget/GlanceBaseWidgetReceiver: onReceive() action : com.samsung.android.settings.intelligence.ACTION_UPDATE_WIDGET_INTERNAL
07-20 16:22:29.358 12566 12566 I BatteryWidget/GlanceBaseWidgetReceiver: handleUpdateWidgetIntent() appWidgetId : allWidget
07-20 16:22:29.359 12566 12595 I GWT:GlanceStateDefinition: [intelligence] create PreferenceDataStore / appWidget-251 , CoroutineScope(coroutineContext=[SupervisorJobImpl{Active}@68f4c14, Dispatchers.IO])
07-20 16:22:29.361 12566 12566 I GWT:AppWidgetReceiver: [intelligence] [appwidget-2.0.11] onReceive: action=com.samsung.android.settings.intelligence.ACTION_UPDATE_WIDGET_INTERNAL this=com.samsung.android.settings.intelligence.widget.CoverListWidgetReceiver
07-20 16:22:29.361 12566 12566 D AppWidgetProvider: onReceive:com.samsung.android.settings.intelligence.ACTION_UPDATE_WIDGET_INTERNAL
07-20 16:22:29.361 12566 12566 I BatteryWidget/GlanceBaseWidgetReceiver: onReceive() action : com.samsung.android.settings.intelligence.ACTION_UPDATE_WIDGET_INTERNAL
07-20 16:22:29.361 12566 12566 I BatteryWidget/GlanceBaseWidgetReceiver: handleUpdateWidgetIntent() appWidgetId : allWidget
07-20 16:22:29.363  3221  7220 I ActivityManager: Changes in 10120 11 to 19, 384 to 0
07-20 16:22:29.365 25529 25529 I SSS@search user 0: (SearchProvider) onTrimMemory(): 40
07-20 16:22:29.377 12566 12595 I BatteryWidget/WidgetSettingsManager: getOrCreateWidgetSettings() return exist setting : 251
07-20 16:22:29.378 12566 12595 I BatteryWidget/GlanceBaseWidgetReceiver: updateGlanceAppWidget2(AppWidgetId(appWidgetId=251)) batteryInfo : [{"mAddress":"00:00:00:00:00:00","mBatteryLevel":30,"mDeviceName":"Srinivas\u0027s S23 Ultra","mDeviceType":2,"mExtraBatteryLevelCradle":-1,"mExtraBatteryLevelLeft":-1,"mExtraBatteryLevelRight":-1,"mIsCharging":true,"mIsChargingCradle":false,"mIsChargingLeft":false,"mIsChargingRight":false,"mParingTime":1759423130184}, {"mAddress":"4C:96:8A:38:D8:A8","mBatteryLevel":100,"mDeviceName":"S Pen","mDeviceType":5,"mExtraBatteryLevelCradle":-1,"mExtraBatteryLevelLeft":-1,"mExtraBatteryLevelRight":-1,"mIsCharging":false,"mIsChargingCradle":false,"mIsChargingLeft":false,"mIsChargingRight":false,"mParingTime":1784565999415}]com.samsung.android.settings.intelligence.widget.settings.WidgetSettings@927e244
07-20 16:22:29.383 12566 12594 I BatteryWidget/GlanceBaseWidgetReceiver: updateGlanceAppWidget3(AppWidgetId(appWidgetId=251)) call glanceAppwidget.update()
07-20 16:22:29.386  3221  7220 I AppWidgetServiceImpl: getAppWidgetInfo() 251, from 0
07-20 16:22:29.403 29224 12534 I BatteryWidget/BatteryManagerProvider: call() method : getEtag result : 0 took 10
07-20 16:22:29.420  4800  4800 D Bubbles : onEntryUpdated : shouldBubbleUp=true ,key=-1|com.android.systemui|2114586824|charging_state|10041
07-20 16:22:29.421  4800  4800 D InterruptionStateProvider:  no Heads up : edgelighting enabled app. -1|com.android.systemui|2114586824|charging_state|10041
07-20 16:22:29.421  4800  4800 D InsignificantSummaryManager: onNotificationUpdated :-1|com.android.systemui|2114586824|charging_state|10041 flags: 200000 updateSummary entrySize:1
07-20 16:22:29.421  4800  4800 I {OngoingActivityController}: onEntryUpdated and OA data is empty. So update latest task info
07-20 16:22:29.423  4800  4800 D PluginAODManager: onEntryUpdated: 
07-20 16:22:29.443  4800  4800 W PreparationCoordinator: Group inflation took too long for INSIGNIFICANT, releasing children early
07-20 16:22:29.443  4800  4800 D SubscreenNotificationListCoordinator: onAfterRenderList() isSubScreen = false, pluginLockMode = 0, doNotShowOnCover = false
07-20 16:22:29.444  4800  4800 I LockscreenNotificationIconsOnlyController: onNotificationInfoUpdated 3
07-20 16:22:29.448  4800  4800 I AODNotificationManager: updateNotification() 
07-20 16:22:29.449  4800  4800 E AbsSettings: refreshInner: refreshedSettingsDBItem key aod_content_type val = 0
07-20 16:22:29.449  4800  4800 I AODThemeSettingsHelper: getSingleThemeContentType = 0
07-20 16:22:29.450  4800  4800 D PluginAODManager: onNotificationInfoUpdated() 3
07-20 16:22:29.450  4800  4800 D PluginAODManager: onNotificationInfoUpdated() -1|android|62|null|1000
07-20 16:22:29.450  4800  4800 D PluginAODManager: onNotificationInfoUpdated() -1|android|27|null|1000
07-20 16:22:29.450  4800  4800 D PluginAODManager: onNotificationInfoUpdated() 0|com.samsung.wearable.watch7plugin|721|null|10406
07-20 16:22:29.450  4800  4800 I AODNotificationManager: updateVisibleNotifications: 3
07-20 16:22:29.463  4800  4800 D SecKeyguardClockRepositoryImpl: setClockSize SMALL
07-20 16:22:29.464  4800  4800 I SecKeyguardClockPositionAlgorithm: prepareClockContainerHeightChanging:
07-20 16:22:29.465  4800  4800 I FaceWidget_updatePosition: updatePosition: faceWidgetPosition = Point(0, 325)
07-20 16:22:29.465  4800  4800 D FaceWidgetPagesController: refreshViews() reason = CLOCK_POSITION_CHANGED, force = false
07-20 16:22:29.465  4800  4800 I PluginFaceWidgetManager: isEditMode = false
07-20 16:22:29.465  4800  4800 I NowBarItemManager: getVisibleList isScreenTurnedOn = false / aodShowState false shouldControlScreenOff false isLockTypeNone false visibleList size = 0 / expandedItem null
07-20 16:22:29.465  4800  4800 D SecKeyguardClockRepositoryImpl: setClockSize SMALL
07-20 16:22:29.466  4800  4800 I SecKeyguardClockPositionAlgorithm: prepareClockContainerHeightChanging:
07-20 16:22:29.467  4800  4800 I FaceWidget_updatePosition: updatePosition: faceWidgetPosition = Point(0, 325)
07-20 16:22:29.467  4800  4800 D FaceWidgetPagesController: refreshViews() reason = CLOCK_POSITION_CHANGED, force = false
07-20 16:22:29.467  4800  4800 I PluginFaceWidgetManager: isEditMode = false
07-20 16:22:29.468  4800  4800 I NowBarItemManager: getVisibleList isScreenTurnedOn = false / aodShowState false shouldControlScreenOff false isLockTypeNone false visibleList size = 0 / expandedItem null
07-20 16:22:29.468  4800  4800 I FaceWidgetClockPage: updateClockRect: skip in screen off state
07-20 16:22:29.470  2379  3431 I bauth_FPBAuthService: pcf : 0x1012, 0 ,1 ,0 ,1 ,0 ,0, 16.0.0.0
07-20 16:22:29.470  2379  3431 I bauth_FPBAuthService: thread id : 1, preenroll_flag : 0, nd cnt : 0, cso : 0, et : 0
07-20 16:22:29.470  2379  3431 I bauth_FPBAuthService: FPBAuthService::timerHandler complete
07-20 16:22:29.471  4800  5157 D LocalImageResolver: Couldn't use ImageDecoder for drawable, falling back to non-resized load.
07-20 16:22:29.472 12566 12595 I GWT:SessionManager: [intelligence] isSessionRunning(appWidget-251)==false(true, false)
07-20 16:22:29.472 12566 12595 I GWT:AppWidget: [intelligence] Update AppWidgetId(appWidgetId=251) widget / isRunning : false
07-20 16:22:29.475 12566 12566 I GWT:SessionWorker: [intelligence] doWork appWidget-251 start 1
07-20 16:22:29.476  4800  5157 D LocalImageResolver: Couldn't use ImageDecoder for drawable, falling back to non-resized load.
07-20 16:22:29.482  4800  4800 D LocalImageResolver: Couldn't use ImageDecoder for drawable, falling back to non-resized load.
07-20 16:22:29.491  1926  1926 I SurfaceFlinger: SFWD update time=9782737122152
07-20 16:22:29.501  4800  4800 D ExpandableNotifRow: mMaxSmallHeight different before reInflateViews mMaxSmallHeight: 239 mTempSmallHeight:0 -1|com.android.systemui|2114586824|charging_state|10041
07-20 16:22:29.501  4800  4800 D ExpandableNotifRow: mMaxSmallHeight different before reInflateViews mMaxSmallHeight: 239 mTempSmallHeight:0 -1|com.android.systemui|2114586824|charging_state|10041
07-20 16:22:29.501  4800  4800 D ExpandableNotifRow: mMaxSmallHeight different before reInflateViews mMaxSmallHeight: 239 mTempSmallHeight:0 -1|com.android.systemui|2114586824|charging_state|10041
07-20 16:22:29.501  4800  4800 D ExpandableNotifRow: mMaxSmallHeight different before reInflateViews mMaxSmallHeight: 239 mTempSmallHeight:0 -1|com.android.systemui|2114586824|charging_state|10041
07-20 16:22:29.505  4800  4800 D S.S.N.  : entryViewBound parent :-1|com.android.systemui|2114586824|charging_state|10041
07-20 16:22:29.507  4800  4800 D LocalImageResolver: Couldn't use ImageDecoder for drawable, falling back to non-resized load.
07-20 16:22:29.511 12566 12590 W JobInfo : Requested important-while-foreground flag for job138803 is ignored and takes no effect
07-20 16:22:29.511  4800  4800 W PreparationCoordinator: Group inflation took too long for INSIGNIFICANT, releasing children early
07-20 16:22:29.512  4800  4800 D SubscreenNotificationListCoordinator: onAfterRenderList() isSubScreen = false, pluginLockMode = 0, doNotShowOnCover = false
07-20 16:22:29.512  4800  4800 I LockscreenNotificationIconsOnlyController: onNotificationInfoUpdated 3
07-20 16:22:29.514  4800  4800 I AODNotificationManager: updateNotification() 
07-20 16:22:29.516  4800  4800 E AbsSettings: refreshInner: refreshedSettingsDBItem key aod_content_type val = 0
07-20 16:22:29.516  4800  4800 I AODThemeSettingsHelper: getSingleThemeContentType = 0
07-20 16:22:29.516  4800  4800 D PluginAODManager: onNotificationInfoUpdated() 3
07-20 16:22:29.516  4800  4800 D PluginAODManager: onNotificationInfoUpdated() -1|android|62|null|1000
07-20 16:22:29.516  4800  4800 D PluginAODManager: onNotificationInfoUpdated() -1|android|27|null|1000
07-20 16:22:29.516  4800  4800 D PluginAODManager: onNotificationInfoUpdated() 0|com.samsung.wearable.watch7plugin|721|null|10406
07-20 16:22:29.517  4800  4800 I AODNotificationManager: updateVisibleNotifications: 3
07-20 16:22:29.517 12566 12590 I WM-WorkerWrapper: Work [ id=3c608509-107f-45b3-abff-efd73132e00f, tags={ androidx.glance.session.SessionWorker, com.android.settings.intelligence, appWidget-251 } ] was cancelled
07-20 16:22:29.517 12566 12590 I WM-WorkerWrapper: java.util.concurrent.CancellationException: Task was cancelled.
07-20 16:22:29.517 12566 12590 I WM-WorkerWrapper: 	at androidx.work.impl.utils.futures.AbstractFuture.cancellationExceptionWithCause(AbstractFuture.java:1183)
07-20 16:22:29.517 12566 12590 I WM-WorkerWrapper: 	at androidx.work.impl.utils.futures.AbstractFuture.getDoneValue(AbstractFuture.java:513)
07-20 16:22:29.517 12566 12590 I WM-WorkerWrapper: 	at androidx.work.impl.utils.futures.AbstractFuture.get(AbstractFuture.java:474)
07-20 16:22:29.517 12566 12590 I WM-WorkerWrapper: 	at androidx.work.impl.WorkerWrapper$2.run(WorkerWrapper.java:316)
07-20 16:22:29.517 12566 12590 I WM-WorkerWrapper: 	at androidx.work.impl.utils.SerialExecutorImpl$Task.run(SerialExecutorImpl.java:96)
07-20 16:22:29.517 12566 12590 I WM-WorkerWrapper: 	at java.util.concurrent.ThreadPoolExecutor.runWorker(ThreadPoolExecutor.java:1100)
07-20 16:22:29.517 12566 12590 I WM-WorkerWrapper: 	at java.util.concurrent.ThreadPoolExecutor$Worker.run(ThreadPoolExecutor.java:624)
07-20 16:22:29.517 12566 12590 I WM-WorkerWrapper: 	at java.lang.Thread.run(Thread.java:1572)
07-20 16:22:29.521 12566 12566 W GWT:SessionWorker: [intelligence] appWidget-251 Worker is canceled because of kotlinx.coroutines.JobCancellationException: Job was cancelled; job=JobImpl{Cancelling}@b8353e0 : 1 STOP_REASON_CANCELLED_BY_APP
07-20 16:22:29.527  4800  4800 D SecKeyguardClockRepositoryImpl: setClockSize SMALL
07-20 16:22:29.528  4800  4800 I SecKeyguardClockPositionAlgorithm: prepareClockContainerHeightChanging:
07-20 16:22:29.528  4800  4800 I FaceWidget_updatePosition: updatePosition: faceWidgetPosition = Point(0, 325)
07-20 16:22:29.528  4800  4800 D FaceWidgetPagesController: refreshViews() reason = CLOCK_POSITION_CHANGED, force = false
07-20 16:22:29.529  4800  4800 I PluginFaceWidgetManager: isEditMode = false
07-20 16:22:29.529  4800  4800 I NowBarItemManager: getVisibleList isScreenTurnedOn = false / aodShowState false shouldControlScreenOff false isLockTypeNone false visibleList size = 0 / expandedItem null
07-20 16:22:29.529  4800  4800 D SecKeyguardClockRepositoryImpl: setClockSize SMALL
07-20 16:22:29.530  4800  4800 I SecKeyguardClockPositionAlgorithm: prepareClockContainerHeightChanging:
07-20 16:22:29.530  4800  4800 I FaceWidget_updatePosition: updatePosition: faceWidgetPosition = Point(0, 325)
07-20 16:22:29.530  4800  4800 D FaceWidgetPagesController: refreshViews() reason = CLOCK_POSITION_CHANGED, force = false
07-20 16:22:29.531  4800  4800 I PluginFaceWidgetManager: isEditMode = false
07-20 16:22:29.531  4800  4800 I NowBarItemManager: getVisibleList isScreenTurnedOn = false / aodShowState false shouldControlScreenOff false isLockTypeNone false visibleList size = 0 / expandedItem null
07-20 16:22:29.531  4800  4800 I FaceWidgetClockPage: updateClockRect: skip in screen off state
07-20 16:22:29.533 12566 12595 I GWT:SessionManager: [intelligence] startSession appWidget-251 ENQUEUED + RUNNING : 1 / 1
07-20 16:22:29.534 12566 12595 I BatteryWidget/GlanceBaseWidgetReceiver: complete update : id[251]
07-20 16:22:29.535 12566 12566 I GWT:SessionWorker: [intelligence] doWork appWidget-251 start 0
07-20 16:22:29.535 12566 12566 D GWT:SessionWorker: [intelligence] Setting up composition for appWidget-251
07-20 16:22:29.540 12566 12566 D GWT:AppWidgetUtils: [intelligence] setCurrentDensity 251 3.325
07-20 16:22:29.543 12566 12566 D GWT:InteractiveFrameClock: [intelligence] received frame to run
07-20 16:22:29.544 12566 12566 I GWT:GlanceStateDefinition: [intelligence] getDataStore: appWidget-251, file exist: true, PreferenceStateDefinition type: true
07-20 16:22:29.545  3221  7220 I AppWidgetServiceImpl: getAppWidgetInfo() 251, from 0
07-20 16:22:29.547 12566 12566 D GWT:InteractiveFrameClock: [intelligence] Sending next frame
07-20 16:22:29.548 12566 12566 D GWT:AppWidgetUtils: [intelligence] setCurrentDensity 251 3.325
07-20 16:22:29.551 12566 12566 D GWT:AppWidgetUtils: [intelligence] trySend androidx.compose.runtime.internal.ComposableLambdaImpl@4effce6 / ProducerCoroutine{Active}@920f227@runGlance
07-20 16:22:29.551 12566 12566 D GWT:SessionWorker: [intelligence] UI tree updated (appWidget-251)
07-20 16:22:29.551 12566 12566 I GWT:AppWidgetSession: [intelligence] processEmittableTree-AppWidgetId(appWidgetId=251) is ignored
07-20 16:22:29.552 12566 12566 D GWT:InteractiveFrameClock: [intelligence] received frame to run
07-20 16:22:29.622  4800  4800 D InsignificantSummaryManager: Insignificant summary filtered out by other condition 1
07-20 16:22:29.743 12566 12566 D GWT:InteractiveFrameClock: [intelligence] Sending next frame
07-20 16:22:29.744 12566 12566 D GWT:AppWidgetUtils: [intelligence] setCurrentDensity 251 3.325
07-20 16:22:29.744 12566 12566 I GWT:AppWidgetSession: [intelligence] widget-AppWidgetId(appWidgetId=251) collectAsState androidx.compose.runtime.internal.ComposableLambdaImpl@4effce6
07-20 16:22:29.748 12566 12566 D GWT:GlanceDeviceConfigUtils: [intelligence] DeviceType is phone
07-20 16:22:29.749 12566 12566 I GWT:AppWidgetUtils: [intelligence] [common-2.0.13] 251-widget size dp: w=139.03398 h=61.44, px: w=462.288.px h=204.288.px
07-20 16:22:29.749 12566 12566 I GWT:AppWidgetUtils: [intelligence] mode=small from options
07-20 16:22:29.751 12566 12566 I GWT:TemplateAppWidget: [intelligence] [common-2.0.13] provideContent: widgetId=AppWidgetId(appWidgetId=251), dpsize=139.03398.dp x 61.44.dp, size=small, style=monotone, host=LockAndAOD, iconLabelOn=true, widgetLabelOn=false, deviceType=phone
07-20 16:22:29.766 12566 12566 I BatteryWidget/BaseWidget: TemplateContent(AppWidgetId(appWidgetId=251)) type : LockAndAOD, size : small
07-20 16:22:29.767  3221  7220 I AppWidgetServiceImpl: getInstalledProvidersForProfiles lock in com.android.settings.intelligence
07-20 16:22:29.768  3221  7220 I AppWidgetServiceImpl: getInstalledProvidersForProfiles lock exit 2
07-20 16:22:29.769  3221  3351 I AppWidgetServiceImpl: handleSaveMessage 0
07-20 16:22:29.770 12566 12566 I BatteryWidget/WidgetSettingsManager: getOrCreateWidgetSettings() return exist setting : 251
07-20 16:22:29.770 12566 12566 I BatteryWidget/DeviceInfoManager: [251] DeviceInfoManager() widgetType : 1 / auto : true / presetDeviceName :  / mDeviceCountLimit : 4
07-20 16:22:29.773 12566 12566 D BatteryWidget/WidgetUtils: isNightMode : true
07-20 16:22:29.773 12566 12566 D BatteryWidget/WidgetUtils: isNightMode : true
07-20 16:22:29.773 12566 12566 I BatteryWidget/DeviceInfoManager: [251] getConnectedDevices() raw : 2 converted : 2
07-20 16:22:29.773 12566 12566 I BatteryWidget/DeviceInfoManager: [251] sortDevices() widgetType : 1 / size : 2
07-20 16:22:29.773 12566 12566 I BatteryWidget/DeviceInfoManager: [251] loadConnectedDevices after :  DeviceInfo{mID='XX:XX:XX:XX:D8:A8', mDeviceName='S Pen', mDeviceType =7, mBatteryLevel=100, mIsCharging=false, mOrder=6, mIsDimChart=false, mParingTime =1784565999415}
07-20 16:22:29.773 12566 12566 I BatteryWidget/DeviceInfoManager: [251] loadConnectedDevices after :  DeviceInfo{mID='XX:XX:XX:XX:00:00', mDeviceName='Srinivas's S23 Ultra', mDeviceType =0, mBatteryLevel=30, mIsCharging=true, mOrder=1, mIsDimChart=false, mParingTime =1759423130184}
07-20 16:22:29.773 12566 12566 I BatteryWidget/DeviceInfoManager: [251] decorateDevices() 2
07-20 16:22:29.773 12566 12566 I BatteryWidget/DeviceInfoManager: [251] fillDimChart() dimGridCount : 2 / 4
07-20 16:22:29.774 12566 12566 I BatteryWidget/BaseWidget: TemplateContent(AppWidgetId(appWidgetId=251)) call MainContent
07-20 16:22:29.775 12566 12566 I BatteryWidget/WidgetSettingsManager: getOrCreateWidgetSettings() return exist setting : 251
07-20 16:22:29.776 12566 12566 D BatteryWidget/WidgetUtils: isNightMode : true
07-20 16:22:29.776 12566 12566 D BatteryWidget/WidgetUtils: isNightMode : true
07-20 16:22:29.784 12566 12566 I GlanceTemplate: [intelligence] appWidgetDescription=, appWidgetBackground=color, shape=none, appWidgetLabel=true, colors=ColorProviders(primary=[fixedColor=33ffffff], onPrimary=[fixedColor=ffffffff], primaryContainer=[fixedColor=1affffff], onPrimaryContainer=[fixedColor=ffffffff], background=[fixedColor=ffffff], onBackground=[fixedColor=ffffffff], surface=[fixedColor=26ffffff], onSurface=[fixedColor=ffffffff], surfaceVariant=[fixedColor=ffff00ff], onSurfaceVariant=[fixedColor=ffff00ff], inverseOnSurface=[fixedColor=ffffffff], inverseSurface=[fixedColor=1affffff]
07-20 16:22:29.785 12566 12566 D BatteryWidget/ArcContent: MainContent(AppWidgetId(appWidgetId=251)): Shape : color, shape=none
07-20 16:22:29.786 12566 12566 D BatteryWidget/WidgetUtils: isNightMode : true
07-20 16:22:29.786 12566 12566 E DeviceIconManager: getSvgIcon() fail : /data/user/0/com.android.settings.intelligence/files/bticon/05_04.svg is null 
07-20 16:22:29.795 12566 12566 D BatteryWidget/ArcContent: MainContent(AppWidgetId(appWidgetId=251)): DeviceInfo{mID='XX:XX:XX:XX:D8:A8', mDeviceName='S Pen', mDeviceType =7, mBatteryLevel=100, mIsCharging=false, mOrder=6, mIsDimChart=false, mParingTime =1784565999415}
07-20 16:22:29.795 12566 12566 D BatteryWidget/WidgetUtils: isNightMode : true
07-20 16:22:29.795 12566 12566 E DeviceIconManager: getSvgIcon() fail : /data/user/0/com.android.settings.intelligence/files/bticon/01_00.svg is null 
