--------- beginning of main
07-20 15:07:38.225  1355  1710 I AiAiEcho: [pnb-agg] Reload pnb aggregation on events deleted
07-20 15:07:38.229   927   927 D Launcher.Model: package removed received com.wonderfood.app.foss
07-20 15:07:38.230  1355  1710 I AiAiEcho: [pnb-agg] pnb aggregation disabled.
07-20 15:07:38.232   927   989 D PackageUpdatedTask: Removing app iconcom.wonderfood.app.foss
07-20 15:07:38.300   927   989 D ModelWriter: removing items from db . Reason: [removed because the corresponding package or component is removed. mOp=3 removedPackages=[com.wonderfood.app.foss] removedComponents=[]]
07-20 15:07:38.363   927  1439 D EGL_emulation: app_time_stats: avg=11906.84ms min=24.50ms max=23789.17ms count=2
07-20 15:07:38.484   699   699 D StatusBarIconController: ignoring old pipeline callback because the new wifi icon is enabled
07-20 15:07:39.473   927  1439 D EGL_emulation: app_time_stats: avg=543.94ms min=383.85ms max=704.03ms count=2
07-20 15:07:39.544  1355  1838 I AiAiEcho: EchoSearch: WidgetFetcherImpl is initialized with [31] widgets [reason=package removed for userId: 0]
07-20 15:07:39.640  1379  1966 W native  : W0000 00:00:1784574459.640430    1966 input-utils.cc:142] Failed to get value for update inducing feature |latitude| due to INVALID_ARGUMENT: No feature generators for feature "latitude"
07-20 15:07:39.640  1379  1966 W native  : === Source Location Trace: ===
07-20 15:07:39.640  1379  1966 W native  : ./speech/service/context/features/feature-dictionary-provider.h:99
07-20 15:07:39.640  1379  1966 W native  :  Subgraphs depending on this feature will not have a new revision.
07-20 15:07:39.663  1379  1966 W native  : W0000 00:00:1784574459.663707    1966 input-utils.cc:142] Failed to get value for update inducing feature |longitude| due to INVALID_ARGUMENT: No feature generators for feature "longitude"
07-20 15:07:39.663  1379  1966 W native  : === Source Location Trace: ===
07-20 15:07:39.663  1379  1966 W native  : ./speech/service/context/features/feature-dictionary-provider.h:99
07-20 15:07:39.663  1379  1966 W native  :  Subgraphs depending on this feature will not have a new revision.
07-20 15:07:39.678  1379  1966 W native  : W0000 00:00:1784574459.678332    1966 input-utils.cc:142] Failed to get value for update inducing feature |latitude| due to INVALID_ARGUMENT: No feature generators for feature "latitude"
07-20 15:07:39.678  1379  1966 W native  : === Source Location Trace: ===
07-20 15:07:39.678  1379  1966 W native  : ./speech/service/context/features/feature-dictionary-provider.h:99
07-20 15:07:39.678  1379  1966 W native  :  Subgraphs depending on this feature will not have a new revision.
07-20 15:07:39.681  1379  1966 W native  : W0000 00:00:1784574459.681622    1966 input-utils.cc:142] Failed to get value for update inducing feature |longitude| due to INVALID_ARGUMENT: No feature generators for feature "longitude"
07-20 15:07:39.681  1379  1966 W native  : === Source Location Trace: ===
07-20 15:07:39.681  1379  1966 W native  : ./speech/service/context/features/feature-dictionary-provider.h:99
07-20 15:07:39.681  1379  1966 W native  :  Subgraphs depending on this feature will not have a new revision.
07-20 15:07:39.776  1379  3929 W A       : Candidate identifiers aren't set, ignoring.
--------- beginning of system
07-20 15:07:39.777   499   525 W WindowMagnificationMgr: requestConnection duplicated request: connect=false, mConnectionState=DISCONNECTED
07-20 15:07:39.788  1379  3929 W A       : Candidate identifiers aren't set, ignoring.
07-20 15:07:39.845  1355  1710 I AiAiEcho: [pnb-agg] Reload pnb aggregation on events deleted
07-20 15:07:39.846  1355  1710 I AiAiEcho: [pnb-agg] pnb aggregation disabled.
07-20 15:07:39.847  1355  1355 I AiAiEcho: AppFetcherImplV2 onPackageRemoved com.wonderfood.app.foss.test.
07-20 15:07:39.862   927   927 D Launcher.Model: package removed received com.wonderfood.app.foss.test
07-20 15:07:39.862   927   989 D PackageUpdatedTask: Removing app iconcom.wonderfood.app.foss.test
07-20 15:07:39.875   927   989 D ModelWriter: removing items from db . Reason: [removed because the corresponding package or component is removed. mOp=3 removedPackages=[com.wonderfood.app.foss.test] removedComponents=[]]
07-20 15:07:39.924  1355  1838 I AiAiEcho: EchoSearch: WidgetFetcherImpl is initialized with [31] widgets [reason=package removed for userId: 0]
07-20 15:07:40.494   316 19707 I resolv  : res_nsend: used send_dg 0 terrno: 110
--------- beginning of kernel
07-20 15:07:41.140   122   122 I servicemanager: Notifying artd they don't (previously: do) have clients when we now have no record of a client
07-20 15:07:41.141   122   122 I servicemanager: Unregistering artd
07-20 15:07:41.141   122   122 I BpBinder: onLastStrongRef automatically unlinking death recipients:
07-20 15:07:41.138 19756 19757 I AidlLazyServiceRegistrar: Process has 0 (of 1 available) client(s) in use after notification artd has clients: 0
07-20 15:07:41.138 19756 19757 I AidlLazyServiceRegistrar: Trying to shut down the service. No clients in use for any service in process.
07-20 15:07:41.139 19756 19757 I AidlLazyServiceRegistrar: Unregistered all clients and exiting
07-20 15:07:41.150     1     1 I init    : Service 'artd' (pid 19756) exited with status 0 oneshot service took 17.943001 seconds in background
07-20 15:07:41.150     1     1 I init    : Sending signal 9 to service 'artd' (pid 19756) process group...
07-20 15:07:41.150     1     1 I libprocessgroup: Successfully killed process cgroup uid 1082 pid 19756 in 0ms
07-20 15:07:41.344   316 19719 I resolv  : res_nsend: used send_dg 0 terrno: 110
07-20 15:07:41.344   316 19719 I resolv  : doQuery: rcode=255, ancount=0, return value=-110
07-20 15:07:41.344   316 19718 I resolv  : res_nsend: used send_dg 0 terrno: 110
07-20 15:07:41.344   316 19718 I resolv  : doQuery: rcode=255, ancount=0, return value=-110
07-20 15:07:41.348   771 19709 D NetworkMonitor/105: PROBE_FALLBACK http://play.googleapis.com/generate_204 Probe failed with exception java.net.UnknownHostException: Unable to resolve host "play.googleapis.com": No address associated with hostname
07-20 15:07:41.628   316 19848 I resolv  : GetAddrInfoHandler::run: {105 786537 105 983145 10131 0}
07-20 15:07:41.636   316 19850 I resolv  : res_nmkquery: (QUERY, IN, A)
07-20 15:07:41.636   316 19849 I resolv  : res_nmkquery: (QUERY, IN, AAAA)
07-20 15:07:41.636   316 19849 I resolv  : res_stats_usable_server: too many resolution errors, ignoring server
07-20 15:07:41.636   316 19849 I resolv  : res_stats_usable_server: too many resolution errors, ignoring server
07-20 15:07:41.638   316 19850 I resolv  : res_stats_usable_server: too many resolution errors, ignoring server
07-20 15:07:41.638   316 19850 I resolv  : res_stats_usable_server: too many resolution errors, ignoring server
07-20 15:07:41.721   316 19722 I resolv  : res_nsend: used send_dg 0 terrno: 110
07-20 15:07:41.721   316 19721 I resolv  : res_nsend: used send_dg 0 terrno: 110
07-20 15:07:41.722   771   771 W DnsResolver: resNetworkResult:android.system.ErrnoException: resNetworkResult failed: ETIMEDOUT (Connection timed out)
07-20 15:07:41.722   771   771 W DnsResolver: resNetworkResult:android.system.ErrnoException: resNetworkResult failed: ETIMEDOUT (Connection timed out)
07-20 15:07:41.723   316 19828 I resolv  : res_stats_usable_server: too many resolution errors, ignoring server
07-20 15:07:41.723   316 19828 I resolv  : res_stats_usable_server: too many resolution errors, ignoring server
07-20 15:07:41.726   316 19829 I resolv  : res_stats_usable_server: too many resolution errors, ignoring server
07-20 15:07:41.726   316 19829 I resolv  : res_stats_usable_server: too many resolution errors, ignoring server
07-20 15:07:41.727   316 19723 I resolv  : res_nsend: used send_dg 0 terrno: 110
07-20 15:07:41.727   316 19725 I resolv  : res_nsend: used send_dg 0 terrno: 110
07-20 15:07:41.728   316 19725 I resolv  : doQuery: rcode=255, ancount=0, return value=-110
07-20 15:07:41.728   316 19726 I resolv  : res_nsend: used send_dg 0 terrno: 110
07-20 15:07:41.728   316 19726 I resolv  : doQuery: rcode=255, ancount=0, return value=-110
07-20 15:07:41.730   771   771 W DnsResolver: resNetworkResult:android.system.ErrnoException: resNetworkResult failed: ETIMEDOUT (Connection timed out)
07-20 15:07:41.731   316 19835 I resolv  : res_stats_usable_server: too many resolution errors, ignoring server
07-20 15:07:41.731   316 19835 I resolv  : res_stats_usable_server: too many resolution errors, ignoring server
07-20 15:07:41.731   316 19720 I resolv  : res_nsend: used send_dg 0 terrno: 110
07-20 15:07:41.732   316 19834 I resolv  : res_stats_usable_server: too many resolution errors, ignoring server
07-20 15:07:41.732   316 19834 I resolv  : res_stats_usable_server: too many resolution errors, ignoring server
07-20 15:07:41.737   771   771 W DnsResolver: resNetworkResult:android.system.ErrnoException: resNetworkResult failed: ETIMEDOUT (Connection timed out)
07-20 15:07:41.740  1162 19807 E WakeLock: GCM_HB_ALARM release without a matched acquire!
07-20 15:07:41.741  1162 19807 W WakeLock: GCM_HB_ALARM counter does not exist
07-20 15:07:41.749  1162 19807 E WakeLock: GCM_HB_ALARM release without a matched acquire!
07-20 15:07:41.750  1162 19807 W WakeLock: GCM_HB_ALARM counter does not exist
07-20 15:07:41.751  1162 19807 I AlarmManager: setExactAndAllowWhileIdle [name: GCM_CONN_ALARM type: 2 triggerAtMillis: 10775253]
07-20 15:07:42.127   499   690 W FileUtils: Failed to chmod(AtomicFile[/data/system_de/0/system/game-manager-service.xml]): android.system.ErrnoException: chmod failed: ENOENT (No such file or directory)
07-20 15:07:42.152   699   803 W Looper  : Drained
07-20 15:07:42.155   699   699 D StatusBarIconController: ignoring old pipeline callbacks, because the new mobile icons are enabled
07-20 15:07:43.170   499   577 D ActivityManager: freezing 18515 com.google.android.adservices.api
07-20 15:07:43.875   499   577 D ActivityManager: freezing 18754 com.google.android.documentsui
07-20 15:07:43.884   144 19778 I keystore2: system/security/keystore2/src/watchdog.rs:319 - Watchdog thread idle -> terminating. Have a great day.
07-20 15:07:43.888   499   577 D ActivityManager: freezing 18787 android.process.media
07-20 15:07:43.904   499   577 D ActivityManager: freezing 17632 com.android.chrome
07-20 15:07:44.497   699   699 D StatusBarIconController: ignoring old pipeline callback because the new wifi icon is enabled
07-20 15:07:44.822   499   577 D ActivityManager: freezing 1303 com.google.android.apps.wellbeing
07-20 15:07:45.404   681   681 I wpa_supplicant: wlan0: CTRL-EVENT-BEACON-LOSS 
07-20 15:07:45.500   316 19707 I resolv  : res_nsend: used send_dg 0 terrno: 110
07-20 15:07:45.500   316 19707 I resolv  : doQuery: rcode=255, ancount=0, return value=-110
07-20 15:07:45.504  1570 19669 W enyb    : [{0}] Failed to resolve name. status={1}
07-20 15:07:46.638   316 19849 I resolv  : res_nsend: used send_dg 0 terrno: 110
07-20 15:07:46.644   316 19850 I resolv  : res_nsend: used send_dg 0 terrno: 110
07-20 15:07:46.729   316 19828 I resolv  : res_nsend: used send_dg 0 terrno: 110
07-20 15:07:46.730   316 19829 I resolv  : res_nsend: used send_dg 0 terrno: 110
07-20 15:07:46.737   316 19835 I resolv  : res_nsend: used send_dg 0 terrno: 110
07-20 15:07:46.738   316 19834 I resolv  : res_nsend: used send_dg 0 terrno: 110
07-20 15:07:47.503   699   699 D StatusBarIconController: ignoring old pipeline callback because the new wifi icon is enabled
07-20 15:07:50.279  1355  1355 W AiAiOdi : Received null ClipData.
07-20 15:07:50.506   699   699 D StatusBarIconController: ignoring old pipeline callback because the new wifi icon is enabled
07-20 15:07:50.912   499   745 W ProcessStats: Tracking association SourceState{fd4488 com.google.android.gms/10131 BTop #21487} whose proc state 2 is better than process ProcessState{5a821e8 com.google.android.gms.persistent/10131 pkg=com.google.android.gms} proc state 4 (283 skipped)
07-20 15:07:51.645   316 19849 I resolv  : res_nsend: used send_dg 0 terrno: 110
07-20 15:07:51.650   316 19850 I resolv  : res_nsend: used send_dg 0 terrno: 110
07-20 15:07:51.736   316 19828 I resolv  : res_nsend: used send_dg 0 terrno: 110
07-20 15:07:51.737   316 19829 I resolv  : res_nsend: used send_dg 0 terrno: 110
07-20 15:07:51.743   316 19835 I resolv  : res_nsend: used send_dg 0 terrno: 110
07-20 15:07:51.743   316 19834 I resolv  : res_nsend: used send_dg 0 terrno: 110
07-20 15:07:52.151   699   699 D StatusBarIconController: ignoring old pipeline callbacks, because the new mobile icons are enabled
07-20 15:07:53.338   681   681 I wpa_supplicant: wlan0: CTRL-EVENT-BEACON-LOSS 
07-20 15:07:53.510   699   699 D StatusBarIconController: ignoring old pipeline callback because the new wifi icon is enabled
07-20 15:07:56.516   699   699 D StatusBarIconController: ignoring old pipeline callback because the new wifi icon is enabled
07-20 15:07:56.663   316 19849 I resolv  : res_nsend: used send_dg 0 terrno: 110
07-20 15:07:56.663   316 19850 I resolv  : res_nsend: used send_dg 0 terrno: 110
07-20 15:07:56.737   316 19828 I resolv  : res_nsend: used send_dg 0 terrno: 110
07-20 15:07:56.738   316 19829 I resolv  : res_nsend: used send_dg 0 terrno: 110
07-20 15:07:56.748   316 19835 I resolv  : res_nsend: used send_dg 0 terrno: 110
07-20 15:07:56.748   316 19834 I resolv  : res_nsend: used send_dg 0 terrno: 110
07-20 15:07:59.522   699   699 D StatusBarIconController: ignoring old pipeline callback because the new wifi icon is enabled
07-20 15:08:00.006   699   810 W Looper  : Drained
07-20 15:08:00.008  1355  1710 I AiAiEcho: Predicting[0]: 
07-20 15:08:00.011  1355  1710 I AiAiEcho: EchoTargets: 
07-20 15:08:00.011  1355  1710 I AiAiEcho: Filtered by AiAi flag check: 
07-20 15:08:00.011  1355  1710 I AiAiEcho: Ranked targets strategy: SORT, count: 0, ranking metadata: 
07-20 15:08:00.012  1355  1710 I AiAiEcho: #postPredictionTargets: Sending updates to UISurface lockscreen with targets# 0 (types=[])
07-20 15:08:00.013   699   699 W PageIndicator: Total number of pages invalid: 0. Assuming 1 page.
07-20 15:08:00.053   699   804 D EGL_emulation: app_time_stats: avg=50347.29ms min=50347.29ms max=50347.29ms count=1
07-20 15:08:01.274   681   681 I wpa_supplicant: wlan0: CTRL-EVENT-BEACON-LOSS 
07-20 15:08:01.670   316 19849 I resolv  : res_nsend: used send_dg 0 terrno: 110
07-20 15:08:01.670   316 19849 I resolv  : doQuery: rcode=255, ancount=0, return value=-110
07-20 15:08:01.670   316 19850 I resolv  : res_nsend: used send_dg 0 terrno: 110
07-20 15:08:01.670   316 19850 I resolv  : doQuery: rcode=255, ancount=0, return value=-110
07-20 15:08:01.675  1570 18910 W enyb    : [{0}] Failed to resolve name. status={1}
07-20 15:08:01.741   316 19828 I resolv  : res_nsend: used send_dg 0 terrno: 110
07-20 15:08:01.741   316 19828 I resolv  : doQuery: rcode=255, ancount=0, return value=-110
07-20 15:08:01.741   316 19829 I resolv  : res_nsend: used send_dg 0 terrno: 110
07-20 15:08:01.741   316 19829 I resolv  : doQuery: rcode=255, ancount=0, return value=-110
07-20 15:08:01.742   771 19715 D NetworkMonitor/105: PROBE_HTTP http://connectivitycheck.gstatic.com/generate_204 Probe failed with exception java.net.UnknownHostException: Unable to resolve host "connectivitycheck.gstatic.com": No address associated with hostname
07-20 15:08:01.755   316 19835 I resolv  : res_nsend: used send_dg 0 terrno: 110
07-20 15:08:01.755   316 19835 I resolv  : doQuery: rcode=255, ancount=0, return value=-110
07-20 15:08:01.756   316 19834 I resolv  : res_nsend: used send_dg 0 terrno: 110
07-20 15:08:01.756   316 19834 I resolv  : doQuery: rcode=255, ancount=0, return value=-110
07-20 15:08:01.760   771 19714 D NetworkMonitor/105: PROBE_HTTPS https://www.google.com/generate_204 Probe failed with exception java.net.UnknownHostException: Unable to resolve host "www.google.com": No address associated with hostname
07-20 15:08:01.761   771 19709 D NetworkMonitor/105: isCaptivePortal: isSuccessful()=false isPortal()=false RedirectUrl=null isPartialConnectivity()=false Time=44309ms
07-20 15:08:01.763   499   629 D ConnectivityService: [105 WIFI] validation failed
07-20 15:08:02.153   699   699 D StatusBarIconController: ignoring old pipeline callbacks, because the new mobile icons are enabled
07-20 15:08:02.820   499   577 D ActivityManager: freezing 18435 com.google.android.permissioncontroller
07-20 15:08:02.881   499   568 W ProcessStats: Tracking association SourceState{aefe913 com.google.android.googlequicksearchbox:search/10132 BTop #21504} whose proc state 2 is better than process ProcessState{5a821e8 com.google.android.gms.persistent/10131 pkg=com.google.android.gms} proc state 4 (97 skipped)
07-20 15:08:04.654  1570 19831 I ContentMaintenance: Internal cache bytes used: 0; limit: 100000000; download size: 0
07-20 15:08:04.657  1570 19831 I RealtimeCacheCleanup: Beginning Realtime garbage collection.
07-20 15:08:04.657  1570 19831 I RealtimeCacheCleanup: Finished Realtime garbage collection.
07-20 15:08:05.533   699   699 D StatusBarIconController: ignoring old pipeline callback because the new wifi icon is enabled
07-20 15:08:09.156   499  1968 D CompatibilityChangeReporter: Compat change id reported: 241766793; UID 10189; state: ENABLED
07-20 15:08:09.157   499  1968 D CompatibilityChangeReporter: Compat change id reported: 161252188; UID 10189; state: DISABLED
07-20 15:08:09.161   499  1968 D ActivityManager: sync unfroze 18435 com.google.android.permissioncontroller for 6
07-20 15:08:09.468   681   681 I wpa_supplicant: wlan0: CTRL-EVENT-BEACON-LOSS 
07-20 15:08:11.779   499   533 D KernelCpuUidUserSysTimeReader: Removing uids 10235-10235
07-20 15:08:11.782   499   533 D KernelCpuUidUserSysTimeReader: Removing uids 10236-10236
07-20 15:08:12.177   699   699 D StatusBarIconController: ignoring old pipeline callbacks, because the new mobile icons are enabled
07-20 15:08:12.179   699   804 D EGL_emulation: app_time_stats: avg=12124.86ms min=12124.86ms max=12124.86ms count=1
07-20 15:08:12.888   499   577 D ActivityManager: freezing 18436 com.android.keychain
07-20 15:08:12.888   499   577 D ActivityManager: freezing 18655 com.android.settings
07-20 15:08:17.403   681   681 I wpa_supplicant: wlan0: CTRL-EVENT-BEACON-LOSS 
07-20 15:08:17.772   771 19855 D TrafficStats: tagSocket(105) with statsTag=0xffffff81, statsUid=-1
07-20 15:08:17.773   771 19854 D TrafficStats: tagSocket(107) with statsTag=0xffffff81, statsUid=-1
07-20 15:08:17.774   771 19855 D TrafficStats: tagSocket(105) with statsTag=0xffffff81, statsUid=-1
07-20 15:08:17.775   771 19854 D TrafficStats: tagSocket(106) with statsTag=0xffffff81, statsUid=-1
07-20 15:08:17.779   316 19857 I resolv  : ResNSendHandler::run: 0 / {105 983145 105 983145 1073 1}
07-20 15:08:17.779   316 19857 I resolv  : res_stats_usable_server: too many resolution errors, ignoring server
07-20 15:08:17.780   316 19857 I resolv  : res_stats_usable_server: too many resolution errors, ignoring server
07-20 15:08:17.783   316 19856 I resolv  : ResNSendHandler::run: 0 / {105 983145 105 983145 1073 1}
07-20 15:08:17.787   316 19856 I resolv  : res_stats_usable_server: too many resolution errors, ignoring server
07-20 15:08:17.787   316 19856 I resolv  : res_stats_usable_server: too many resolution errors, ignoring server
07-20 15:08:17.788   316 19859 I resolv  : ResNSendHandler::run: 0 / {105 983145 105 983145 1073 1}
07-20 15:08:17.788   316 19859 I resolv  : res_stats_usable_server: too many resolution errors, ignoring server
07-20 15:08:17.788   316 19858 I resolv  : ResNSendHandler::run: 0 / {105 983145 105 983145 1073 1}
07-20 15:08:17.788   316 19859 I resolv  : res_stats_usable_server: too many resolution errors, ignoring server
07-20 15:08:17.789   316 19858 I resolv  : res_stats_usable_server: too many resolution errors, ignoring server
07-20 15:08:17.789   316 19858 I resolv  : res_stats_usable_server: too many resolution errors, ignoring server
07-20 15:08:20.563   699   699 D StatusBarIconController: ignoring old pipeline callback because the new wifi icon is enabled
07-20 15:08:20.773   316 19860 I resolv  : GetAddrInfoHandler::run: {105 983145 105 983145 1073 1}
07-20 15:08:20.775   316 19862 I resolv  : res_nmkquery: (QUERY, IN, A)
07-20 15:08:20.776   316 19862 I resolv  : resolv_cache_lookup: Waiting for previous request
07-20 15:08:20.777   316 19861 I resolv  : res_nmkquery: (QUERY, IN, AAAA)
07-20 15:08:20.778   316 19861 I resolv  : resolv_cache_lookup: Waiting for previous request
07-20 15:08:20.831   316 19863 I resolv  : GetAddrInfoHandler::run: {105 786537 105 983145 10131 0}
07-20 15:08:20.834   316 19865 I resolv  : res_nmkquery: (QUERY, IN, A)
07-20 15:08:20.835   316 19864 I resolv  : res_nmkquery: (QUERY, IN, AAAA)
07-20 15:08:20.836   316 19864 I resolv  : res_stats_usable_server: too many resolution errors, ignoring server
07-20 15:08:20.837   316 19864 I resolv  : res_stats_usable_server: too many resolution errors, ignoring server
07-20 15:08:20.837   316 19865 I resolv  : res_stats_usable_server: too many resolution errors, ignoring server
07-20 15:08:20.838   316 19865 I resolv  : res_stats_usable_server: too many resolution errors, ignoring server
07-20 15:08:22.163   699   699 D StatusBarIconController: ignoring old pipeline callbacks, because the new mobile icons are enabled
07-20 15:08:22.788   316 19857 I resolv  : res_nsend: used send_dg 0 terrno: 110
07-20 15:08:22.788   316 19856 I resolv  : res_nsend: used send_dg 0 terrno: 110
07-20 15:08:22.795   316 19859 I resolv  : res_nsend: used send_dg 0 terrno: 110
07-20 15:08:22.796   316 19858 I resolv  : res_nsend: used send_dg 0 terrno: 110
07-20 15:08:23.568   699   699 D StatusBarIconController: ignoring old pipeline callback because the new wifi icon is enabled
07-20 15:08:25.338   681   681 I wpa_supplicant: wlan0: CTRL-EVENT-BEACON-LOSS 
07-20 15:08:25.845   316 19865 I resolv  : res_nsend: used send_dg 0 terrno: 110
07-20 15:08:25.846   316 19864 I resolv  : res_nsend: used send_dg 0 terrno: 110
07-20 15:08:26.580   699   699 D StatusBarIconController: ignoring old pipeline callback because the new wifi icon is enabled
07-20 15:08:27.794   316 19857 I resolv  : res_nsend: used send_dg 0 terrno: 110
07-20 15:08:27.795   316 19856 I resolv  : res_nsend: used send_dg 0 terrno: 110
07-20 15:08:27.799   316 19859 I resolv  : res_nsend: used send_dg 0 terrno: 110
07-20 15:08:27.799   316 19858 I resolv  : res_nsend: used send_dg 0 terrno: 110
07-20 15:08:29.585   699   699 D StatusBarIconController: ignoring old pipeline callback because the new wifi icon is enabled
07-20 15:08:30.293   771 19855 D NetworkMonitor/105: PROBE_DNS connectivitycheck.gstatic.com 12521ms FAIL in type ADDRCONFIG Timeout
07-20 15:08:30.299   771 19854 D NetworkMonitor/105: PROBE_DNS www.google.com 12525ms FAIL in type ADDRCONFIG Timeout
07-20 15:08:30.301   316 19866 I resolv  : GetAddrInfoHandler::run: {105 983145 105 983145 1073 1}
07-20 15:08:30.308   316 19867 I resolv  : GetAddrInfoHandler::run: {105 983145 105 983145 1073 1}
07-20 15:08:30.317   316 19871 I resolv  : res_nmkquery: (QUERY, IN, A)
07-20 15:08:30.326   316 19869 I resolv  : res_nmkquery: (QUERY, IN, A)
07-20 15:08:30.327   316 19871 I resolv  : resolv_cache_lookup: Waiting for previous request
07-20 15:08:30.327   316 19870 I resolv  : res_nmkquery: (QUERY, IN, AAAA)
07-20 15:08:30.327   316 19870 I resolv  : resolv_cache_lookup: Waiting for previous request
07-20 15:08:30.327   316 19869 I resolv  : resolv_cache_lookup: Waiting for previous request
07-20 15:08:30.328   316 19868 I resolv  : res_nmkquery: (QUERY, IN, AAAA)
07-20 15:08:30.329   316 19868 I resolv  : resolv_cache_lookup: Waiting for previous request
07-20 15:08:30.852   316 19865 I resolv  : res_nsend: used send_dg 0 terrno: 110
07-20 15:08:30.852   316 19864 I resolv  : res_nsend: used send_dg 0 terrno: 110
07-20 15:08:32.180   699   699 D StatusBarIconController: ignoring old pipeline callbacks, because the new mobile icons are enabled
07-20 15:08:32.589   699   699 D StatusBarIconController: ignoring old pipeline callback because the new wifi icon is enabled
07-20 15:08:32.629   316 19872 I resolv  : GetAddrInfoHandler::run: {105 786537 105 983145 10131 0}
07-20 15:08:32.631   316 19874 I resolv  : res_nmkquery: (QUERY, IN, A)
07-20 15:08:32.632   316 19874 I resolv  : resolv_cache_lookup: Waiting for previous request
07-20 15:08:32.633   316 19873 I resolv  : res_nmkquery: (QUERY, IN, AAAA)
07-20 15:08:32.634   316 19873 I resolv  : resolv_cache_lookup: Waiting for previous request
07-20 15:08:32.801   316 19857 I resolv  : res_nsend: used send_dg 0 terrno: 110
07-20 15:08:32.802   316 19856 I resolv  : res_nsend: used send_dg 0 terrno: 110
07-20 15:08:32.804   316 19859 I resolv  : res_nsend: used send_dg 0 terrno: 110
07-20 15:08:32.804   316 19858 I resolv  : res_nsend: used send_dg 0 terrno: 110
07-20 15:08:33.274   681   681 I wpa_supplicant: wlan0: CTRL-EVENT-BEACON-LOSS 
07-20 15:08:35.854   316 19865 I resolv  : res_nsend: used send_dg 0 terrno: 110
07-20 15:08:35.854   316 19864 I resolv  : res_nsend: used send_dg 0 terrno: 110
07-20 15:08:37.804   316 19857 I resolv  : res_nsend: used send_dg 0 terrno: 110
07-20 15:08:37.805   316 19856 I resolv  : res_nsend: used send_dg 0 terrno: 110
07-20 15:08:37.806   316 19861 I resolv  : res_stats_usable_server: too many resolution errors, ignoring server
07-20 15:08:37.806   316 19861 I resolv  : res_stats_usable_server: too many resolution errors, ignoring server
07-20 15:08:37.806   316 19870 I resolv  : res_stats_usable_server: too many resolution errors, ignoring server
07-20 15:08:37.806   316 19870 I resolv  : res_stats_usable_server: too many resolution errors, ignoring server
07-20 15:08:37.807   316 19868 I resolv  : res_stats_usable_server: too many resolution errors, ignoring server
07-20 15:08:37.807   316 19868 I resolv  : res_stats_usable_server: too many resolution errors, ignoring server
07-20 15:08:37.807   316 19859 I resolv  : res_nsend: used send_dg 0 terrno: 110
07-20 15:08:37.814   316 19858 I resolv  : res_nsend: used send_dg 0 terrno: 110
07-20 15:08:37.816   771   771 W DnsResolver: resNetworkResult:android.system.ErrnoException: resNetworkResult failed: ETIMEDOUT (Connection timed out)
07-20 15:08:37.816   771   771 W DnsResolver: resNetworkResult:android.system.ErrnoException: resNetworkResult failed: ETIMEDOUT (Connection timed out)
07-20 15:08:37.816   771   771 W DnsResolver: resNetworkResult:android.system.ErrnoException: resNetworkResult failed: ETIMEDOUT (Connection timed out)
07-20 15:08:37.816   771   771 W DnsResolver: resNetworkResult:android.system.ErrnoException: resNetworkResult failed: ETIMEDOUT (Connection timed out)
07-20 15:08:37.819   316 19871 I resolv  : res_stats_usable_server: too many resolution errors, ignoring server
07-20 15:08:37.819   316 19871 I resolv  : res_stats_usable_server: too many resolution errors, ignoring server
07-20 15:08:37.819   316 19869 I resolv  : res_stats_usable_server: too many resolution errors, ignoring server
07-20 15:08:37.819   316 19869 I resolv  : res_stats_usable_server: too many resolution errors, ignoring server
07-20 15:08:37.819   316 19862 I resolv  : res_stats_usable_server: too many resolution errors, ignoring server
07-20 15:08:37.832   316 19862 I resolv  : res_stats_usable_server: too many resolution errors, ignoring server
07-20 15:08:39.613   499  1968 W ProcessStats: Tracking association SourceState{aefe913 com.google.android.googlequicksearchbox:search/10132 BTop #21511} whose proc state 2 is better than process ProcessState{5a821e8 com.google.android.gms.persistent/10131 pkg=com.google.android.gms} proc state 4 (4 skipped)
07-20 15:08:40.709   499   526 D CompatibilityChangeReporter: Compat change id reported: 135634846; UID 10168; state: DISABLED
07-20 15:08:40.710   499   526 D CompatibilityChangeReporter: Compat change id reported: 177438394; UID 10168; state: DISABLED
07-20 15:08:40.711   499   526 D CompatibilityChangeReporter: Compat change id reported: 135772972; UID 10168; state: DISABLED
07-20 15:08:40.711   499   526 D CompatibilityChangeReporter: Compat change id reported: 135754954; UID 10168; state: ENABLED
07-20 15:08:40.714   499   527 D CompatibilityChangeReporter: Compat change id reported: 143937733; UID 10168; state: ENABLED
07-20 15:08:40.820   317   317 D Zygote  : Forked child process 19875
07-20 15:08:40.830   499   527 W ActivityManager: Slow operation: 122ms so far, now at startProcess: returned from zygote!
07-20 15:08:40.831   499   527 W ActivityManager: Slow operation: 123ms so far, now at startProcess: done updating battery stats
07-20 15:08:40.832   499   527 W ActivityManager: Slow operation: 124ms so far, now at startProcess: building log message
07-20 15:08:40.832   499   527 I ActivityManager: Start proc 19875:com.google.android.apps.wallpaper/u0a168 for broadcast {com.google.android.apps.wallpaper/com.android.wallpaper.module.DailyLoggingAlarmReceiver}
07-20 15:08:40.832   499   527 W ActivityManager: Slow operation: 124ms so far, now at startProcess: starting to update pids map
07-20 15:08:40.834   499   527 W ActivityManager: Slow operation: 126ms so far, now at startProcess: done updating pids map
07-20 15:08:40.858   316 19865 I resolv  : res_nsend: used send_dg 0 terrno: 110
07-20 15:08:40.858   316 19865 I resolv  : doQuery: rcode=255, ancount=0, return value=-110
07-20 15:08:40.861   316 19864 I resolv  : res_nsend: used send_dg 0 terrno: 110
07-20 15:08:40.861   316 19864 I resolv  : doQuery: rcode=255, ancount=0, return value=-110
07-20 15:08:40.861   316 19873 I resolv  : res_stats_usable_server: too many resolution errors, ignoring server
07-20 15:08:40.861   316 19873 I resolv  : res_stats_usable_server: too many resolution errors, ignoring server
07-20 15:08:40.864   316 19874 I resolv  : res_stats_usable_server: too many resolution errors, ignoring server
07-20 15:08:40.864   316 19874 I resolv  : res_stats_usable_server: too many resolution errors, ignoring server
07-20 15:08:40.872  1570 18910 W enyb    : [{0}] Failed to resolve name. status={1}
07-20 15:08:40.913 19875 19875 I .apps.wallpaper: Using CollectorTypeCC GC.
07-20 15:08:40.941 19875 19875 E .apps.wallpaper: Not starting debugger since process cannot load the jdwp agent.
07-20 15:08:40.971  1162 19263 I NetworkScheduler.Stats: Task com.google.android.gms/com.google.android.gms.gcm.HeartbeatAlarm$ConnectionInfoPersistService started execution. cause:4 exec_start_elapsed_seconds: 10764 [CONTEXT service_id=218 ]
07-20 15:08:41.005   499  1696 D CompatibilityChangeReporter: Compat change id reported: 168419799; UID 10168; state: DISABLED
07-20 15:08:41.006   499  1696 D CompatibilityChangeReporter: Compat change id reported: 273564678; UID 10168; state: DISABLED
07-20 15:08:41.024   499   568 D CompatibilityChangeReporter: Compat change id reported: 265195908; UID 10168; state: ENABLED
07-20 15:08:41.032 19875 19875 D CompatibilityChangeReporter: Compat change id reported: 171979766; UID 10168; state: ENABLED
07-20 15:08:41.032 19875 19875 D CompatibilityChangeReporter: Compat change id reported: 242716250; UID 10168; state: ENABLED
07-20 15:08:41.057  1162 19263 I NetworkScheduler.Stats: Task com.google.android.gms/com.google.android.gms.gcm.HeartbeatAlarm$ConnectionInfoPersistService finished executing. cause:4 result: 1 elapsed_millis: 164 uptime_millis: 164 exec_start_elapsed_seconds: 10764 [CONTEXT service_id=218 ]
07-20 15:08:41.066   499  2270 D CompatibilityChangeReporter: Compat change id reported: 170503758; UID 10168; state: ENABLED
07-20 15:08:41.105 19875 19875 D nativeloader: Configuring clns-shared-6 for other apk /system/framework/org.apache.http.legacy.jar. target_sdk_version=34, uses_libraries=ALL, library_path=/system_ext/priv-app/WallpaperPickerGoogleRelease/lib/arm64:/system/lib64:/system_ext/lib64, permitted_path=/data:/mnt/expand:/data/user/0/com.google.android.apps.wallpaper:/system_ext/priv-app/WallpaperPickerGoogleRelease:/system/lib64:/system_ext/lib64
07-20 15:08:41.107 19875 19875 D ApplicationLoaders: Returning zygote-cached class loader: /system_ext/framework/androidx.window.extensions.jar
07-20 15:08:41.107 19875 19875 D ApplicationLoaders: Returning zygote-cached class loader: /system_ext/framework/androidx.window.sidecar.jar
07-20 15:08:41.194 19875 19875 D nativeloader: Configuring clns-shared-7 for other apk /system_ext/priv-app/WallpaperPickerGoogleRelease/WallpaperPickerGoogleRelease.apk. target_sdk_version=34, uses_libraries=, library_path=/system_ext/priv-app/WallpaperPickerGoogleRelease/lib/arm64:/system/lib64:/system_ext/lib64, permitted_path=/data:/mnt/expand:/data/user/0/com.google.android.apps.wallpaper:/system_ext/priv-app/WallpaperPickerGoogleRelease:/system/lib64:/system_ext/lib64
07-20 15:08:41.239 19875 19875 V GraphicsEnvironment: Currently set values for:
07-20 15:08:41.239 19875 19875 V GraphicsEnvironment:   angle_gl_driver_selection_pkgs=[]
07-20 15:08:41.239 19875 19875 V GraphicsEnvironment:   angle_gl_driver_selection_values=[]
07-20 15:08:41.240 19875 19875 V GraphicsEnvironment: ANGLE GameManagerService for com.google.android.apps.wallpaper: false
07-20 15:08:41.241 19875 19875 V GraphicsEnvironment: com.google.android.apps.wallpaper is not listed in per-application setting
07-20 15:08:41.241 19875 19875 V GraphicsEnvironment: Neither updatable production driver nor prerelease driver is supported.
07-20 15:08:41.258   499   881 I ActivityManager: Flag disabled. Ignoring finishAttachApplication from uid: 10168. pid: 19875
07-20 15:08:41.333 19875 19892 W DiskBasedLogger: Disk-based log buffer doesn't exist, so there's nothing to clean up.
07-20 15:08:41.341   499   881 I ActivityManager: Killing 17614:com.google.android.webview/u0a134 (adj 975): empty #17
07-20 15:08:41.382   499   517 D DisplayManagerService: Drop pending events for gone uid 10134
07-20 15:08:41.383 19119 19119 I binder  : undelivered transaction 1820614, process died.
07-20 15:08:41.383 19119 19119 I binder  : undelivered transaction 1843921, process died.
07-20 15:08:41.383 19119 19119 I binder  : undelivered transaction 1845358, process died.
07-20 15:08:41.383 19119 19119 I binder  : undelivered transaction 1901435, process died.
07-20 15:08:41.383 19119 19119 I binder  : undelivered transaction 1901591, process died.
07-20 15:08:41.383 19119 19119 I binder  : undelivered transaction 1901636, process died.
07-20 15:08:41.383 19119 19119 I binder  : undelivered transaction 1901689, process died.
07-20 15:08:41.383 19119 19119 I binder  : undelivered transaction 1902007, process died.
07-20 15:08:41.383 19119 19119 I binder  : undelivered transaction 1906979, process died.
07-20 15:08:41.383 19119 19119 I binder  : undelivered transaction 1966755, process died.
07-20 15:08:41.396   317   317 I Zygote  : Process 17614 exited due to signal 9 (Killed)
07-20 15:08:41.413   499   528 I libprocessgroup: Successfully killed process cgroup uid 10134 pid 17614 in 67ms
07-20 15:08:41.469   681   681 I wpa_supplicant: wlan0: CTRL-EVENT-BEACON-LOSS 
07-20 15:08:42.182   699   699 D StatusBarIconController: ignoring old pipeline callbacks, because the new mobile icons are enabled
07-20 15:08:42.189   699   804 D EGL_emulation: app_time_stats: avg=30008.90ms min=30008.90ms max=30008.90ms count=1
07-20 15:08:42.812   316 19861 I resolv  : res_nsend: used send_dg 0 terrno: 110
07-20 15:08:42.813   316 19870 I resolv  : res_nsend: used send_dg 0 terrno: 110
07-20 15:08:42.813   316 19868 I resolv  : res_nsend: used send_dg 0 terrno: 110
07-20 15:08:42.821   316 19871 I resolv  : res_nsend: used send_dg 0 terrno: 110
07-20 15:08:42.822   316 19869 I resolv  : res_nsend: used send_dg 0 terrno: 110
07-20 15:08:42.837   316 19862 I resolv  : res_nsend: used send_dg 0 terrno: 110
07-20 15:08:45.868   316 19873 I resolv  : res_nsend: used send_dg 0 terrno: 110
07-20 15:08:45.870   316 19874 I resolv  : res_nsend: used send_dg 0 terrno: 110
07-20 15:08:47.612   699   699 D StatusBarIconController: ignoring old pipeline callback because the new wifi icon is enabled
07-20 15:08:47.822   316 19861 I resolv  : res_nsend: used send_dg 0 terrno: 110
07-20 15:08:47.824   316 19870 I resolv  : res_nsend: used send_dg 0 terrno: 110
07-20 15:08:47.824   316 19868 I resolv  : res_nsend: used send_dg 0 terrno: 110
07-20 15:08:47.827   316 19871 I resolv  : res_nsend: used send_dg 0 terrno: 110
07-20 15:08:47.828   316 19869 I resolv  : res_nsend: used send_dg 0 terrno: 110
07-20 15:08:47.844   316 19862 I resolv  : res_nsend: used send_dg 0 terrno: 110
07-20 15:08:49.221   499   577 D ActivityManager: freezing 18435 com.google.android.permissioncontroller
07-20 15:08:49.402   681   681 I wpa_supplicant: wlan0: CTRL-EVENT-BEACON-LOSS 
07-20 15:08:50.619   699   699 D StatusBarIconController: ignoring old pipeline callback because the new wifi icon is enabled
07-20 15:08:50.874   316 19873 I resolv  : res_nsend: used send_dg 0 terrno: 110
07-20 15:08:50.875   316 19874 I resolv  : res_nsend: used send_dg 0 terrno: 110
07-20 15:08:51.348   499   577 D ActivityManager: freezing 19875 com.google.android.apps.wallpaper
07-20 15:08:51.700   499   526 W ProcessStats: Tracking association SourceState{aefe913 com.google.android.googlequicksearchbox:search/10132 BTop #21525} whose proc state 2 is better than process ProcessState{5a821e8 com.google.android.gms.persistent/10131 pkg=com.google.android.gms} proc state 4 (47 skipped)
07-20 15:08:51.707   316 19894 I resolv  : GetAddrInfoHandler::run: {105 786537 105 983145 10131 0}
07-20 15:08:51.709   316 19896 I resolv  : res_nmkquery: (QUERY, IN, A)
07-20 15:08:51.711   316 19895 I resolv  : res_nmkquery: (QUERY, IN, AAAA)
07-20 15:08:51.711   316 19895 I resolv  : res_stats_usable_server: too many resolution errors, ignoring server
07-20 15:08:51.712   316 19895 I resolv  : res_stats_usable_server: too many resolution errors, ignoring server
07-20 15:08:51.713   316 19896 I resolv  : res_stats_usable_server: too many resolution errors, ignoring server
07-20 15:08:51.714   316 19896 I resolv  : res_stats_usable_server: too many resolution errors, ignoring server
07-20 15:08:52.152   699   699 D StatusBarIconController: ignoring old pipeline callbacks, because the new mobile icons are enabled
07-20 15:08:52.830   316 19861 I resolv  : res_nsend: used send_dg 0 terrno: 110
07-20 15:08:52.830   316 19870 I resolv  : res_nsend: used send_dg 0 terrno: 110
07-20 15:08:52.830   316 19868 I resolv  : res_nsend: used send_dg 0 terrno: 110
07-20 15:08:52.830   316 19871 I resolv  : res_nsend: used send_dg 0 terrno: 110
07-20 15:08:52.830   316 19869 I resolv  : res_nsend: used send_dg 0 terrno: 110
07-20 15:08:52.850   316 19862 I resolv  : res_nsend: used send_dg 0 terrno: 110
07-20 15:08:55.881   316 19873 I resolv  : res_nsend: used send_dg 0 terrno: 110
07-20 15:08:55.883   316 19874 I resolv  : res_nsend: used send_dg 0 terrno: 110
07-20 15:08:56.707  1162  1267 E WakeLock: GCM_CONN_ALARM ** IS FORCE-RELEASED ON TIMEOUT **
07-20 15:08:56.718   316 19895 I resolv  : res_nsend: used send_dg 0 terrno: 110
07-20 15:08:56.719   316 19896 I resolv  : res_nsend: used send_dg 0 terrno: 110
07-20 15:08:57.338   681   681 I wpa_supplicant: wlan0: CTRL-EVENT-BEACON-LOSS 
07-20 15:08:57.836   316 19861 I resolv  : res_nsend: used send_dg 0 terrno: 110
07-20 15:08:57.837   316 19861 I resolv  : doQuery: rcode=255, ancount=0, return value=-110
07-20 15:08:57.837   316 19870 I resolv  : res_nsend: used send_dg 0 terrno: 110
07-20 15:08:57.837   316 19870 I resolv  : doQuery: rcode=255, ancount=0, return value=-110
07-20 15:08:57.837   316 19868 I resolv  : res_nsend: used send_dg 0 terrno: 110
07-20 15:08:57.838   316 19868 I resolv  : doQuery: rcode=255, ancount=0, return value=-110
07-20 15:08:57.838   316 19871 I resolv  : res_nsend: used send_dg 0 terrno: 110
07-20 15:08:57.838   316 19871 I resolv  : doQuery: rcode=255, ancount=0, return value=-110
07-20 15:08:57.838   316 19869 I resolv  : res_nsend: used send_dg 0 terrno: 110
07-20 15:08:57.838   316 19869 I resolv  : doQuery: rcode=255, ancount=0, return value=-110
07-20 15:08:57.846   771 19854 D NetworkMonitor/105: PROBE_HTTPS https://www.google.com/generate_204 Probe failed with exception java.net.UnknownHostException: Unable to resolve host "www.google.com": No address associated with hostname
07-20 15:08:57.847   771 19855 D NetworkMonitor/105: PROBE_HTTP http://connectivitycheck.gstatic.com/generate_204 Probe failed with exception java.net.UnknownHostException: Unable to resolve host "connectivitycheck.gstatic.com": No address associated with hostname
07-20 15:08:57.854   316 19862 I resolv  : res_nsend: used send_dg 0 terrno: 110
07-20 15:08:57.854   316 19862 I resolv  : doQuery: rcode=255, ancount=0, return value=-110
07-20 15:08:57.855   771 19853 D NetworkMonitor/105: PROBE_FALLBACK http://www.google.com/gen_204 Probe failed with exception java.net.UnknownHostException: Unable to resolve host "www.google.com": No address associated with hostname
07-20 15:08:57.856   771 19853 D NetworkMonitor/105: isCaptivePortal: isSuccessful()=false isPortal()=false RedirectUrl=null isPartialConnectivity()=false Time=40085ms
07-20 15:08:57.857   499   629 D ConnectivityService: [105 WIFI] validation failed
07-20 15:08:59.635   699   699 D StatusBarIconController: ignoring old pipeline callback because the new wifi icon is enabled
07-20 15:09:00.015  1355  1710 I AiAiEcho: Predicting[0]: 
07-20 15:09:00.016  1355  1710 I AiAiEcho: EchoTargets: 
07-20 15:09:00.016  1355  1710 I AiAiEcho: Filtered by AiAi flag check: 
07-20 15:09:00.016  1355  1710 I AiAiEcho: Ranked targets strategy: SORT, count: 0, ranking metadata: 
07-20 15:09:00.018  1355  1710 I AiAiEcho: #postPredictionTargets: Sending updates to UISurface lockscreen with targets# 0 (types=[])
07-20 15:09:00.020   699   699 W PageIndicator: Total number of pages invalid: 0. Assuming 1 page.
07-20 15:09:00.067   699   804 D EGL_emulation: app_time_stats: avg=17877.71ms min=17877.71ms max=17877.71ms count=1
07-20 15:09:00.887   316 19873 I resolv  : res_nsend: used send_dg 0 terrno: 110
07-20 15:09:00.888   316 19873 I resolv  : doQuery: rcode=255, ancount=0, return value=-110
07-20 15:09:00.888   316 19874 I resolv  : res_nsend: used send_dg 0 terrno: 110
07-20 15:09:00.888   316 19874 I resolv  : doQuery: rcode=255, ancount=0, return value=-110
07-20 15:09:00.892  1570 19669 W enyb    : [{0}] Failed to resolve name. status={1}
07-20 15:09:01.721   316 19895 I resolv  : res_nsend: used send_dg 0 terrno: 110
07-20 15:09:01.721   316 19896 I resolv  : res_nsend: used send_dg 0 terrno: 110
07-20 15:09:02.153   699   699 D StatusBarIconController: ignoring old pipeline callbacks, because the new mobile icons are enabled
07-20 15:09:02.642   699   699 D StatusBarIconController: ignoring old pipeline callback because the new wifi icon is enabled
07-20 15:09:05.274   681   681 I wpa_supplicant: wlan0: CTRL-EVENT-BEACON-LOSS 
07-20 15:09:05.646   699   699 D StatusBarIconController: ignoring old pipeline callback because the new wifi icon is enabled
07-20 15:09:06.721   316 19895 I resolv  : res_nsend: used send_dg 0 terrno: 110
07-20 15:09:06.722   316 19896 I resolv  : res_nsend: used send_dg 0 terrno: 110
07-20 15:09:08.654   699   699 D StatusBarIconController: ignoring old pipeline callback because the new wifi icon is enabled
07-20 15:09:11.663   699   699 D StatusBarIconController: ignoring old pipeline callback because the new wifi icon is enabled
07-20 15:09:11.730   316 19895 I resolv  : res_nsend: used send_dg 0 terrno: 110
07-20 15:09:11.731   316 19896 I resolv  : res_nsend: used send_dg 0 terrno: 110
07-20 15:09:11.731   316 19896 I resolv  : doQuery: rcode=255, ancount=0, return value=-110
07-20 15:09:11.732   316 19895 I resolv  : doQuery: rcode=255, ancount=0, return value=-110
07-20 15:09:11.736  1162 19263 E WakeLock: GCM_HB_ALARM release without a matched acquire!
07-20 15:09:11.736  1162 19263 W WakeLock: GCM_HB_ALARM counter does not exist
07-20 15:09:11.743   316 19897 I resolv  : GetAddrInfoHandler::run: {105 786537 105 983145 10131 0}
07-20 15:09:11.745   316 19899 I resolv  : res_nmkquery: (QUERY, IN, A)
07-20 15:09:11.746   316 19898 I resolv  : res_nmkquery: (QUERY, IN, AAAA)
07-20 15:09:11.747   316 19898 I resolv  : res_stats_usable_server: too many resolution errors, ignoring server
07-20 15:09:11.747   316 19898 I resolv  : res_stats_usable_server: too many resolution errors, ignoring server
07-20 15:09:11.749   316 19899 I resolv  : res_stats_usable_server: too many resolution errors, ignoring server
07-20 15:09:11.749   316 19899 I resolv  : res_stats_usable_server: too many resolution errors, ignoring server
07-20 15:09:12.154   699   699 D StatusBarIconController: ignoring old pipeline callbacks, because the new mobile icons are enabled
07-20 15:09:13.469   681   681 I wpa_supplicant: wlan0: CTRL-EVENT-BEACON-LOSS 
07-20 15:09:14.272   771 19902 D TrafficStats: tagSocket(105) with statsTag=0xffffff81, statsUid=-1
07-20 15:09:14.278   771 19901 D TrafficStats: tagSocket(106) with statsTag=0xffffff81, statsUid=-1
07-20 15:09:14.279   771 19901 D TrafficStats: tagSocket(106) with statsTag=0xffffff81, statsUid=-1
07-20 15:09:14.287   316 19903 I resolv  : ResNSendHandler::run: 0 / {104 983144 104 983144 1073 1}
07-20 15:09:14.288   316 19903 I resolv  : res_stats_usable_server: too many resolution errors, ignoring server
07-20 15:09:14.294   316 19904 I resolv  : ResNSendHandler::run: 0 / {104 983144 104 983144 1073 1}
07-20 15:09:14.294   316 19904 I resolv  : res_stats_usable_server: too many resolution errors, ignoring server
07-20 15:09:14.295   771 19902 D TrafficStats: tagSocket(105) with statsTag=0xffffff81, statsUid=-1
07-20 15:09:14.297   316 19905 I resolv  : ResNSendHandler::run: 0 / {104 983144 104 983144 1073 1}
07-20 15:09:14.297   316 19905 I resolv  : res_stats_usable_server: too many resolution errors, ignoring server
07-20 15:09:14.303   316 19906 I resolv  : ResNSendHandler::run: 0 / {104 983144 104 983144 1073 1}
07-20 15:09:14.304   316 19906 I resolv  : res_stats_usable_server: too many resolution errors, ignoring server
07-20 15:09:14.672   699   699 D StatusBarIconController: ignoring old pipeline callback because the new wifi icon is enabled
07-20 15:09:15.143   316 19907 I resolv  : GetAddrInfoHandler::run: {105 786537 105 983145 10131 0}
07-20 15:09:15.146   316 19909 I resolv  : res_nmkquery: (QUERY, IN, A)
07-20 15:09:15.147   316 19908 I resolv  : res_nmkquery: (QUERY, IN, AAAA)
07-20 15:09:15.147   316 19908 I resolv  : res_stats_usable_server: too many resolution errors, ignoring server
07-20 15:09:15.148   316 19908 I resolv  : res_stats_usable_server: too many resolution errors, ignoring server
07-20 15:09:15.150   316 19909 I resolv  : res_stats_usable_server: too many resolution errors, ignoring server
07-20 15:09:15.150   316 19909 I resolv  : res_stats_usable_server: too many resolution errors, ignoring server
07-20 15:09:16.487   499  1681 W BatteryExternalStatsWorker: error reading Bluetooth stats: 11
07-20 15:09:16.489   499   881 D TelephonyManager: requestModemActivityInfo: Sending result to app: ModemActivityInfo{ mTimestamp=10800046 mSleepTimeMs=0 mIdleTimeMs=10800014 mActivityStatsTechSpecificInfo=[{mRat=UNKNOWN,mFrequencyRange=UNKNOWN,mTxTimeMs[]=[0, 0, 0, 0, 0],mRxTimeMs=0}]}
07-20 15:09:16.500   499   533 E KernelCpuSpeedReader: Failed to read cpu-freq: /sys/devices/system/cpu/cpu1/cpufreq/stats/time_in_state: open failed: ENOENT (No such file or directory)
07-20 15:09:16.541   316   368 I netd    : tetherGetStats() -> {[]} <2.17ms>
07-20 15:09:16.546   499   533 D KernelCpuUidUserSysTimeReader: Removing uids 10237-10237
07-20 15:09:16.741  1162  1267 E WakeLock: GCM_CONN_ALARM ** IS FORCE-RELEASED ON TIMEOUT **
07-20 15:09:16.753   316 19898 I resolv  : res_nsend: used send_dg 0 terrno: 110
07-20 15:09:16.754   316 19899 I resolv  : res_nsend: used send_dg 0 terrno: 110
07-20 15:09:17.140   812   965 I bluetooth: packages/modules/Bluetooth/system/gd/hci/le_address_manager.cc:265 ack_pause: Client already in paused state
07-20 15:09:17.147   812   965 I bluetooth: packages/modules/Bluetooth/system/gd/hci/le_address_manager.cc:596 OnCommandComplete: Received command complete with op_code LE_SET_RANDOM_ADDRESS
07-20 15:09:17.147   812   965 I bluetooth: packages/modules/Bluetooth/system/gd/hci/le_address_manager.cc:616 OnCommandComplete: update random address : xx:xx:xx:xx:17:05
07-20 15:09:17.147   812   965 I bluetooth: packages/modules/Bluetooth/system/gd/hci/le_address_manager.cc:294 resume_registered_clients: Resuming registered clients
07-20 15:09:17.273   316 19910 I resolv  : GetAddrInfoHandler::run: {104 983144 104 983144 1073 1}
07-20 15:09:17.278   316 19911 I resolv  : res_nmkquery: (QUERY, IN, AAAA)
07-20 15:09:17.279   316 19911 I resolv  : res_stats_usable_server: too many resolution errors, ignoring server
07-20 15:09:17.279   316 19912 I resolv  : res_nmkquery: (QUERY, IN, A)
07-20 15:09:17.282   316 19912 I resolv  : res_stats_usable_server: too many resolution errors, ignoring server
07-20 15:09:19.294   316 19903 I resolv  : res_nsend: used send_dg 0 terrno: 110
07-20 15:09:19.301   316 19904 I resolv  : res_nsend: used send_dg 0 terrno: 110
07-20 15:09:19.303   316 19905 I resolv  : res_nsend: used send_dg 0 terrno: 110
07-20 15:09:19.311   316 19906 I resolv  : res_nsend: used send_dg 0 terrno: 110
07-20 15:09:20.154   316 19908 I resolv  : res_nsend: used send_dg 0 terrno: 110
07-20 15:09:20.154   316 19909 I resolv  : res_nsend: used send_dg 0 terrno: 110
07-20 15:09:21.760   316 19898 I resolv  : res_nsend: used send_dg 0 terrno: 110
07-20 15:09:21.760   316 19899 I resolv  : res_nsend: used send_dg 0 terrno: 110
