07-20 15:11:35.596  1379  2023 W A       : 	at com.google.apps.tiktok.tracing.es.a(PG:3)
07-20 15:11:35.596  1379  2023 W A       : 	at com.google.common.w.a.bc.a(PG:1)
07-20 15:11:35.596  1379  2023 W A       : 	at com.google.common.w.a.cw.run(PG:4)
07-20 15:11:35.596  1379  2023 W A       : 	at com.google.android.libraries.i.z.run(PG:1)
07-20 15:11:35.596  1379  2023 W A       : 	at java.util.concurrent.ThreadPoolExecutor.runWorker(ThreadPoolExecutor.java:1145)
07-20 15:11:35.596  1379  2023 W A       : 	at java.util.concurrent.ThreadPoolExecutor$Worker.run(ThreadPoolExecutor.java:644)
07-20 15:11:35.596  1379  2023 W A       : 	at com.google.android.libraries.i.h.run(PG:2)
07-20 15:11:35.596  1379  2023 W A       : 	at java.lang.Thread.run(Thread.java:1012)
07-20 15:11:35.596  1379  2023 W A       : 	at com.google.android.libraries.i.ai.run(PG:5)
07-20 15:11:35.599  1379  2032 I A       : (REDACTED) #FCF evaluate: %s
07-20 15:11:35.601  1379  2032 I A       : (REDACTED) TngMaStatusChecker#evaluateInternal completed in %s millis
07-20 15:11:35.652  1473  1761 I WM-WorkerWrapper: Worker result SUCCESS for Work [ id=06e60896-ea7d-4c1c-8ee7-bc6aa03bba66, tags={ com.google.apps.tiktok.contrib.work.TikTokListenableWorker, TikTokWorker#com.google.apps.tiktok.sync.impl.workmanager.SyncWorker } ]
07-20 15:11:36.073   699   699 D StatusBarIconController: ignoring old pipeline callback because the new wifi icon is enabled
07-20 15:11:38.362   681   681 I wpa_supplicant: wlan0: CTRL-EVENT-BEACON-LOSS 
07-20 15:11:39.029   316 19953 I resolv  : res_nsend: used send_dg 0 terrno: 110
07-20 15:11:39.030   316 19959 I resolv  : res_nsend: used send_dg 0 terrno: 110
07-20 15:11:39.030   316 19957 I resolv  : res_nsend: used send_dg 0 terrno: 110
07-20 15:11:39.037   316 19958 I resolv  : res_nsend: used send_dg 0 terrno: 110
07-20 15:11:39.037   316 19954 I resolv  : res_nsend: used send_dg 0 terrno: 110
07-20 15:11:39.050   316 19960 I resolv  : res_nsend: used send_dg 0 terrno: 110
07-20 15:11:40.298   316 19964 I resolv  : res_nsend: used send_dg 0 terrno: 110
07-20 15:11:40.299   316 19965 I resolv  : res_nsend: used send_dg 0 terrno: 110
07-20 15:11:42.096   699   699 D StatusBarIconController: ignoring old pipeline callback because the new wifi icon is enabled
07-20 15:11:42.161   699   699 D StatusBarIconController: ignoring old pipeline callbacks, because the new mobile icons are enabled
07-20 15:11:44.035   316 19953 I resolv  : res_nsend: used send_dg 0 terrno: 110
07-20 15:11:44.035   316 19959 I resolv  : res_nsend: used send_dg 0 terrno: 110
07-20 15:11:44.035   316 19957 I resolv  : res_nsend: used send_dg 0 terrno: 110
07-20 15:11:44.043   316 19958 I resolv  : res_nsend: used send_dg 0 terrno: 110
07-20 15:11:44.043   316 19954 I resolv  : res_nsend: used send_dg 0 terrno: 110
07-20 15:11:44.054   316 19960 I resolv  : res_nsend: used send_dg 0 terrno: 110
07-20 15:11:45.101   699   699 D StatusBarIconController: ignoring old pipeline callback because the new wifi icon is enabled
07-20 15:11:45.304   316 19964 I resolv  : res_nsend: used send_dg 0 terrno: 110
07-20 15:11:45.304   316 19965 I resolv  : res_nsend: used send_dg 0 terrno: 110
07-20 15:11:45.421   499   577 D ActivityManager: freezing 1570 com.google.android.gms
07-20 15:11:46.299   681   681 I wpa_supplicant: wlan0: CTRL-EVENT-BEACON-LOSS 
07-20 15:11:49.037   316 19953 I resolv  : res_nsend: used send_dg 0 terrno: 110
07-20 15:11:49.037   316 19959 I resolv  : res_nsend: used send_dg 0 terrno: 110
07-20 15:11:49.037   316 19957 I resolv  : res_nsend: used send_dg 0 terrno: 110
07-20 15:11:49.050   316 19958 I resolv  : res_nsend: used send_dg 0 terrno: 110
07-20 15:11:49.053   316 19954 I resolv  : res_nsend: used send_dg 0 terrno: 110
07-20 15:11:49.060   316 19960 I resolv  : res_nsend: used send_dg 0 terrno: 110
07-20 15:11:50.310   316 19964 I resolv  : res_nsend: used send_dg 0 terrno: 110
07-20 15:11:50.310   316 19965 I resolv  : res_nsend: used send_dg 0 terrno: 110
07-20 15:11:50.674   499   513 W ProcessStats: Tracking association SourceState{4b550db com.google.android.apps.nexuslauncher/10162 BTop #21555} whose proc state 2 is better than process ProcessState{723b1c6 com.google.android.googlequicksearchbox:search/10132 pkg=com.google.android.googlequicksearchbox} proc state 4 (22 skipped)
07-20 15:11:51.699   316 19969 I resolv  : GetAddrInfoHandler::run: {105 786537 105 983145 10131 0}
07-20 15:11:51.701   316 19971 I resolv  : res_nmkquery: (QUERY, IN, A)
07-20 15:11:51.702   316 19970 I resolv  : res_nmkquery: (QUERY, IN, AAAA)
07-20 15:11:51.702   316 19970 I resolv  : res_stats_usable_server: too many resolution errors, ignoring server
07-20 15:11:51.703   316 19970 I resolv  : res_stats_usable_server: too many resolution errors, ignoring server
07-20 15:11:51.704   316 19971 I resolv  : res_stats_usable_server: too many resolution errors, ignoring server
07-20 15:11:51.704   316 19971 I resolv  : res_stats_usable_server: too many resolution errors, ignoring server
07-20 15:11:52.161   699   699 D StatusBarIconController: ignoring old pipeline callbacks, because the new mobile icons are enabled
07-20 15:11:54.043   316 19953 I resolv  : res_nsend: used send_dg 0 terrno: 110
07-20 15:11:54.043   316 19953 I resolv  : doQuery: rcode=255, ancount=0, return value=-110
07-20 15:11:54.044   316 19959 I resolv  : res_nsend: used send_dg 0 terrno: 110
07-20 15:11:54.044   316 19959 I resolv  : doQuery: rcode=255, ancount=0, return value=-110
07-20 15:11:54.044   316 19957 I resolv  : res_nsend: used send_dg 0 terrno: 110
07-20 15:11:54.044   316 19957 I resolv  : doQuery: rcode=255, ancount=0, return value=-110
07-20 15:11:54.055   316 19958 I resolv  : res_nsend: used send_dg 0 terrno: 110
07-20 15:11:54.055   316 19958 I resolv  : doQuery: rcode=255, ancount=0, return value=-110
07-20 15:11:54.058   316 19954 I resolv  : res_nsend: used send_dg 0 terrno: 110
07-20 15:11:54.058   316 19954 I resolv  : doQuery: rcode=255, ancount=0, return value=-110
07-20 15:11:54.061   771 19945 D NetworkMonitor/105: PROBE_FALLBACK http://www.google.com/gen_204 Probe failed with exception java.net.UnknownHostException: Unable to resolve host "www.google.com": No address associated with hostname
07-20 15:11:54.063   316 19960 I resolv  : res_nsend: used send_dg 0 terrno: 110
07-20 15:11:54.063   316 19960 I resolv  : doQuery: rcode=255, ancount=0, return value=-110
07-20 15:11:54.069   771 19946 D NetworkMonitor/105: PROBE_HTTPS https://www.google.com/generate_204 Probe failed with exception java.net.UnknownHostException: Unable to resolve host "www.google.com": No address associated with hostname
07-20 15:11:54.073   771 19947 D NetworkMonitor/105: PROBE_HTTP http://connectivitycheck.gstatic.com/generate_204 Probe failed with exception java.net.UnknownHostException: Unable to resolve host "connectivitycheck.gstatic.com": No address associated with hostname
07-20 15:11:54.074   771 19945 D NetworkMonitor/105: isCaptivePortal: isSuccessful()=false isPortal()=false RedirectUrl=null isPartialConnectivity()=false Time=40117ms
07-20 15:11:54.101   499   629 D ConnectivityService: [105 WIFI] validation failed
07-20 15:11:54.490   681   681 I wpa_supplicant: wlan0: CTRL-EVENT-BEACON-LOSS 
07-20 15:11:55.296   316 19966 I resolv  : res_stats_usable_server: too many resolution errors, ignoring server
07-20 15:11:55.296   316 19966 I resolv  : res_stats_usable_server: too many resolution errors, ignoring server
07-20 15:11:55.298   316 19967 I resolv  : res_stats_usable_server: too many resolution errors, ignoring server
07-20 15:11:55.298   316 19967 I resolv  : res_stats_usable_server: too many resolution errors, ignoring server
07-20 15:11:55.316   316 19964 I resolv  : res_nsend: used send_dg 0 terrno: 110
07-20 15:11:55.317   316 19964 I resolv  : doQuery: rcode=255, ancount=0, return value=-110
07-20 15:11:55.317   316 19965 I resolv  : res_nsend: used send_dg 0 terrno: 110
07-20 15:11:55.317   316 19965 I resolv  : doQuery: rcode=255, ancount=0, return value=-110
07-20 15:11:56.702  1162  1267 E WakeLock: GCM_CONN_ALARM ** IS FORCE-RELEASED ON TIMEOUT **
07-20 15:11:56.706   316 19970 I resolv  : res_nsend: used send_dg 0 terrno: 110
07-20 15:11:56.714   316 19971 I resolv  : res_nsend: used send_dg 0 terrno: 110
07-20 15:11:57.136   699   699 D StatusBarIconController: ignoring old pipeline callback because the new wifi icon is enabled
07-20 15:12:00.015  1355  1710 I AiAiEcho: Predicting[0]: 
07-20 15:12:00.016  1355  1710 I AiAiEcho: EchoTargets: 
07-20 15:12:00.016  1355  1710 I AiAiEcho: Filtered by AiAi flag check: 
07-20 15:12:00.018  1355  1710 I AiAiEcho: Ranked targets strategy: SORT, count: 0, ranking metadata: 
07-20 15:12:00.020  1355  1710 I AiAiEcho: #postPredictionTargets: Sending updates to UISurface lockscreen with targets# 0 (types=[])
07-20 15:12:00.020   699   699 W PageIndicator: Total number of pages invalid: 0. Assuming 1 page.
07-20 15:12:00.061   699   804 D EGL_emulation: app_time_stats: avg=59997.16ms min=59997.16ms max=59997.16ms count=1
07-20 15:12:00.482   316 19966 I resolv  : res_nsend: used send_dg 0 terrno: 110
07-20 15:12:00.482   316 19967 I resolv  : res_nsend: used send_dg 0 terrno: 110
07-20 15:12:01.720   316 19971 I resolv  : res_nsend: used send_dg 0 terrno: 110
07-20 15:12:01.722   316 19970 I resolv  : res_nsend: used send_dg 0 terrno: 110
07-20 15:12:02.163   699   699 D StatusBarIconController: ignoring old pipeline callbacks, because the new mobile icons are enabled
07-20 15:12:02.604   499   513 D WifiNl80211Manager: Scan result ready event
07-20 15:12:02.605   499   513 D WifiNative: Scan result ready event
07-20 15:12:03.501   699   699 D StatusBarIconController: ignoring old pipeline callback because the new wifi icon is enabled
07-20 15:12:05.487   316 19966 I resolv  : res_nsend: used send_dg 0 terrno: 110
07-20 15:12:05.488   316 19967 I resolv  : res_nsend: used send_dg 0 terrno: 110
07-20 15:12:06.726   316 19971 I resolv  : res_nsend: used send_dg 0 terrno: 110
07-20 15:12:06.726   316 19970 I resolv  : res_nsend: used send_dg 0 terrno: 110
07-20 15:12:10.363   681   681 I wpa_supplicant: wlan0: CTRL-EVENT-BEACON-LOSS 
07-20 15:12:10.494   316 19966 I resolv  : res_nsend: used send_dg 0 terrno: 110
07-20 15:12:10.494   316 19967 I resolv  : res_nsend: used send_dg 0 terrno: 110
07-20 15:12:11.738   316 19970 I resolv  : res_nsend: used send_dg 0 terrno: 110
07-20 15:12:11.738   316 19970 I resolv  : doQuery: rcode=255, ancount=0, return value=-110
07-20 15:12:11.741   316 19971 I resolv  : res_nsend: used send_dg 0 terrno: 110
07-20 15:12:11.741   316 19971 I resolv  : doQuery: rcode=255, ancount=0, return value=-110
07-20 15:12:11.751  1162 19263 E WakeLock: GCM_HB_ALARM release without a matched acquire!
07-20 15:12:11.751  1162 19263 W WakeLock: GCM_HB_ALARM counter does not exist
07-20 15:12:11.765  1162 19263 E WakeLock: GCM_HB_ALARM release without a matched acquire!
07-20 15:12:11.765  1162 19263 W WakeLock: GCM_HB_ALARM counter does not exist
07-20 15:12:11.767  1162 19263 I AlarmManager: setExactAndAllowWhileIdle [name: GCM_CONN_ALARM type: 2 triggerAtMillis: 11255101]
07-20 15:12:12.167   699   699 D StatusBarIconController: ignoring old pipeline callbacks, because the new mobile icons are enabled
07-20 15:12:15.499   316 19966 I resolv  : res_nsend: used send_dg 0 terrno: 110
07-20 15:12:15.500   316 19966 I resolv  : doQuery: rcode=255, ancount=0, return value=-110
07-20 15:12:15.505   316 19967 I resolv  : res_nsend: used send_dg 0 terrno: 110
07-20 15:12:15.505   316 19967 I resolv  : doQuery: rcode=255, ancount=0, return value=-110
07-20 15:12:15.532   699   699 D StatusBarIconController: ignoring old pipeline callback because the new wifi icon is enabled
07-20 15:12:16.892 19976 19976 W BpBinder: Linking to death on android.gui.ISurfaceComposer but there are no threads (yet?) listening to incoming transactions. See ProcessState::startThreadPool and ProcessState::setThreadPoolMaxThreadCount. Generally you should setup the binder threadpool before other initialization steps.
07-20 15:12:16.895 19976 19976 W ProcessState: Extra binder thread started, but 0 threads requested. Do not use *startThreadPool when zero threads are requested.
07-20 15:12:17.096   123   123 I hwservicemanager: getTransport: Cannot find entry android.hardware.graphics.mapper@4.0::IMapper/default in either framework or device VINTF manifest.
07-20 15:12:17.097 19976 19977 I Gralloc4: mapper 4.x is not supported
07-20 15:12:17.096   122   122 I servicemanager: Could not find android.hardware.graphics.allocator.IAllocator/default in the VINTF manifest.
07-20 15:12:18.298   681   681 I wpa_supplicant: wlan0: CTRL-EVENT-BEACON-LOSS 
