07-20 15:09:22.156   699   699 D StatusBarIconController: ignoring old pipeline callbacks, because the new mobile icons are enabled
07-20 15:09:22.239   499   881 D WifiNl80211Manager: Scan result ready event
07-20 15:09:22.240   499   881 D WifiNative: Scan result ready event
07-20 15:09:22.290   316 19911 I resolv  : res_nsend: used send_dg 0 terrno: 110
07-20 15:09:22.290   316 19912 I resolv  : res_nsend: used send_dg 0 terrno: 110
07-20 15:09:22.620   325   325 W healthd : battery l=100 v=5000 t=25.0 h=2 st=4 c=900000 fc=3000000 cc=10 chg=
07-20 15:09:24.301   316 19903 I resolv  : res_nsend: used send_dg 0 terrno: 110
07-20 15:09:24.303   771   771 W DnsResolver: resNetworkResult:android.system.ErrnoException: resNetworkResult failed: ETIMEDOUT (Connection timed out)
07-20 15:09:24.306   316 19904 I resolv  : res_nsend: used send_dg 0 terrno: 110
07-20 15:09:24.306   316 19905 I resolv  : res_nsend: used send_dg 0 terrno: 110
07-20 15:09:24.306   771   771 W DnsResolver: resNetworkResult:android.system.ErrnoException: resNetworkResult failed: ETIMEDOUT (Connection timed out)
07-20 15:09:24.307   771   771 W DnsResolver: resNetworkResult:android.system.ErrnoException: resNetworkResult failed: ETIMEDOUT (Connection timed out)
07-20 15:09:24.307   771 19901 D NetworkMonitor/104: PROBE_DNS www.google.com 10032ms FAIL in type ADDRCONFIG android.net.DnsResolver$DnsException: android.system.ErrnoException: resNetworkResult failed: ETIMEDOUT (Connection timed out)
07-20 15:09:24.310   316 19914 I resolv  : GetAddrInfoHandler::run: {104 983144 104 983144 1073 1}
07-20 15:09:24.311   316 19916 I resolv  : res_nmkquery: (QUERY, IN, A)
07-20 15:09:24.311   316 19915 I resolv  : res_nmkquery: (QUERY, IN, AAAA)
07-20 15:09:24.312   316 19915 I resolv  : res_stats_usable_server: too many resolution errors, ignoring server
07-20 15:09:24.316   316 19906 I resolv  : res_nsend: used send_dg 0 terrno: 110
07-20 15:09:24.317   316 19916 I resolv  : res_stats_usable_server: too many resolution errors, ignoring server
07-20 15:09:24.318   771   771 W DnsResolver: resNetworkResult:android.system.ErrnoException: resNetworkResult failed: ETIMEDOUT (Connection timed out)
07-20 15:09:24.318   771 19902 D NetworkMonitor/104: PROBE_DNS connectivitycheck.gstatic.com 10046ms FAIL in type ADDRCONFIG android.net.DnsResolver$DnsException: android.system.ErrnoException: resNetworkResult failed: ETIMEDOUT (Connection timed out)
07-20 15:09:24.321   316 19917 I resolv  : GetAddrInfoHandler::run: {104 983144 104 983144 1073 1}
07-20 15:09:24.322   316 19919 I resolv  : res_nmkquery: (QUERY, IN, A)
07-20 15:09:24.322   316 19918 I resolv  : res_nmkquery: (QUERY, IN, AAAA)
07-20 15:09:24.323   316 19918 I resolv  : res_stats_usable_server: too many resolution errors, ignoring server
07-20 15:09:24.324   316 19919 I resolv  : res_stats_usable_server: too many resolution errors, ignoring server
07-20 15:09:25.166   316 19908 I resolv  : res_nsend: used send_dg 0 terrno: 110
07-20 15:09:25.166   316 19909 I resolv  : res_nsend: used send_dg 0 terrno: 110
07-20 15:09:26.702   699   699 D StatusBarIconController: ignoring old pipeline callback because the new wifi icon is enabled
07-20 15:09:26.764   316 19898 I resolv  : res_nsend: used send_dg 0 terrno: 110
07-20 15:09:26.764   316 19899 I resolv  : res_nsend: used send_dg 0 terrno: 110
07-20 15:09:27.296   316 19911 I resolv  : res_nsend: used send_dg 0 terrno: 110
07-20 15:09:27.296   316 19911 I resolv  : doQuery: rcode=255, ancount=0, return value=-110
07-20 15:09:27.296   316 19912 I resolv  : res_nsend: used send_dg 0 terrno: 110
07-20 15:09:27.296   316 19912 I resolv  : doQuery: rcode=255, ancount=0, return value=-110
07-20 15:09:27.299   771 19900 D NetworkMonitor/104: PROBE_FALLBACK http://play.googleapis.com/generate_204 Probe failed with exception java.net.UnknownHostException: Unable to resolve host "play.googleapis.com": No address associated with hostname
07-20 15:09:27.520   499   518 I EntropyMixer: Updated seed file
07-20 15:09:28.604   499   525 I UsageStatsService: User[0] Flushing usage stats to disk
07-20 15:09:29.318   316 19915 I resolv  : res_nsend: used send_dg 0 terrno: 110
07-20 15:09:29.319   316 19916 I resolv  : res_nsend: used send_dg 0 terrno: 110
07-20 15:09:29.330   316 19918 I resolv  : res_nsend: used send_dg 0 terrno: 110
07-20 15:09:29.330   316 19919 I resolv  : res_nsend: used send_dg 0 terrno: 110
07-20 15:09:29.873   771 19922 D TrafficStats: tagSocket(107) with statsTag=0xffffff81, statsUid=-1
07-20 15:09:29.875   771 19921 D TrafficStats: tagSocket(109) with statsTag=0xffffff81, statsUid=-1
07-20 15:09:29.877   771 19922 D TrafficStats: tagSocket(107) with statsTag=0xffffff81, statsUid=-1
07-20 15:09:29.878   771 19921 D TrafficStats: tagSocket(108) with statsTag=0xffffff81, statsUid=-1
07-20 15:09:29.880   316 19924 I resolv  : ResNSendHandler::run: 0 / {105 983145 105 983145 1073 1}
07-20 15:09:29.881   316 19924 I resolv  : res_stats_usable_server: too many resolution errors, ignoring server
07-20 15:09:29.881   316 19924 I resolv  : res_stats_usable_server: too many resolution errors, ignoring server
07-20 15:09:29.881   316 19923 I resolv  : ResNSendHandler::run: 0 / {105 983145 105 983145 1073 1}
07-20 15:09:29.882   316 19923 I resolv  : res_stats_usable_server: too many resolution errors, ignoring server
07-20 15:09:29.882   316 19923 I resolv  : res_stats_usable_server: too many resolution errors, ignoring server
07-20 15:09:29.885   316 19926 I resolv  : ResNSendHandler::run: 0 / {105 983145 105 983145 1073 1}
07-20 15:09:29.885   316 19926 I resolv  : res_stats_usable_server: too many resolution errors, ignoring server
07-20 15:09:29.886   316 19926 I resolv  : res_stats_usable_server: too many resolution errors, ignoring server
07-20 15:09:29.887   316 19925 I resolv  : ResNSendHandler::run: 0 / {105 983145 105 983145 1073 1}
07-20 15:09:29.887   316 19925 I resolv  : res_stats_usable_server: too many resolution errors, ignoring server
07-20 15:09:29.887   316 19925 I resolv  : res_stats_usable_server: too many resolution errors, ignoring server
07-20 15:09:30.172   316 19908 I resolv  : res_nsend: used send_dg 0 terrno: 110
07-20 15:09:30.172   316 19909 I resolv  : res_nsend: used send_dg 0 terrno: 110
07-20 15:09:30.326   812   965 E bluetooth: packages/modules/Bluetooth/system/gd/os/linux_generic/files.cc:221 FileCreatedTime: unable to read '/data/misc/bluetooth/logs/btsnooz_hci.log' file metadata, error: No such file or directory
07-20 15:09:30.362   681   681 I wpa_supplicant: wlan0: CTRL-EVENT-BEACON-LOSS 
07-20 15:09:31.293   499   568 D CompatibilityChangeReporter: Compat change id reported: 218533173; UID 10156; state: ENABLED
07-20 15:09:31.294   499   568 D CompatibilityChangeReporter: Compat change id reported: 262645982; UID 10156; state: ENABLED
07-20 15:09:31.294   499   568 D CompatibilityChangeReporter: Compat change id reported: 218533173; UID 10083; state: ENABLED
07-20 15:09:31.294   499   568 D CompatibilityChangeReporter: Compat change id reported: 262645982; UID 10083; state: ENABLED
07-20 15:09:31.295   499   568 D CompatibilityChangeReporter: Compat change id reported: 218533173; UID 10128; state: ENABLED
07-20 15:09:31.295   499   568 D CompatibilityChangeReporter: Compat change id reported: 262645982; UID 10128; state: ENABLED
07-20 15:09:31.295   499   568 D CompatibilityChangeReporter: Compat change id reported: 218533173; UID 10143; state: ENABLED
07-20 15:09:31.295   499   568 D CompatibilityChangeReporter: Compat change id reported: 262645982; UID 10143; state: DISABLED
07-20 15:09:31.295   499   568 D CompatibilityChangeReporter: Compat change id reported: 218533173; UID 10118; state: ENABLED
07-20 15:09:31.296   499   568 D CompatibilityChangeReporter: Compat change id reported: 262645982; UID 10118; state: DISABLED
07-20 15:09:31.296   499   568 D CompatibilityChangeReporter: Compat change id reported: 218533173; UID 10190; state: ENABLED
07-20 15:09:31.296   499   568 D CompatibilityChangeReporter: Compat change id reported: 262645982; UID 10190; state: ENABLED
07-20 15:09:31.296   499   568 D CompatibilityChangeReporter: Compat change id reported: 218533173; UID 10177; state: ENABLED
07-20 15:09:31.297   499   568 D CompatibilityChangeReporter: Compat change id reported: 262645982; UID 10177; state: ENABLED
07-20 15:09:31.297   499   568 D CompatibilityChangeReporter: Compat change id reported: 218533173; UID 10144; state: ENABLED
07-20 15:09:31.297   499   568 D CompatibilityChangeReporter: Compat change id reported: 262645982; UID 10144; state: DISABLED
07-20 15:09:31.297   499   568 D CompatibilityChangeReporter: Compat change id reported: 218533173; UID 10189; state: ENABLED
07-20 15:09:31.297   499   568 D CompatibilityChangeReporter: Compat change id reported: 262645982; UID 10189; state: ENABLED
07-20 15:09:31.298   499   568 D CompatibilityChangeReporter: Compat change id reported: 218533173; UID 10134; state: ENABLED
07-20 15:09:31.298   499   568 D CompatibilityChangeReporter: Compat change id reported: 262645982; UID 10134; state: ENABLED
07-20 15:09:31.298   499   568 D CompatibilityChangeReporter: Compat change id reported: 218533173; UID 10148; state: ENABLED
07-20 15:09:31.299   499   568 D CompatibilityChangeReporter: Compat change id reported: 262645982; UID 10148; state: ENABLED
07-20 15:09:31.299   499   568 D CompatibilityChangeReporter: Compat change id reported: 218533173; UID 10091; state: ENABLED
07-20 15:09:31.299   499   568 D CompatibilityChangeReporter: Compat change id reported: 262645982; UID 10091; state: ENABLED
07-20 15:09:31.299   499   568 D CompatibilityChangeReporter: Compat change id reported: 262645982; UID 10131; state: ENABLED
07-20 15:09:31.299   499   568 D CompatibilityChangeReporter: Compat change id reported: 218533173; UID 10120; state: ENABLED
07-20 15:09:31.299   499   568 D CompatibilityChangeReporter: Compat change id reported: 262645982; UID 10120; state: DISABLED
07-20 15:09:31.299   499   568 D CompatibilityChangeReporter: Compat change id reported: 218533173; UID 10099; state: ENABLED
07-20 15:09:31.299   499   568 D CompatibilityChangeReporter: Compat change id reported: 262645982; UID 10099; state: ENABLED
07-20 15:09:31.301   499   568 D CompatibilityChangeReporter: Compat change id reported: 218533173; UID 10127; state: ENABLED
07-20 15:09:31.301   499   568 D CompatibilityChangeReporter: Compat change id reported: 262645982; UID 10127; state: ENABLED
07-20 15:09:31.301   499   568 D CompatibilityChangeReporter: Compat change id reported: 218533173; UID 10168; state: ENABLED
07-20 15:09:31.301   499   568 D CompatibilityChangeReporter: Compat change id reported: 262645982; UID 10168; state: ENABLED
07-20 15:09:31.302   499   568 D CompatibilityChangeReporter: Compat change id reported: 218533173; UID 10122; state: ENABLED
07-20 15:09:31.302   499   568 D CompatibilityChangeReporter: Compat change id reported: 262645982; UID 10122; state: DISABLED
07-20 15:09:31.774   316 19898 I resolv  : res_nsend: used send_dg 0 terrno: 110
07-20 15:09:31.774   316 19898 I resolv  : doQuery: rcode=255, ancount=0, return value=-110
07-20 15:09:31.774   316 19899 I resolv  : res_nsend: used send_dg 0 terrno: 110
07-20 15:09:31.774   316 19899 I resolv  : doQuery: rcode=255, ancount=0, return value=-110
07-20 15:09:31.778  1162 19263 E WakeLock: GCM_HB_ALARM release without a matched acquire!
07-20 15:09:31.778  1162 19263 W WakeLock: GCM_HB_ALARM counter does not exist
07-20 15:09:31.790  1162 19263 I AlarmManager: setExactAndAllowWhileIdle [name: GCM_CONN_ALARM type: 2 triggerAtMillis: 10955236]
07-20 15:09:31.792  1162 19263 W WakeLock: GCM_CONN_ALARM counter does not exist
07-20 15:09:32.152   699   699 D StatusBarIconController: ignoring old pipeline callbacks, because the new mobile icons are enabled
07-20 15:09:32.710   699   699 D StatusBarIconController: ignoring old pipeline callback because the new wifi icon is enabled
07-20 15:09:32.874   316 19927 I resolv  : GetAddrInfoHandler::run: {105 983145 105 983145 1073 1}
07-20 15:09:32.875   316 19929 I resolv  : res_nmkquery: (QUERY, IN, A)
07-20 15:09:32.875   316 19928 I resolv  : res_nmkquery: (QUERY, IN, AAAA)
07-20 15:09:32.876   316 19928 I resolv  : res_stats_usable_server: too many resolution errors, ignoring server
07-20 15:09:32.876   316 19928 I resolv  : res_stats_usable_server: too many resolution errors, ignoring server
07-20 15:09:32.878   316 19929 I resolv  : res_stats_usable_server: too many resolution errors, ignoring server
07-20 15:09:32.878   316 19929 I resolv  : res_stats_usable_server: too many resolution errors, ignoring server
07-20 15:09:34.320   316 19915 I resolv  : res_nsend: used send_dg 0 terrno: 110
07-20 15:09:34.322   316 19915 I resolv  : doQuery: rcode=255, ancount=0, return value=-110
07-20 15:09:34.324   316 19916 I resolv  : res_nsend: used send_dg 0 terrno: 110
07-20 15:09:34.325   316 19916 I resolv  : doQuery: rcode=255, ancount=0, return value=-110
07-20 15:09:34.326   771 19901 D NetworkMonitor/104: PROBE_HTTPS https://www.google.com/generate_204 Probe failed with exception java.net.UnknownHostException: Unable to resolve host "www.google.com": No address associated with hostname
07-20 15:09:34.334   316 19918 I resolv  : res_nsend: used send_dg 0 terrno: 110
07-20 15:09:34.334   316 19918 I resolv  : doQuery: rcode=255, ancount=0, return value=-110
07-20 15:09:34.334   316 19919 I resolv  : res_nsend: used send_dg 0 terrno: 110
07-20 15:09:34.334   316 19919 I resolv  : doQuery: rcode=255, ancount=0, return value=-110
07-20 15:09:34.335   771 19902 D NetworkMonitor/104: PROBE_HTTP http://connectivitycheck.gstatic.com/generate_204 Probe failed with exception java.net.UnknownHostException: Unable to resolve host "connectivitycheck.gstatic.com": No address associated with hostname
07-20 15:09:34.337   771 19900 D NetworkMonitor/104: isCaptivePortal: isSuccessful()=false isPortal()=false RedirectUrl=null isPartialConnectivity()=false Time=20065ms
07-20 15:09:34.341   499   629 D ConnectivityService: [104 CELLULAR] validation failed
07-20 15:09:34.886   316 19924 I resolv  : res_nsend: used send_dg 0 terrno: 110
07-20 15:09:34.887   316 19923 I resolv  : res_nsend: used send_dg 0 terrno: 110
07-20 15:09:34.890   316 19926 I resolv  : res_nsend: used send_dg 0 terrno: 110
07-20 15:09:34.890   316 19925 I resolv  : res_nsend: used send_dg 0 terrno: 110
07-20 15:09:35.175   316 19908 I resolv  : res_nsend: used send_dg 0 terrno: 110
07-20 15:09:35.175   316 19908 I resolv  : doQuery: rcode=255, ancount=0, return value=-110
07-20 15:09:35.175   316 19909 I resolv  : res_nsend: used send_dg 0 terrno: 110
07-20 15:09:35.175   316 19909 I resolv  : doQuery: rcode=255, ancount=0, return value=-110
07-20 15:09:35.177  1570 19669 W enyb    : [{0}] Failed to resolve name. status={1}
07-20 15:09:37.883   316 19928 I resolv  : res_nsend: used send_dg 0 terrno: 110
07-20 15:09:37.883   316 19929 I resolv  : res_nsend: used send_dg 0 terrno: 110
07-20 15:09:38.298   681   681 I wpa_supplicant: wlan0: CTRL-EVENT-BEACON-LOSS 
07-20 15:09:39.895   316 19924 I resolv  : res_nsend: used send_dg 0 terrno: 110
07-20 15:09:39.895   316 19923 I resolv  : res_nsend: used send_dg 0 terrno: 110
07-20 15:09:39.895   316 19926 I resolv  : res_nsend: used send_dg 0 terrno: 110
07-20 15:09:39.895   316 19925 I resolv  : res_nsend: used send_dg 0 terrno: 110
07-20 15:09:42.153   699   699 D StatusBarIconController: ignoring old pipeline callbacks, because the new mobile icons are enabled
07-20 15:09:42.384   771 19922 D NetworkMonitor/105: PROBE_DNS connectivitycheck.gstatic.com 12510ms FAIL in type ADDRCONFIG Timeout
07-20 15:09:42.385   771 19921 D NetworkMonitor/105: PROBE_DNS www.google.com 12509ms FAIL in type ADDRCONFIG Timeout
07-20 15:09:42.390   316 19932 I resolv  : GetAddrInfoHandler::run: {105 983145 105 983145 1073 1}
07-20 15:09:42.392   316 19931 I resolv  : GetAddrInfoHandler::run: {105 983145 105 983145 1073 1}
07-20 15:09:42.393   316 19936 I resolv  : res_nmkquery: (QUERY, IN, A)
07-20 15:09:42.394   316 19936 I resolv  : resolv_cache_lookup: Waiting for previous request
07-20 15:09:42.394   316 19934 I resolv  : res_nmkquery: (QUERY, IN, A)
07-20 15:09:42.395   316 19934 I resolv  : resolv_cache_lookup: Waiting for previous request
07-20 15:09:42.395   316 19935 I resolv  : res_nmkquery: (QUERY, IN, AAAA)
07-20 15:09:42.395   316 19935 I resolv  : resolv_cache_lookup: Waiting for previous request
07-20 15:09:42.395   316 19933 I resolv  : res_nmkquery: (QUERY, IN, AAAA)
07-20 15:09:42.395   316 19933 I resolv  : resolv_cache_lookup: Waiting for previous request
07-20 15:09:42.582   316 19937 I resolv  : GetAddrInfoHandler::run: {105 786537 105 983145 10131 0}
07-20 15:09:42.584   316 19939 I resolv  : res_nmkquery: (QUERY, IN, A)
07-20 15:09:42.585   316 19938 I resolv  : res_nmkquery: (QUERY, IN, AAAA)
07-20 15:09:42.586   316 19938 I resolv  : res_stats_usable_server: too many resolution errors, ignoring server
07-20 15:09:42.586   316 19938 I resolv  : res_stats_usable_server: too many resolution errors, ignoring server
07-20 15:09:42.591   316 19939 I resolv  : res_stats_usable_server: too many resolution errors, ignoring server
07-20 15:09:42.591   316 19939 I resolv  : res_stats_usable_server: too many resolution errors, ignoring server
07-20 15:09:42.887   316 19928 I resolv  : res_nsend: used send_dg 0 terrno: 110
07-20 15:09:42.887   316 19929 I resolv  : res_nsend: used send_dg 0 terrno: 110
07-20 15:09:44.902   316 19924 I resolv  : res_nsend: used send_dg 0 terrno: 110
07-20 15:09:44.902   316 19923 I resolv  : res_nsend: used send_dg 0 terrno: 110
07-20 15:09:44.902   316 19926 I resolv  : res_nsend: used send_dg 0 terrno: 110
07-20 15:09:44.909   316 19925 I resolv  : res_nsend: used send_dg 0 terrno: 110
07-20 15:09:45.651   316 19941 I resolv  : GetAddrInfoHandler::run: {105 786537 105 983145 10131 0}
07-20 15:09:45.653   316 19943 I resolv  : res_nmkquery: (QUERY, IN, A)
07-20 15:09:45.653   316 19943 I resolv  : resolv_cache_lookup: Waiting for previous request
07-20 15:09:45.654   316 19942 I resolv  : res_nmkquery: (QUERY, IN, AAAA)
07-20 15:09:45.654   316 19942 I resolv  : resolv_cache_lookup: Waiting for previous request
07-20 15:09:46.490   681   681 I wpa_supplicant: wlan0: CTRL-EVENT-BEACON-LOSS 
07-20 15:09:47.593   316 19938 I resolv  : res_nsend: used send_dg 0 terrno: 110
07-20 15:09:47.595   316 19939 I resolv  : res_nsend: used send_dg 0 terrno: 110
07-20 15:09:47.894   316 19928 I resolv  : res_nsend: used send_dg 0 terrno: 110
07-20 15:09:47.895   316 19929 I resolv  : res_nsend: used send_dg 0 terrno: 110
07-20 15:09:48.990   499   881 W BatteryExternalStatsWorker: error reading Bluetooth stats: 11
07-20 15:09:48.992   499   881 D TelephonyManager: requestModemActivityInfo: Sending result to app: ModemActivityInfo{ mTimestamp=10832549 mSleepTimeMs=0 mIdleTimeMs=10832521 mActivityStatsTechSpecificInfo=[{mRat=UNKNOWN,mFrequencyRange=UNKNOWN,mTxTimeMs[]=[0, 0, 0, 0, 0],mRxTimeMs=0}]}
07-20 15:09:48.994   499   533 E KernelCpuSpeedReader: Failed to read cpu-freq: /sys/devices/system/cpu/cpu1/cpufreq/stats/time_in_state: open failed: ENOENT (No such file or directory)
07-20 15:09:49.007   316   368 I netd    : tetherGetStats() -> {[]} <0.53ms>
07-20 15:09:49.008   499   533 D KernelCpuUidUserSysTimeReader: Removing uids 10238-10238
07-20 15:09:49.251  1379  2023 I A       : Started new service configuration
07-20 15:09:49.261  1379  2023 I NLUFF   : Incoming RPC ngaOnlyConfigure [CONTEXT rpc_id=28 ]
07-20 15:09:49.262  1379  2023 I NLUFF   : RPC processing completed [CONTEXT rpc_id=28 ]
07-20 15:09:49.264  1379  2032 I A       : Successfully configured the service
07-20 15:09:49.905   316 19924 I resolv  : res_nsend: used send_dg 0 terrno: 110
07-20 15:09:49.906   316 19923 I resolv  : res_nsend: used send_dg 0 terrno: 110
07-20 15:09:49.906   316 19926 I resolv  : res_nsend: used send_dg 0 terrno: 110
07-20 15:09:49.906   316 19935 I resolv  : res_stats_usable_server: too many resolution errors, ignoring server
07-20 15:09:49.906   316 19935 I resolv  : res_stats_usable_server: too many resolution errors, ignoring server
07-20 15:09:49.907   316 19933 I resolv  : res_stats_usable_server: too many resolution errors, ignoring server
07-20 15:09:49.907   316 19933 I resolv  : res_stats_usable_server: too many resolution errors, ignoring server
07-20 15:09:49.909   316 19934 I resolv  : res_stats_usable_server: too many resolution errors, ignoring server
07-20 15:09:49.909   316 19934 I resolv  : res_stats_usable_server: too many resolution errors, ignoring server
07-20 15:09:49.909   771   771 W DnsResolver: resNetworkResult:android.system.ErrnoException: resNetworkResult failed: ETIMEDOUT (Connection timed out)
07-20 15:09:49.911   771   771 W DnsResolver: resNetworkResult:android.system.ErrnoException: resNetworkResult failed: ETIMEDOUT (Connection timed out)
07-20 15:09:49.911   771   771 W DnsResolver: resNetworkResult:android.system.ErrnoException: resNetworkResult failed: ETIMEDOUT (Connection timed out)
07-20 15:09:49.915   316 19925 I resolv  : res_nsend: used send_dg 0 terrno: 110
07-20 15:09:49.916   771   771 W DnsResolver: resNetworkResult:android.system.ErrnoException: resNetworkResult failed: ETIMEDOUT (Connection timed out)
07-20 15:09:49.917   316 19936 I resolv  : res_stats_usable_server: too many resolution errors, ignoring server
07-20 15:09:49.917   316 19936 I resolv  : res_stats_usable_server: too many resolution errors, ignoring server
07-20 15:09:50.750   699   699 D StatusBarIconController: ignoring old pipeline callback because the new wifi icon is enabled
07-20 15:09:52.159   699   699 D StatusBarIconController: ignoring old pipeline callbacks, because the new mobile icons are enabled
07-20 15:09:52.604   316 19939 I resolv  : res_nsend: used send_dg 0 terrno: 110
07-20 15:09:52.606   316 19938 I resolv  : res_nsend: used send_dg 0 terrno: 110
07-20 15:09:52.724  1355  1840 I AiAiStatsd: No op: the most recent atoms from the date 2026-07-19 have been uploaded.
07-20 15:09:52.900   316 19928 I resolv  : res_nsend: used send_dg 0 terrno: 110
07-20 15:09:52.900   316 19928 I resolv  : doQuery: rcode=255, ancount=0, return value=-110
07-20 15:09:52.901   316 19929 I resolv  : res_nsend: used send_dg 0 terrno: 110
07-20 15:09:52.901   316 19929 I resolv  : doQuery: rcode=255, ancount=0, return value=-110
07-20 15:09:52.905   771 19920 D NetworkMonitor/105: PROBE_FALLBACK http://play.googleapis.com/generate_204 Probe failed with exception java.net.UnknownHostException: Unable to resolve host "play.googleapis.com": No address associated with hostname
07-20 15:09:54.438   681   681 I wpa_supplicant: wlan0: CTRL-EVENT-BEACON-LOSS 
07-20 15:09:54.914   316 19935 I resolv  : res_nsend: used send_dg 0 terrno: 110
07-20 15:09:54.915   316 19933 I resolv  : res_nsend: used send_dg 0 terrno: 110
07-20 15:09:54.915   316 19934 I resolv  : res_nsend: used send_dg 0 terrno: 110
07-20 15:09:54.923   316 19936 I resolv  : res_nsend: used send_dg 0 terrno: 110
07-20 15:09:56.770   699   699 D StatusBarIconController: ignoring old pipeline callback because the new wifi icon is enabled
07-20 15:09:57.605   316 19939 I resolv  : res_nsend: used send_dg 0 terrno: 110
07-20 15:09:57.613   316 19938 I resolv  : res_nsend: used send_dg 0 terrno: 110
07-20 15:09:59.921   316 19935 I resolv  : res_nsend: used send_dg 0 terrno: 110
07-20 15:09:59.922   316 19933 I resolv  : res_nsend: used send_dg 0 terrno: 110
07-20 15:09:59.922   316 19934 I resolv  : res_nsend: used send_dg 0 terrno: 110
07-20 15:09:59.929   316 19936 I resolv  : res_nsend: used send_dg 0 terrno: 110
07-20 15:10:00.047   699   804 D EGL_emulation: app_time_stats: avg=59979.37ms min=59979.37ms max=59979.37ms count=1
07-20 15:10:00.050  1355  1710 I AiAiEcho: Predicting[0]: 
07-20 15:10:00.051  1355  1710 I AiAiEcho: EchoTargets: 
07-20 15:10:00.051  1355  1710 I AiAiEcho: Filtered by AiAi flag check: 
07-20 15:10:00.052  1355  1710 I AiAiEcho: Ranked targets strategy: SORT, count: 0, ranking metadata: 
07-20 15:10:00.053  1355  1710 I AiAiEcho: #postPredictionTargets: Sending updates to UISurface lockscreen with targets# 0 (types=[])
07-20 15:10:00.389   699   699 W PageIndicator: Total number of pages invalid: 0. Assuming 1 page.
07-20 15:10:02.182   699   699 D StatusBarIconController: ignoring old pipeline callbacks, because the new mobile icons are enabled
07-20 15:10:02.363   681   681 I wpa_supplicant: wlan0: CTRL-EVENT-BEACON-LOSS 
07-20 15:10:02.613   316 19939 I resolv  : res_nsend: used send_dg 0 terrno: 110
07-20 15:10:02.618   316 19938 I resolv  : res_nsend: used send_dg 0 terrno: 110
07-20 15:10:02.618   316 19938 I resolv  : doQuery: rcode=255, ancount=0, return value=-110
07-20 15:10:02.618   316 19942 I resolv  : res_stats_usable_server: too many resolution errors, ignoring server
07-20 15:10:02.618   316 19942 I resolv  : res_stats_usable_server: too many resolution errors, ignoring server
07-20 15:10:02.620   316 19943 I resolv  : res_stats_usable_server: too many resolution errors, ignoring server
07-20 15:10:02.620   316 19943 I resolv  : res_stats_usable_server: too many resolution errors, ignoring server
07-20 15:10:02.622   316 19939 I resolv  : doQuery: rcode=255, ancount=0, return value=-110
07-20 15:10:02.623  1570 19669 W enyb    : [{0}] Failed to resolve name. status={1}
07-20 15:10:04.928   316 19935 I resolv  : res_nsend: used send_dg 0 terrno: 110
07-20 15:10:04.929   316 19933 I resolv  : res_nsend: used send_dg 0 terrno: 110
07-20 15:10:04.929   316 19934 I resolv  : res_nsend: used send_dg 0 terrno: 110
07-20 15:10:04.936   316 19936 I resolv  : res_nsend: used send_dg 0 terrno: 110
07-20 15:10:07.621   316 19942 I resolv  : res_nsend: used send_dg 0 terrno: 110
07-20 15:10:07.622   316 19943 I resolv  : res_nsend: used send_dg 0 terrno: 110
07-20 15:10:08.794   699   699 D StatusBarIconController: ignoring old pipeline callback because the new wifi icon is enabled
07-20 15:10:09.936   316 19935 I resolv  : res_nsend: used send_dg 0 terrno: 110
07-20 15:10:09.936   316 19935 I resolv  : doQuery: rcode=255, ancount=0, return value=-110
07-20 15:10:09.936   316 19933 I resolv  : res_nsend: used send_dg 0 terrno: 110
07-20 15:10:09.936   316 19933 I resolv  : doQuery: rcode=255, ancount=0, return value=-110
07-20 15:10:09.936   316 19934 I resolv  : res_nsend: used send_dg 0 terrno: 110
07-20 15:10:09.936   316 19934 I resolv  : doQuery: rcode=255, ancount=0, return value=-110
07-20 15:10:09.939   316 19936 I resolv  : res_nsend: used send_dg 0 terrno: 110
07-20 15:10:09.939   316 19936 I resolv  : doQuery: rcode=255, ancount=0, return value=-110
07-20 15:10:09.943   771 19921 D NetworkMonitor/105: PROBE_HTTPS https://www.google.com/generate_204 Probe failed with exception java.net.UnknownHostException: Unable to resolve host "www.google.com": No address associated with hostname
07-20 15:10:09.944   771 19922 D NetworkMonitor/105: PROBE_HTTP http://connectivitycheck.gstatic.com/generate_204 Probe failed with exception java.net.UnknownHostException: Unable to resolve host "connectivitycheck.gstatic.com": No address associated with hostname
07-20 15:10:09.946   771 19920 D NetworkMonitor/105: isCaptivePortal: isSuccessful()=false isPortal()=false RedirectUrl=null isPartialConnectivity()=false Time=40074ms
07-20 15:10:09.947   499   629 D ConnectivityService: [105 WIFI] validation failed
07-20 15:10:10.299   681   681 I wpa_supplicant: wlan0: CTRL-EVENT-BEACON-LOSS 
07-20 15:10:11.744   499  1681 W ProcessStats: Tracking association SourceState{aefe913 com.google.android.googlequicksearchbox:search/10132 BTop #21530} whose proc state 2 is better than process ProcessState{5a821e8 com.google.android.gms.persistent/10131 pkg=com.google.android.gms} proc state 4 (26 skipped)
07-20 15:10:11.800   699   699 D StatusBarIconController: ignoring old pipeline callback because the new wifi icon is enabled
07-20 15:10:12.155   699   699 D StatusBarIconController: ignoring old pipeline callbacks, because the new mobile icons are enabled
07-20 15:10:12.628   316 19942 I resolv  : res_nsend: used send_dg 0 terrno: 110
07-20 15:10:12.628   316 19943 I resolv  : res_nsend: used send_dg 0 terrno: 110
07-20 15:10:14.808   699   699 D StatusBarIconController: ignoring old pipeline callback because the new wifi icon is enabled
07-20 15:10:17.636   316 19942 I resolv  : res_nsend: used send_dg 0 terrno: 110
07-20 15:10:17.637   316 19943 I resolv  : res_nsend: used send_dg 0 terrno: 110
07-20 15:10:18.491   681   681 I wpa_supplicant: wlan0: CTRL-EVENT-BEACON-LOSS 
07-20 15:10:20.692  1570  1570 D BoundBrokerSvc: onUnbind: Intent { act=com.google.android.gms.languageprofile.service.START pkg=com.google.android.gms }
07-20 15:10:20.696   499  1681 I ActivityManager: Killing 17644:com.google.android.gm/u0a144 (adj 915): empty #17
07-20 15:10:20.719   499   528 I libprocessgroup: Successfully killed process cgroup uid 10144 pid 17644 in 14ms
07-20 15:10:20.783 19119 19119 W binder_debug: 2 callbacks suppressed
07-20 15:10:20.783 19119 19119 I binder  : undelivered transaction 1820613, process died.
07-20 15:10:20.783 19119 19119 I binder  : undelivered transaction 1843920, process died.
07-20 15:10:20.783 19119 19119 I binder  : undelivered transaction 1845357, process died.
07-20 15:10:20.783 19119 19119 I binder  : undelivered transaction 1901434, process died.
07-20 15:10:20.783 19119 19119 I binder  : undelivered transaction 1901590, process died.
07-20 15:10:20.783 19119 19119 I binder  : undelivered transaction 1901635, process died.
07-20 15:10:20.783 19119 19119 I binder  : undelivered transaction 1901688, process died.
07-20 15:10:20.783 19119 19119 I binder  : undelivered transaction 1902006, process died.
07-20 15:10:20.783 19119 19119 I binder  : undelivered transaction 1906978, process died.
07-20 15:10:20.783 19119 19119 I binder  : undelivered transaction 1966754, process died.
07-20 15:10:20.794   317   317 I Zygote  : Process 17644 exited due to signal 9 (Killed)
07-20 15:10:20.809  1570  1570 D BoundBrokerSvc: onUnbind: Intent { act=com.google.android.mobstore.service.START pkg=com.google.android.gms }
07-20 15:10:20.815   499   517 D DisplayManagerService: Drop pending events for gone uid 10144
07-20 15:10:20.875   699   699 D StatusBarIconController: ignoring old pipeline callback because the new wifi icon is enabled
07-20 15:10:22.176   699   699 D StatusBarIconController: ignoring old pipeline callbacks, because the new mobile icons are enabled
07-20 15:10:22.178   699   804 D EGL_emulation: app_time_stats: avg=22130.09ms min=22130.09ms max=22130.09ms count=1
07-20 15:10:22.638   316 19942 I resolv  : res_nsend: used send_dg 0 terrno: 110
07-20 15:10:22.639   316 19942 I resolv  : doQuery: rcode=255, ancount=0, return value=-110
07-20 15:10:22.639   316 19943 I resolv  : res_nsend: used send_dg 0 terrno: 110
07-20 15:10:22.639   316 19943 I resolv  : doQuery: rcode=255, ancount=0, return value=-110
07-20 15:10:22.641  1570 19940 W enyb    : [{0}] Failed to resolve name. status={1}
07-20 15:10:23.880   699   699 D StatusBarIconController: ignoring old pipeline callback because the new wifi icon is enabled
07-20 15:10:26.428   681   681 I wpa_supplicant: wlan0: CTRL-EVENT-BEACON-LOSS 
07-20 15:10:26.804   499   687 W ProcessStats: Tracking association SourceState{4b550db com.google.android.apps.nexuslauncher/10162 BTop #21537} whose proc state 2 is better than process ProcessState{723b1c6 com.google.android.googlequicksearchbox:search/10132 pkg=com.google.android.googlequicksearchbox} proc state 4 (18 skipped)
07-20 15:10:26.894   699   699 D StatusBarIconController: ignoring old pipeline callback because the new wifi icon is enabled
07-20 15:10:30.906   499   577 D ActivityManager: freezing 1570 com.google.android.gms
07-20 15:10:32.191   699   699 D StatusBarIconController: ignoring old pipeline callbacks, because the new mobile icons are enabled
07-20 15:10:34.363   681   681 I wpa_supplicant: wlan0: CTRL-EVENT-BEACON-LOSS 
07-20 15:10:42.163   699   699 D StatusBarIconController: ignoring old pipeline callbacks, because the new mobile icons are enabled
07-20 15:10:42.299   681   681 I wpa_supplicant: wlan0: CTRL-EVENT-BEACON-LOSS 
07-20 15:10:50.491   681   681 I wpa_supplicant: wlan0: CTRL-EVENT-BEACON-LOSS 
07-20 15:10:52.178   699   699 D StatusBarIconController: ignoring old pipeline callbacks, because the new mobile icons are enabled
07-20 15:10:52.184   699   804 D EGL_emulation: app_time_stats: avg=30006.19ms min=30006.19ms max=30006.19ms count=1
07-20 15:10:58.426   681   681 I wpa_supplicant: wlan0: CTRL-EVENT-BEACON-LOSS 
07-20 15:11:00.026  1355  1710 I AiAiEcho: Predicting[0]: 
07-20 15:11:00.027  1355  1710 I AiAiEcho: EchoTargets: 
07-20 15:11:00.027  1355  1710 I AiAiEcho: Filtered by AiAi flag check: 
07-20 15:11:00.028  1355  1710 I AiAiEcho: Ranked targets strategy: SORT, count: 0, ranking metadata: 
07-20 15:11:00.031  1355  1710 I AiAiEcho: #postPredictionTargets: Sending updates to UISurface lockscreen with targets# 0 (types=[])
07-20 15:11:00.054   699   699 W PageIndicator: Total number of pages invalid: 0. Assuming 1 page.
07-20 15:11:00.063   699   804 D EGL_emulation: app_time_stats: avg=7878.35ms min=7878.35ms max=7878.35ms count=1
07-20 15:11:02.158   699   699 D StatusBarIconController: ignoring old pipeline callbacks, because the new mobile icons are enabled
07-20 15:11:06.363   681   681 I wpa_supplicant: wlan0: CTRL-EVENT-BEACON-LOSS 
07-20 15:11:12.160   699   699 D StatusBarIconController: ignoring old pipeline callbacks, because the new mobile icons are enabled
07-20 15:11:13.962   771 19946 D TrafficStats: tagSocket(105) with statsTag=0xffffff81, statsUid=-1
07-20 15:11:13.970   771 19946 D TrafficStats: tagSocket(105) with statsTag=0xffffff81, statsUid=-1
07-20 15:11:13.971   771 19947 D TrafficStats: tagSocket(107) with statsTag=0xffffff81, statsUid=-1
07-20 15:11:13.975   771 19947 D TrafficStats: tagSocket(106) with statsTag=0xffffff81, statsUid=-1
07-20 15:11:13.993   316 19949 I resolv  : ResNSendHandler::run: 0 / {105 983145 105 983145 1073 1}
07-20 15:11:13.994   316 19949 I resolv  : res_stats_usable_server: too many resolution errors, ignoring server
07-20 15:11:13.994   316 19949 I resolv  : res_stats_usable_server: too many resolution errors, ignoring server
07-20 15:11:13.998   316 19950 I resolv  : ResNSendHandler::run: 0 / {105 983145 105 983145 1073 1}
07-20 15:11:13.999   316 19950 I resolv  : res_stats_usable_server: too many resolution errors, ignoring server
07-20 15:11:13.999   316 19950 I resolv  : res_stats_usable_server: too many resolution errors, ignoring server
07-20 15:11:13.999   316 19948 I resolv  : ResNSendHandler::run: 0 / {105 983145 105 983145 1073 1}
07-20 15:11:13.999   316 19948 I resolv  : res_stats_usable_server: too many resolution errors, ignoring server
07-20 15:11:13.999   316 19948 I resolv  : res_stats_usable_server: too many resolution errors, ignoring server
07-20 15:11:14.008   316 19951 I resolv  : ResNSendHandler::run: 0 / {105 983145 105 983145 1073 1}
07-20 15:11:14.010   316 19951 I resolv  : res_stats_usable_server: too many resolution errors, ignoring server
07-20 15:11:14.010   316 19951 I resolv  : res_stats_usable_server: too many resolution errors, ignoring server
07-20 15:11:14.298   681   681 I wpa_supplicant: wlan0: CTRL-EVENT-BEACON-LOSS 
07-20 15:11:15.023   699   699 D StatusBarIconController: ignoring old pipeline callback because the new wifi icon is enabled
07-20 15:11:16.963   316 19952 I resolv  : GetAddrInfoHandler::run: {105 983145 105 983145 1073 1}
07-20 15:11:16.966   316 19954 I resolv  : res_nmkquery: (QUERY, IN, A)
07-20 15:11:16.967   316 19954 I resolv  : resolv_cache_lookup: Waiting for previous request
07-20 15:11:16.968   316 19953 I resolv  : res_nmkquery: (QUERY, IN, AAAA)
07-20 15:11:16.969   316 19953 I resolv  : resolv_cache_lookup: Waiting for previous request
07-20 15:11:18.028   699   699 D StatusBarIconController: ignoring old pipeline callback because the new wifi icon is enabled
07-20 15:11:19.004   316 19950 I resolv  : res_nsend: used send_dg 0 terrno: 110
07-20 15:11:19.005   316 19948 I resolv  : res_nsend: used send_dg 0 terrno: 110
07-20 15:11:19.005   316 19949 I resolv  : res_nsend: used send_dg 0 terrno: 110
07-20 15:11:19.016   316 19951 I resolv  : res_nsend: used send_dg 0 terrno: 110
07-20 15:11:20.857   499  1681 W BatteryExternalStatsWorker: error reading Bluetooth stats: 11
07-20 15:11:21.039   699   699 D StatusBarIconController: ignoring old pipeline callback because the new wifi icon is enabled
07-20 15:11:22.161   699   699 D StatusBarIconController: ignoring old pipeline callbacks, because the new mobile icons are enabled
07-20 15:11:22.496   681   681 I wpa_supplicant: wlan0: CTRL-EVENT-BEACON-LOSS 
07-20 15:11:24.010   316 19950 I resolv  : res_nsend: used send_dg 0 terrno: 110
07-20 15:11:24.011   316 19948 I resolv  : res_nsend: used send_dg 0 terrno: 110
07-20 15:11:24.011   316 19949 I resolv  : res_nsend: used send_dg 0 terrno: 110
07-20 15:11:24.020   316 19951 I resolv  : res_nsend: used send_dg 0 terrno: 110
07-20 15:11:26.489   771 19947 D NetworkMonitor/105: PROBE_DNS connectivitycheck.gstatic.com 12528ms FAIL in type ADDRCONFIG Timeout
07-20 15:11:26.494   771 19946 D NetworkMonitor/105: PROBE_DNS www.google.com 12531ms FAIL in type ADDRCONFIG Timeout
07-20 15:11:26.497   316 19956 I resolv  : GetAddrInfoHandler::run: {105 983145 105 983145 1073 1}
07-20 15:11:26.498   316 19955 I resolv  : GetAddrInfoHandler::run: {105 983145 105 983145 1073 1}
07-20 15:11:26.499   316 19960 I resolv  : res_nmkquery: (QUERY, IN, A)
07-20 15:11:26.500   316 19958 I resolv  : res_nmkquery: (QUERY, IN, A)
07-20 15:11:26.502   316 19960 I resolv  : resolv_cache_lookup: Waiting for previous request
07-20 15:11:26.502   316 19959 I resolv  : res_nmkquery: (QUERY, IN, AAAA)
07-20 15:11:26.502   316 19959 I resolv  : resolv_cache_lookup: Waiting for previous request
07-20 15:11:26.503   316 19958 I resolv  : resolv_cache_lookup: Waiting for previous request
07-20 15:11:26.503   316 19957 I resolv  : res_nmkquery: (QUERY, IN, AAAA)
07-20 15:11:26.503   316 19957 I resolv  : resolv_cache_lookup: Waiting for previous request
07-20 15:11:27.055   699   699 D StatusBarIconController: ignoring old pipeline callback because the new wifi icon is enabled
07-20 15:11:29.016   316 19950 I resolv  : res_nsend: used send_dg 0 terrno: 110
07-20 15:11:29.017   316 19948 I resolv  : res_nsend: used send_dg 0 terrno: 110
07-20 15:11:29.017   316 19949 I resolv  : res_nsend: used send_dg 0 terrno: 110
07-20 15:11:29.026   316 19951 I resolv  : res_nsend: used send_dg 0 terrno: 110
07-20 15:11:30.055   699   699 D StatusBarIconController: ignoring old pipeline callback because the new wifi icon is enabled
07-20 15:11:30.426   681   681 I wpa_supplicant: wlan0: CTRL-EVENT-BEACON-LOSS 
07-20 15:11:32.162   699   699 D StatusBarIconController: ignoring old pipeline callbacks, because the new mobile icons are enabled
07-20 15:11:33.066   699   699 D StatusBarIconController: ignoring old pipeline callback because the new wifi icon is enabled
07-20 15:11:34.020   316 19950 I resolv  : res_nsend: used send_dg 0 terrno: 110
07-20 15:11:34.022   316 19948 I resolv  : res_nsend: used send_dg 0 terrno: 110
07-20 15:11:34.023   316 19949 I resolv  : res_nsend: used send_dg 0 terrno: 110
07-20 15:11:34.023   316 19953 I resolv  : res_stats_usable_server: too many resolution errors, ignoring server
07-20 15:11:34.023   316 19953 I resolv  : res_stats_usable_server: too many resolution errors, ignoring server
07-20 15:11:34.024   316 19959 I resolv  : res_stats_usable_server: too many resolution errors, ignoring server
07-20 15:11:34.024   316 19959 I resolv  : res_stats_usable_server: too many resolution errors, ignoring server
07-20 15:11:34.024   316 19957 I resolv  : res_stats_usable_server: too many resolution errors, ignoring server
07-20 15:11:34.024   316 19957 I resolv  : res_stats_usable_server: too many resolution errors, ignoring server
07-20 15:11:34.032   316 19958 I resolv  : res_stats_usable_server: too many resolution errors, ignoring server
07-20 15:11:34.032   316 19958 I resolv  : res_stats_usable_server: too many resolution errors, ignoring server
07-20 15:11:34.032   316 19951 I resolv  : res_nsend: used send_dg 0 terrno: 110
07-20 15:11:34.036   316 19954 I resolv  : res_stats_usable_server: too many resolution errors, ignoring server
07-20 15:11:34.036   316 19954 I resolv  : res_stats_usable_server: too many resolution errors, ignoring server
07-20 15:11:34.036   316 19960 I resolv  : res_stats_usable_server: too many resolution errors, ignoring server
07-20 15:11:34.036   316 19960 I resolv  : res_stats_usable_server: too many resolution errors, ignoring server
07-20 15:11:34.043   771   771 W DnsResolver: resNetworkResult:android.system.ErrnoException: resNetworkResult failed: ETIMEDOUT (Connection timed out)
07-20 15:11:34.046   771   771 W DnsResolver: resNetworkResult:android.system.ErrnoException: resNetworkResult failed: ETIMEDOUT (Connection timed out)
07-20 15:11:34.046   771   771 W DnsResolver: resNetworkResult:android.system.ErrnoException: resNetworkResult failed: ETIMEDOUT (Connection timed out)
07-20 15:11:34.050   771   771 W DnsResolver: resNetworkResult:android.system.ErrnoException: resNetworkResult failed: ETIMEDOUT (Connection timed out)
07-20 15:11:34.847  1473  1473 I A       : binding FedoraSynclet
07-20 15:11:34.909  1473  1473 I SavesShareReceiver: (REDACTED) #device eligible for sharesheet: %s
07-20 15:11:34.912  1473  1473 I SavesShareReceiver: (REDACTED) #sharesheet enabled: %s
07-20 15:11:34.913  1473  1473 I SavesShareReceiver: (REDACTED) AvailabilityUtils.updateAvailability() componentEnabled: %s
07-20 15:11:34.919  1473  1473 I SavesShareReceiver: (REDACTED) Update complete. %s enabled: %s
07-20 15:11:34.923  1473  1473 I SavesShareReceiver: #synclet interval set for every : 12 hours
07-20 15:11:34.946  1473  1473 I A       : WeatherWidgetSynclet is disabled, at least Android S and any Pixel is required.
07-20 15:11:35.006  1473  1756 I ContentCaptureHelper: Setting logging level to DEBUG
07-20 15:11:35.007  1473  1756 D ContentCaptureManager: setFlushViewTreeAppearingEventDisabled(): setting to false
07-20 15:11:35.078  1473  1792 I A       : #logGrowthTrackingUsageInfo
07-20 15:11:35.090  1473  1791 W TopContactSynclet: Invalid account, skip syncing.
07-20 15:11:35.106  1473  1791 I A       : #sync
07-20 15:11:35.111  1473  1791 I A       : #fetchAndCacheConfiguration
07-20 15:11:35.139  1473  1754 I A       : #cacheAggregateUsage
07-20 15:11:35.195   499  1698 W ProcessStats: Tracking association SourceState{4b550db com.google.android.apps.nexuslauncher/10162 BTop #21539} whose proc state 2 is better than process ProcessState{723b1c6 com.google.android.googlequicksearchbox:search/10132 pkg=com.google.android.googlequicksearchbox} proc state 4 (2 skipped)
07-20 15:11:35.197  1379  1379 I A       : (REDACTED) Created gRPC endpoint for service %s
07-20 15:11:35.231  1473  1761 I A       : #truncateUsage
07-20 15:11:35.234  1473  1753 I A       : #onAppFlowEventLogged
07-20 15:11:35.247  1473  1792 I A       : #getFeatureUsageInfo
07-20 15:11:35.248  1473  1753 I A       : #cacheAggregateUsage
07-20 15:11:35.259  1473  1756 D CompatibilityChangeReporter: Compat change id reported: 289878283; UID 10132; state: DISABLED
07-20 15:11:35.265   499   513 D ActivityManager: sync unfroze 1570 com.google.android.gms for 6
07-20 15:11:35.282   316 19962 I resolv  : GetAddrInfoHandler::run: {105 786537 105 983145 10131 0}
07-20 15:11:35.287   316 19963 I resolv  : GetAddrInfoHandler::run: {105 786537 105 983145 10131 0}
07-20 15:11:35.290   316 19965 I resolv  : res_nmkquery: (QUERY, IN, A)
07-20 15:11:35.292   316 19964 I resolv  : res_nmkquery: (QUERY, IN, AAAA)
07-20 15:11:35.292   316 19964 I resolv  : res_stats_usable_server: too many resolution errors, ignoring server
07-20 15:11:35.292   316 19964 I resolv  : res_stats_usable_server: too many resolution errors, ignoring server
07-20 15:11:35.293   316 19965 I resolv  : res_stats_usable_server: too many resolution errors, ignoring server
07-20 15:11:35.293   316 19965 I resolv  : res_stats_usable_server: too many resolution errors, ignoring server
07-20 15:11:35.293   316 19966 I resolv  : res_nmkquery: (QUERY, IN, AAAA)
07-20 15:11:35.294   316 19966 I resolv  : resolv_cache_lookup: Waiting for previous request
07-20 15:11:35.294   316 19967 I resolv  : res_nmkquery: (QUERY, IN, A)
07-20 15:11:35.295   316 19967 I resolv  : resolv_cache_lookup: Waiting for previous request
07-20 15:11:35.494  1473  1792 E A       : #fetchAndCacheConfiguration failed due to caught exception.
07-20 15:11:35.494  1473  1792 E A       : io.grpc.fi: UNKNOWN: Could not obtain auth token
07-20 15:11:35.494  1473  1792 E A       : 	at io.grpc.i.n.a(PG:6)
07-20 15:11:35.494  1473  1792 E A       : 	at com.google.apps.tiktok.h.ab.a(PG:1)
07-20 15:11:35.494  1473  1792 E A       : 	at com.google.frameworks.client.data.android.h.af.h(PG:9)
07-20 15:11:35.494  1473  1792 E A       : 	at com.google.frameworks.client.data.android.h.af.f(PG:3)
07-20 15:11:35.494  1473  1792 E A       : 	at com.google.frameworks.client.data.android.h.af.a(PG:1)
07-20 15:11:35.494  1473  1792 E A       : 	at com.google.frameworks.client.data.android.i.d.run(PG:1)
07-20 15:11:35.494  1473  1792 E A       : 	at com.google.apps.tiktok.tracing.er.run(PG:1)
07-20 15:11:35.494  1473  1792 E A       : 	at com.google.frameworks.client.data.android.i.e.e(PG:3)
07-20 15:11:35.494  1473  1792 E A       : 	at com.google.frameworks.client.data.android.i.e.a(PG:1)
07-20 15:11:35.494  1473  1792 E A       : 	at com.google.frameworks.client.data.android.h.y.run(PG:1)
07-20 15:11:35.494  1473  1792 E A       : 	at com.google.frameworks.client.data.android.h.q.run(PG:1)
07-20 15:11:35.494  1473  1792 E A       : 	at com.google.common.w.a.dq.run(PG:4)
07-20 15:11:35.494  1473  1792 E A       : 	at com.google.common.w.a.bg.execute(PG:1)
07-20 15:11:35.494  1473  1792 E A       : 	at com.google.frameworks.client.data.android.h.ab.execute(PG:1)
07-20 15:11:35.494  1473  1792 E A       : 	at com.google.common.w.a.dr.execute(PG:5)
07-20 15:11:35.494  1473  1792 E A       : 	at com.google.frameworks.client.data.android.h.m.execute(PG:1)
07-20 15:11:35.494  1473  1792 E A       : 	at com.google.common.w.a.d.i(PG:1)
07-20 15:11:35.494  1473  1792 E A       : 	at com.google.common.w.a.d.l(PG:13)
07-20 15:11:35.494  1473  1792 E A       : 	at com.google.common.w.a.d.o(PG:3)
07-20 15:11:35.494  1473  1792 E A       : 	at com.google.common.w.a.j.run(PG:7)
07-20 15:11:35.494  1473  1792 E A       : 	at com.google.common.w.a.bg.execute(PG:1)
07-20 15:11:35.494  1473  1792 E A       : 	at com.google.common.w.a.d.i(PG:1)
07-20 15:11:35.494  1473  1792 E A       : 	at com.google.common.w.a.d.l(PG:13)
07-20 15:11:35.494  1473  1792 E A       : 	at com.google.common.w.a.d.p(PG:4)
07-20 15:11:35.494  1473  1792 E A       : 	at com.google.common.w.a.ci.run(PG:1)
07-20 15:11:35.494  1473  1792 E A       : 	at com.google.common.w.a.bg.execute(PG:1)
07-20 15:11:35.494  1473  1792 E A       : 	at com.google.common.w.a.d.i(PG:1)
07-20 15:11:35.494  1473  1792 E A       : 	at com.google.common.w.a.d.l(PG:13)
07-20 15:11:35.494  1473  1792 E A       : 	at com.google.common.w.a.d.p(PG:4)
07-20 15:11:35.494  1473  1792 E A       : 	at com.google.common.w.a.h.f(PG:2)
07-20 15:11:35.494  1473  1792 E A       : 	at com.google.common.w.a.j.run(PG:13)
07-20 15:11:35.494  1473  1792 E A       : 	at com.google.android.libraries.i.z.run(PG:1)
07-20 15:11:35.494  1473  1792 E A       : 	at java.util.concurrent.ThreadPoolExecutor.runWorker(ThreadPoolExecutor.java:1145)
07-20 15:11:35.494  1473  1792 E A       : 	at java.util.concurrent.ThreadPoolExecutor$Worker.run(ThreadPoolExecutor.java:644)
07-20 15:11:35.494  1473  1792 E A       : 	at com.google.android.libraries.i.h.run(PG:2)
07-20 15:11:35.494  1473  1792 E A       : 	at java.lang.Thread.run(Thread.java:1012)
07-20 15:11:35.494  1473  1792 E A       : 	at com.google.android.libraries.i.ai.run(PG:5)
07-20 15:11:35.494  1473  1792 E A       : Caused by: java.lang.IllegalStateException: Cannot get auth token for account id: AccountId{id=1}
07-20 15:11:35.494  1473  1792 E A       : 	at com.google.apps.tiktok.h.i.apply(PG:1)
07-20 15:11:35.494  1473  1792 E A       : 	at com.google.apps.tiktok.tracing.ew.apply(PG:3)
07-20 15:11:35.494  1473  1792 E A       : 	at com.google.common.w.a.h.e(PG:2)
07-20 15:11:35.494  1473  1792 E A       : 	at com.google.common.w.a.j.run(PG:9)
07-20 15:11:35.494  1473  1792 E A       : 	... 6 more
07-20 15:11:35.507  1379  2032 I A       : FCF A11y Checker - readyForTngMa
07-20 15:11:35.539  1379  2032 I A       : (REDACTED) #FCF: Continued Conversation Mode Enabled: %s
07-20 15:11:35.560  1162  1162 W SystemServiceRegistry: No service published for: persistent_data_block
07-20 15:11:35.562  1379  2023 I A       : (REDACTED) #FCF: Headset Connected Status: %s
07-20 15:11:35.587  1379  2032 I A       : (REDACTED) #FCF: Assistant primary locale : %s
07-20 15:11:35.587  1379  2032 I A       : (REDACTED) #FCF: Assistant Primary locale check status : %s
07-20 15:11:35.596  1379  2023 W A       : Unable to check for productivity accounts. Assuming there are none.
07-20 15:11:35.596  1379  2023 W A       : com.google.android.libraries.geller.portable.GellerException: Code: INVALID_ARGUMENT, Message: Account name is null.
07-20 15:11:35.596  1379  2023 W A       : 	at com.google.android.libraries.search.h.k.a(PG:6)
