07-20 16:27:16.223  4226  4226 I wpa_supplicant: Heartbeat 1195
07-20 16:27:16.356  4268  5130 D IpClient/wlan0: addressUpdated: 2601:c6:c07f:9ac0:ec53:40ff:feaa:ce6e/64 on ifindex 45 flags 0x00000100 scope 0
07-20 16:27:16.357  4268  5130 D IpClient/wlan0: addressUpdated: 2601:c6:c07f:9ac0:df32:ddbe:60f6:f63b/64 on ifindex 45 flags 0x00000001 scope 0
07-20 16:27:16.357  4268  5130 W AlarmManager: Unrecognized alarm listener com.android.networkstack.android.net.ip.IpClientLinkObserver$Dhcp6PdPreferredPrefixAlarmListener@74d426c
07-20 16:27:16.359  4268  5130 D ApfFilter: (wlan0): Ignoring RA RA fe80::82da:c2ff:fedc:dc5d -> ff02::1 180s 2601:c6:c07f:9ac0::/64 296998s/296998s DNS 180s 2001:558:feed::1 2001:558:feed::2 RIO 180s ::/0  which matches RA fe80::82da:c2ff:fedc:dc5d -> ff02::1 180s 2601:c6:c07f:9ac0::/64 296998s/296998s DNS 180s 2001:558:feed::1 2001:558:feed::2 RIO 180s ::/0 
07-20 16:27:16.365  1221  1221 D io_stats: !@   8,0 r 6058899 104702105 w 732536 13228488 d 52378 9072984 f 19856 72704 iot 1322732 0 th 0 0 0 pt 0 inp 0 0 10069.610
07-20 16:27:16.402  3221  9650 D BSOHChargingDataCollector:  BSOH Sys-servce ... 
07-20 16:27:16.403  3221  9650 D BSOHChargingDataCollector: performBatteryWork++
07-20 16:27:16.403  3221  9650 D BSOHChargingDataCollector: performBatteryWork battery com.android.server.bsoh.device.PrimeBattery@57c2b24
07-20 16:27:16.403  3221  9650 D BSOHChargingDataCollector: primeBatt readVoltage from sysFsBattVolt,  path : /sys/class/power_supply/battery/batt_voltage_now
07-20 16:27:16.414  3221  3392 D MARsPolicyManager: triggerAction called!
07-20 16:27:16.414  3221  3392 I NSLocationMonitor: getGPSUsingApps() called
07-20 16:27:16.415  5492  5532 I NSLocationManager_FLP: getGPSUsingApps, No change
07-20 16:27:16.416  3221  9650 D BSOHChargingDataCollector: 0 	 BattData addData data : BattData { voltage:4.017, current:2.878906, soc:0.35, temperature:36.6, status:2, timestamp:1784579236416, voltage_chg:null}
07-20 16:27:16.416  3221  9650 D BSOHChargingDataCollector: performBatteryWork--
07-20 16:27:16.760  2379  3431 I bauth_FPBAuthService: pcf : 0x1012, 0 ,1 ,0 ,1 ,0 ,0, 16.0.0.0
07-20 16:27:16.760  2379  3431 I bauth_FPBAuthService: thread id : 1, preenroll_flag : 0, nd cnt : 0, cso : 0, et : 0
07-20 16:27:16.760  2379  3431 I bauth_FPBAuthService: FPBAuthService::timerHandler complete
07-20 16:27:16.863  1850 29608 I QC2Comp : [av1D_57] Stats: Pending(11) i/p-done(7) Works: Q: 183/Done 173|Work-Rate: Q(0.0/s Avg=0.1/s) Done(0.000/s Avg=0.126/s)| Stream: 24.00fps 1.0Mbps
07-20 16:27:16.864  1850 29608 I QC2Comp : [av1D_57] Mem-usage:  [In-1D: 5 bufs 40.000 MB] [1D-49: 19 bufs 0.297 MB] [2D-50: 23 bufs 56.602 MB] | Total: 96.898 MB
07-20 16:27:17.404  3221  9650 D BSOHChargingDataCollector:  BSOH Sys-servce ... 
07-20 16:27:17.404  3221  9650 D BSOHChargingDataCollector: performBatteryWork++
07-20 16:27:17.404  3221  9650 D BSOHChargingDataCollector: performBatteryWork battery com.android.server.bsoh.device.PrimeBattery@57c2b24
07-20 16:27:17.404  3221  9650 D BSOHChargingDataCollector: primeBatt readVoltage from sysFsBattVolt,  path : /sys/class/power_supply/battery/batt_voltage_now
07-20 16:27:17.416  3221  9650 D BSOHChargingDataCollector: 0 	 BattData addData data : BattData { voltage:4.021, current:2.967187, soc:0.35, temperature:36.6, status:2, timestamp:1784579237416, voltage_chg:null}
07-20 16:27:17.417  3221  9650 D BSOHChargingDataCollector: performBatteryWork--
07-20 16:27:17.761  2379  3431 I bauth_FPBAuthService: pcf : 0x1012, 0 ,1 ,0 ,1 ,0 ,0, 16.0.0.0
07-20 16:27:17.761  2379  3431 I bauth_FPBAuthService: thread id : 1, preenroll_flag : 0, nd cnt : 0, cso : 0, et : 0
07-20 16:27:17.761  2379  3431 I bauth_FPBAuthService: FPBAuthService::timerHandler complete
07-20 16:27:18.142  1802  6822 I sensors-hal: handle_sns_std_sensor_event:137, [SSC_LIGHT] A: 17(17),m:11,c:0,b:0,c0:7499,l:17,r:100,bl:100,j:-1
07-20 16:27:18.366  1221  1221 D io_stats: !@   8,0 r 6058900 104702109 w 732545 13229504 d 52378 9072984 f 19856 72704 iot 1322744 0 th 0 0 0 pt 0 inp 0 0 10071.611
07-20 16:27:18.366  1221  1221 D io_stats: !@ Read_top(KB): kworker/u16:2(25080) 4
07-20 16:27:18.366  1221  1221 D io_stats: !@ Write_top(KB): kworker/u16:2(25080) 1016 soft.appmanager(9526) 16
07-20 16:27:18.405  3221  9650 D BSOHChargingDataCollector:  BSOH Sys-servce ... 
07-20 16:27:18.405  3221  9650 D BSOHChargingDataCollector: performBatteryWork++
07-20 16:27:18.405  3221  9650 D BSOHChargingDataCollector: performBatteryWork battery com.android.server.bsoh.device.PrimeBattery@57c2b24
07-20 16:27:18.406  3221  9650 D BSOHChargingDataCollector: primeBatt readVoltage from sysFsBattVolt,  path : /sys/class/power_supply/battery/batt_voltage_now
07-20 16:27:18.418  3221  9650 D BSOHChargingDataCollector: 0 	 BattData addData data : BattData { voltage:4.018, current:2.853125, soc:0.35, temperature:36.6, status:2, timestamp:1784579238418, voltage_chg:null}
07-20 16:27:18.418  3221  9650 D BSOHChargingDataCollector: performBatteryWork--
07-20 16:27:18.516  7111  8092 I SDHMS:x : SIOP:: AP:406 BAT:366 USB:380 CHG:462 PA:412 CP:409 WIFI:384 CF:372 BLK:0 SUBBAT:0 SKIN:378 SKINF:378 SKINB:366 LRP:378 LRP2:378 LRF2:378 LRB2:366 AP2:378 CHG2:376 WIFI2:373 UANT2:374 RCV2:367 SPK2:374 FCAM:379 UPSPK:372 DNSPK:378 VAP02:413 VWIFI:387 AMB:369 AMB2:324 AVGCUR:2892 AVGSYS:34 POWER:11614
07-20 16:27:18.762  2379  3431 I bauth_FPBAuthService: pcf : 0x1012, 0 ,1 ,0 ,1 ,0 ,0, 16.0.0.0
07-20 16:27:18.762  2379  3431 I bauth_FPBAuthService: thread id : 1, preenroll_flag : 0, nd cnt : 0, cso : 0, et : 0
07-20 16:27:18.762  2379  3431 I bauth_FPBAuthService: FPBAuthService::timerHandler complete
07-20 16:27:19.203  3221  7176 D PowerManagerService: [api] release WakeLock DRAW_WAKE_LOCK                    'charging_info' ACQ=-5s502ms (uid=10041 isFrozen=false pid=4800 displayId=0 lock=f8b28cf)
07-20 16:27:19.204  3221  7176 D PowerManagerService: displayReady: false groupId=0
07-20 16:27:19.205  3221  3404 D DisplayPowerController[0]: animateScreenStateChange: target=DOZE_SUSPEND, mIsEnabled=true
07-20 16:27:19.209  3221  7176 D PowerManagerService: [PWL] sb acquire: PowerManagerService.Display
07-20 16:27:19.214  3221  3404 I DisplayPowerController[0]: BrightnessEvent: brt=0.04705883(38.0%), nits=10.387, lux=-1.0, reason=doze, strat=DozeBrightnessStrategy, state=DOZE_SUSPEND, stateReason=UNKNOWN, policy=DOZE, flags=low_power_mode , initBrt=0.04705883, rcmdBrt=NaN, preBrt=NaN, preLux=0.0, wasShortTermModelActive=false, autoBrightness=true (default), unclampedBrt=0.04705883, hbmMax=1.0, hbmMode=off, thrmMax=1.0, rbcStrength=-1, powerFactor=0.9, physDisp=Built-in Screen(local:4630947093241269891), logicalId=0, slowChange=false, rampSpeed=0.0
07-20 16:27:19.215  3221  4094 D DisplayManagerService: !@display_state requestDisplayStateInternal: DOZE -> DOZE_SUSPEND displayId=0
07-20 16:27:19.216  3221  4094 D SemInputDeviceManagerService: setDisplayState[1] EARLY: DOZE(3) -> DOZE_SUSPEND(4)
07-20 16:27:19.217  3221  3319 I DisplayDeviceRepository: Display device changed state: "Built-in Screen", DOZE_SUSPEND
07-20 16:27:19.217  3221  3816 D SemInputDevice:TSP: ActivateTask: 4,0 [07-20 16:27:19.216]
07-20 16:27:19.217  3221  4094 D LocalDisplayAdapter: notifyStateChangeStart: com.samsung.android.hardware.secinputdev.external.DisplayStateListenerWrapper$1@dafc74e took 1 ms
07-20 16:27:19.218  3221  4094 D LocalDisplayAdapter: notifyStateChangeStart: com.android.server.biometrics.SemBiometricDisplayStateMonitor@b37b5ad took 1 ms
07-20 16:27:19.218  3221  4094 D LocalDisplayAdapter: notifyStateChangeStart: com.android.server.display.mode.RefreshRateModeManager$1@bf1107d took 0 ms
07-20 16:27:19.218  3221  4094 W LocalDisplayAdapter: !@display_state - 156 : DOZE -> DOZE_SUSPEND (MAIN)
07-20 16:27:19.218  1926  1926 D SurfaceFlinger: Setting power mode 3 on physical display 4630947093241269891
07-20 16:27:19.218  1926  1926 D SurfaceFlinger: setPhysicalDisplayPowerMode: Optimizing thread scheduling: optimizeForPerformance
07-20 16:27:19.218  1926  1926 D SurfaceFlinger: Enabling synthetic vsync
07-20 16:27:19.219  3221  3849 I SemBiometricDisplayStateMonitor: DisplayStateListener#onStart : DOZE_SUSPEND, DOZE_SUSPEND, DEFAULT_DISPLAY
07-20 16:27:19.219  1846  2164 I SDM     : HWCDisplay::SetPowerMode: display = 0, mode = DozeSuspend
07-20 16:27:19.219  1846  2164 I SDM     : DisplayBase::SetDisplayState: Set state = 3, display 66-0, teardown = 0
07-20 16:27:19.219  1926  2226 I SurfaceFlinger: [4630947093241269891] ExpiredDisplayPowerTimer: 0
07-20 16:27:19.219  3221  3317 D WindowManager: DeferredDisplayUpdater: partially applying DisplayInfo(1440 x 3088) immediately
07-20 16:27:19.219  1846  2164 I SDM     : HWDeviceDRM::NullCommit: Null commit succeeded crtc=174
07-20 16:27:19.220  1846  2164 I SDM     : DisplayBase::WaitForCompletion: Wait for cached retire fence to be in steady state
07-20 16:27:19.220  1857  1857 I sysinput:Touch: activate:96, 4,0 OK
07-20 16:27:19.224  6885  6885 I VRI[InputMethod]@df8c22f: onDisplayChanged oldDisplayState=3 newDisplayState=4
07-20 16:27:19.225  3221  3816 D SysinputHAL_V1_3(V1_2): setTspEnable(TSP(1)),4,true ret=0
07-20 16:27:19.225  1909  6385 D AudioFlinger: setParameters: filtered dev setParameters keyvalue screen_state=off
07-20 16:27:19.226  1783  1808 D AHAL: AudioDevice: SetParameters: 1799: enter
07-20 16:27:19.226  4800  4831 I VRI[ShellDropTarget]@fda9a37: onDisplayChanged oldDisplayState=3 newDisplayState=4
07-20 16:27:19.226  1783  1808 D AHAL: AudioVoice: VoiceSetParameters: 171: Enter
07-20 16:27:19.226  1783  1808 D AHAL: AudioVoice: VoiceSetParameters: 416: Exit ret: 0
07-20 16:27:19.226  1783  1808 D AHAL: hfp: hfp_set_parameters: 447: enter
07-20 16:27:19.226  1783  1808 D AHAL: AudioDevice: SetParameters: 1882:  - screen = off
07-20 16:27:19.226  1783  1808 I PAL: ResourceManager: setParameter: 9250: Screen State:0
07-20 16:27:19.226  1783  1808 D AHAL: AudioDevice: SetParameters: 2617: exit: screen_state=off
07-20 16:27:19.226  1783  1808 I Audio_a2dpsink_hw: adev_set_parameters: kevpairs=[screen_state=off]
07-20 16:27:19.226  3221  4758 D WifiDisplayAdapter: isFitToActiveDisplayLocked : false
07-20 16:27:19.227  3221  3404 D BrightnessThermalClamper: Thermal status observer already started
07-20 16:27:19.227  4800  4800 D DisplayLifecycle: updateDisplay id = 0
07-20 16:27:19.227  4800  4878 D StackScroller: onDisplayChanged for predraw skip to 4
07-20 16:27:19.227  4800  4800 I Keyguard.AODTouchModeManager: onDisplayChanged newDisplayState=4, currentDisplayState=3, displayId=0
07-20 16:27:19.228  3221  3976 D AS.DesktopUtils: isDesktopWindowing( false )
07-20 16:27:19.228  3221  3976 D AS.DesktopModeHelper: setDesktopModePath caller = onDisplayChanged #Id=0, isInDesktopWindowing=false, isAudioOutputToDisplay : true
07-20 16:27:19.231  8023  8023 I CAMERA_CONTROLLER: [2]a.n():2 - display changed
07-20 16:27:19.231  8023  8023 I CAMERA_CONTROLLER: [2]a.n():2
07-20 16:27:19.231  8023  8023 I CAMERA_CONTROLLER: [2]ProviderServiceImpl.checkDisplayModePortrait():39 - presentationDisplaynull
07-20 16:27:19.232  8023  8023 W CAMERA_CONTROLLER: [2]a.A():2 - presentationDisplay is null, return
07-20 16:27:19.232  8023  8023 W CAMERA_CONTROLLER: [2]ProviderServiceImpl$registerDisplayListener$displayListener$1.onDisplayChanged():17 - display is not portrait mode 
07-20 16:27:19.233  5145 30485 I HoneySpace.Memory-Monitor: current state = 4, didTrim = true
07-20 16:27:19.233  5145  5145 I VRI[RecentsTransitionOverlay]@9ba9ba1: onDisplayChanged oldDisplayState=3 newDisplayState=4
07-20 16:27:19.233  5145  5145 I VRI[CocktailBarService]@400297: onDisplayChanged oldDisplayState=3 newDisplayState=4
07-20 16:27:19.233  5145  5145 I VRI[LauncherActivity]@4464a22: onDisplayChanged oldDisplayState=3 newDisplayState=4
07-20 16:27:19.233  5145  5145 I VRI[RecentsActivity]@30ab7a: onDisplayChanged oldDisplayState=3 newDisplayState=4
07-20 16:27:19.234 11143 11143 I VRI[HintService]@e83b0: onDisplayChanged oldDisplayState=3 newDisplayState=4
07-20 16:27:19.236  9907  9907 I VRI[PlayProtectDialogsActivity]@5131a1f: onDisplayChanged oldDisplayState=3 newDisplayState=4
07-20 16:27:19.236  9907  9907 I VRI[PlayProtectDialogsActivity]@ea52556: onDisplayChanged oldDisplayState=3 newDisplayState=4
07-20 16:27:19.237  4800  4800 I AODTriggers: onAODEventDispatched = 4 / eventData = aod.q0@9be0b0b
07-20 16:27:19.237  4800  4800 I AOD_LIVE_CLOCK@LiveClockController: updateDisplayState: DISPLAY_STATE_DOZE_SUSPEND
07-20 16:27:19.237  4800  4800 I VRI[LockscreenShortcutBlur]@6491b12: onDisplayChanged oldDisplayState=3 newDisplayState=4
07-20 16:27:19.237  4800  4800 I VRI[NavigationBar0]@35810b9: onDisplayChanged oldDisplayState=3 newDisplayState=4
07-20 16:27:19.237  4800  4800 I VRI[DisplayBackGestureHandler 0]@2f2fb4f: onDisplayChanged oldDisplayState=3 newDisplayState=4
07-20 16:27:19.238  4800  4800 I VRI[NotificationShade]@c2a085d: onDisplayChanged oldDisplayState=3 newDisplayState=4
07-20 16:27:19.238  4800  4800 I VRI[StatusBar]@1d0ce91: onDisplayChanged oldDisplayState=3 newDisplayState=4
07-20 16:27:19.238  4552  4552 I NearbyDiscovery: (REDACTED) FastPairDisplayObserver: %s -> %s
07-20 16:27:19.238  4800  4800 I VRI[Bouncer]@b0f9642: onDisplayChanged oldDisplayState=3 newDisplayState=4
07-20 16:27:19.238  4800  4800 I VRI[SecondaryHomeHandle0]@a5b5f00: onDisplayChanged oldDisplayState=3 newDisplayState=4
07-20 16:27:19.239  7646  7646 I VRI[FP Iconview]@6a76b96: onDisplayChanged oldDisplayState=3 newDisplayState=4
07-20 16:27:19.243  1846  2164 I SDM     : DisplayBase::WaitForCompletion: Cached retire fence is in ready state
07-20 16:27:19.243  1846  2164 I SDM     : DisplayBase::SetDisplayState: active 0-0 state 3-3 pending_power_state_ 0
07-20 16:27:19.244  1926  1926 D SurfaceFlinger: Finished setting power mode 3 on physical display 4630947093241269891
07-20 16:27:19.244  3221  4094 I LocalDisplayAdapter: SF.setDisplayPowerMode took 27ms
07-20 16:27:19.244  3221  4094 W LocalDisplayAdapter: !@display_state - 156 : DOZE_SUSPEND (MAIN) took 26 ms
07-20 16:27:19.245  3221  4094 D SemInputDeviceManagerService: setDisplayState[1] LATE: DOZE_SUSPEND(4) -> DOZE_SUSPEND(4)
07-20 16:27:19.245  3221  3816 D SemInputDevice:TSP: ActivateTask: 4,1 [07-20 16:27:19.245]
07-20 16:27:19.245  3221  4094 D LocalDisplayAdapter: notifyStateChangeFinish: com.samsung.android.hardware.secinputdev.external.DisplayStateListenerWrapper$1@dafc74e took 0 ms
07-20 16:27:19.246  3221  4094 D LocalDisplayAdapter: notifyStateChangeFinish: com.android.server.biometrics.SemBiometricDisplayStateMonitor@b37b5ad took 1 ms
07-20 16:27:19.246  3221  4094 D LocalDisplayAdapter: notifyStateChangeFinish: com.android.server.display.mode.RefreshRateModeManager$1@bf1107d took 0 ms
07-20 16:27:19.246  1857  1857 I sysinput:Touch: activate:96, 4,1 OK
07-20 16:27:19.246  3221  3404 D DisplayPowerController[0]: setActualDisplayState: DOZE -> DOZE_SUSPEND
07-20 16:27:19.246  3221  3404 D DisplayPowerController[0]: animateScreenStateChange: target=DOZE_SUSPEND, mIsEnabled=true
07-20 16:27:19.246  3221  3849 I SemBiometricDisplayStateMonitor: DisplayStateListener#onFinish : DOZE_SUSPEND, DOZE_SUSPEND, DEFAULT_DISPLAY
07-20 16:27:19.246  3221  3816 D SysinputHAL_V1_3(V1_2): setTspEnable(TSP(1)),4,false ret=0
07-20 16:27:19.247  3221  3404 D DisplayPowerController[0]: animateScreenStateChange: target=DOZE_SUSPEND, mIsEnabled=true
07-20 16:27:19.247  7646  7646 I BSS_DisplayStateManager: handleDisplayStateChanged: DOZE -> DOZE_SUSPEND
07-20 16:27:19.247  3221  3404 D PowerManagerService: displayReady: true groupId=0
07-20 16:27:19.247  3221  3404 D PowerManagerService: [PWL] sb release: PowerManagerService.Display
07-20 16:27:19.326  4268  5130 D IpClient/wlan0: addressUpdated: 2601:c6:c07f:9ac0:ec53:40ff:feaa:ce6e/64 on ifindex 45 flags 0x00000100 scope 0
07-20 16:27:19.326  4268  5130 D IpClient/wlan0: addressUpdated: 2601:c6:c07f:9ac0:df32:ddbe:60f6:f63b/64 on ifindex 45 flags 0x00000001 scope 0
07-20 16:27:19.327  4268  5130 W AlarmManager: Unrecognized alarm listener com.android.networkstack.android.net.ip.IpClientLinkObserver$Dhcp6PdPreferredPrefixAlarmListener@74d426c
07-20 16:27:19.328  4268  5130 D ApfFilter: (wlan0): Adding RA fe80::82da:c2ff:fedc:dc5d -> ff02::1 180s 2601:c6:c07f:9ac0::/64 296998s/296998s DNS 180s 2001:558:feed::1 2001:558:feed::2 RIO 180s ::/0 
07-20 16:27:19.407  3221  9650 D BSOHChargingDataCollector:  BSOH Sys-servce ... 
07-20 16:27:19.413  3221  9650 D BSOHChargingDataCollector: performBatteryWork++
07-20 16:27:19.414  3221  9650 D BSOHChargingDataCollector: performBatteryWork battery com.android.server.bsoh.device.PrimeBattery@57c2b24
07-20 16:27:19.414  3221  9650 D BSOHChargingDataCollector: primeBatt readVoltage from sysFsBattVolt,  path : /sys/class/power_supply/battery/batt_voltage_now
07-20 16:27:19.426  3221  9650 D BSOHChargingDataCollector: 0 	 BattData addData data : BattData { voltage:4.015, current:2.811718, soc:0.35, temperature:36.6, status:2, timestamp:1784579239426, voltage_chg:null}
07-20 16:27:19.426  3221  9650 D BSOHChargingDataCollector: performBatteryWork--
07-20 16:27:19.763  2379  3431 I bauth_FPBAuthService: pcf : 0x1012, 0 ,1 ,0 ,1 ,0 ,0, 16.0.0.0
07-20 16:27:19.763  2379  3431 I bauth_FPBAuthService: thread id : 1, preenroll_flag : 0, nd cnt : 0, cso : 0, et : 0
07-20 16:27:19.763  2379  3431 I bauth_FPBAuthService: FPBAuthService::timerHandler complete
07-20 16:27:20.220  1926  2226 I SurfaceFlinger: [4630947093241269891] ExpiredDisplayPowerTimer: 1
07-20 16:27:20.367  1221  1221 D io_stats: !@   8,0 r 6058903 104702129 w 732617 13229788 d 52386 9073180 f 19857 72711 iot 1322780 0 th 0 0 0 pt 0 inp 0 0 10073.613
07-20 16:27:20.409  3221  9650 D BSOHChargingDataCollector:  BSOH Sys-servce ... 
07-20 16:27:20.409  3221  9650 D BSOHChargingDataCollector: performBatteryWork++
07-20 16:27:20.409  3221  9650 D BSOHChargingDataCollector: performBatteryWork battery com.android.server.bsoh.device.PrimeBattery@57c2b24
07-20 16:27:20.409  3221  9650 D BSOHChargingDataCollector: primeBatt readVoltage from sysFsBattVolt,  path : /sys/class/power_supply/battery/batt_voltage_now
07-20 16:27:20.421  3221  9650 D BSOHChargingDataCollector: 0 	 BattData addData data : BattData { voltage:4.021, current:2.934375, soc:0.35, temperature:36.6, status:2, timestamp:1784579240421, voltage_chg:null}
07-20 16:27:20.421  3221  9650 D BSOHChargingDataCollector: performBatteryWork--
07-20 16:27:20.764  2379  3431 I bauth_FPBAuthService: pcf : 0x1012, 0 ,1 ,0 ,1 ,0 ,0, 16.0.0.0
07-20 16:27:20.764  2379  3431 I bauth_FPBAuthService: thread id : 1, preenroll_flag : 0, nd cnt : 0, cso : 0, et : 0
07-20 16:27:20.764  2379  3431 I bauth_FPBAuthService: FPBAuthService::timerHandler complete
07-20 16:27:21.388  3221  7219 D NetdEventListenerService: CSC Feature value: true
07-20 16:27:21.390  3221  7219 D NetdEventListenerService: CSC Feature value: true
07-20 16:27:21.410  3221  9650 D BSOHChargingDataCollector:  BSOH Sys-servce ... 
07-20 16:27:21.410  3221  9650 D BSOHChargingDataCollector: performBatteryWork++
07-20 16:27:21.410  3221  9650 D BSOHChargingDataCollector: performBatteryWork battery com.android.server.bsoh.device.PrimeBattery@57c2b24
07-20 16:27:21.411  3221  9650 D BSOHChargingDataCollector: primeBatt readVoltage from sysFsBattVolt,  path : /sys/class/power_supply/battery/batt_voltage_now
07-20 16:27:21.424  3221  9650 D BSOHChargingDataCollector: 0 	 BattData addData data : BattData { voltage:4.017, current:2.886718, soc:0.35, temperature:36.6, status:2, timestamp:1784579241423, voltage_chg:null}
07-20 16:27:21.424  3221  9650 D BSOHChargingDataCollector: performBatteryWork--
07-20 16:27:21.431  3221  3392 D MARsPolicyManager: triggerAction called!
07-20 16:27:21.431  3221  3392 I NSLocationMonitor: getGPSUsingApps() called
07-20 16:27:21.432  5492  5532 I NSLocationManager_FLP: getGPSUsingApps, No change
07-20 16:27:21.434 10737 10737 I adbd    : adbd service requested 'shell,v2,TERM=dumb,raw:pidof com.wonderfood.app.foss'
07-20 16:27:21.510 10737 10737 I adbd    : adbd service requested 'exec:screencap '-p''
07-20 16:27:21.765  2379  3431 I bauth_FPBAuthService: pcf : 0x1012, 0 ,1 ,0 ,1 ,0 ,0, 16.0.0.0
07-20 16:27:21.765  2379  3431 I bauth_FPBAuthService: thread id : 1, preenroll_flag : 0, nd cnt : 0, cso : 0, et : 0
07-20 16:27:21.765  2379  3431 I bauth_FPBAuthService: FPBAuthService::timerHandler complete
07-20 16:27:21.814  6397  7208 V CpEventLog(u0): [P] cp_state: [                 contacts = {contacts=397, raw_contacts=908, data=4583, account={secphone(1)=0, google(2)=399, sim(3)=0, sim2(4)=0, agg(5)=0, samsung(6)=1, mobileservice(7)=0, google(10)=1, whatsapp(16)=334, google(32)=1, google(48)=0, google(49)=0, google(51)=0, com.microsoft.workaccount(60)=0, com.microsoft.workaccount(61)=0, com.microsoft.skydrive(82)=0, coreapp(86)=14, com.microsoft.workaccount(89)=0, com.microsoft.workaccount(210)=0, com.github.android(222)=0, com.microsoft.workaccount(227)=0, com.airbnb.android(228)=0, www.instagram.com(234)=0, app.revanced(241)=0, com.reddit.account(243)=0, com.reddit.account(244)=0, com.reddit.account(245)=0, telegram(246)=158}, trash=0, trash_acc={}, trash_sync=0, database=contacts2.db} ]
07-20 16:27:21.814  6397  7208 V CpEventLog(u0): [P] cp_state: [               aggregated = {[10,16,2]=1, [2,16,16,246]=3, [2,16,16,86,246]=1, [2,16,16]=4, [2,16,246,246]=2, [2,16,246]=123, [2,16,86,246]=7, [2,16,86]=4, [2,16]=175, [2,2,16,16]=1, [2,2,16,246]=1, [2,2,16]=1, [2,246]=12, [2,2]=1, [2,86,16,246]=1, [2,86,246]=1, [246]=4, [2]=57, [32,16,246]=1, [6]=1} ]
07-20 16:27:21.814  6397  7208 V CpEventLog(u0): [P] cp_state: [                  request = {} ]
07-20 16:27:21.814  6397  7208 V CpEventLog(u0): [P] cp_state: [                    calls = {types={[100]=1918, [200]=5, [300]=495, [900]=36, [950]=16, [1150]=30}, database=calllog.db} ]
07-20 16:27:21.814  6397  7208 V CpEventLog(u0): [P] cp_state: [                  profile = {contacts=0, raw_contacts=0, data=0, account={secphone(1)=0, google(2)=0, sim(3)=0, sim2(4)=0, agg(5)=0, samsung(6)=0, mobileservice(7)=0, google(10)=0, whatsapp(16)=0, google(32)=0, google(48)=0, google(49)=0, google(51)=0, com.microsoft.workaccount(60)=0, com.microsoft.workaccount(61)=0, com.microsoft.skydrive(82)=0, coreapp(86)=0, com.microsoft.workaccount(89)=0, com.microsoft.workaccount(199)=0, com.github.android(207)=0, com.microsoft.workaccount(211)=0, com.airbnb.android(212)=0, www.instagram.com(216)=0, app.revanced(219)=0, com.reddit.account(220)=0, com.reddit.account(221)=0, com.reddit.account(222)=0}, trash=0, trash_acc={}, trash_sync=0, database=profile.db} ]
07-20 16:27:21.814  6397  7208 V CpEventLog(u0): [P] cp_state: [               sa_profile = {contacts=1, raw_contacts=1, data=1, account={secphone(1)=1, google(2)=0, sim(3)=0, sim2(4)=0, agg(5)=0, samsung(6)=0, mobileservice(7)=0, google(10)=0, whatsapp(16)=0, google(32)=0, google(48)=0, google(49)=0, google(51)=0, com.microsoft.workaccount(60)=0, com.microsoft.workaccount(61)=0, com.microsoft.skydrive(82)=0, coreapp(86)=0, com.microsoft.workaccount(89)=0, com.microsoft.workaccount(199)=0, com.github.android(207)=0, com.microsoft.workaccount(211)=0, com.airbnb.android(212)=0, www.instagram.com(216)=0, app.revanced(219)=0, com.reddit.account(220)=0, com.reddit.account(221)=0, com.reddit.account(222)=0}, trash=0, trash_acc={}, trash_sync=0, database=profile_sa.db} ]
07-20 16:27:21.814  6397  7208 V CpEventLog(u0): [P] cp_state: [                      etc = {binders=0, country_iso=US, version=15.8.31, db_version=2008, db_size=6, db_wal_size=1, csc=XAA/XAA, sec_enabled=false, is_roaming=false} ]
07-20 16:27:21.814  6397  7208 V CpEventLog(u0): [P] cp_state: ------------------------------------------------------------------------------
07-20 16:27:21.864  1850 29608 I QC2Comp : [av1D_57] Stats: Pending(11) i/p-done(7) Works: Q: 183/Done 173|Work-Rate: Q(0.0/s Avg=0.1/s) Done(0.000/s Avg=0.125/s)| Stream: 24.00fps 1.0Mbps
07-20 16:27:21.864  1850 29608 I QC2Comp : [av1D_57] Mem-usage:  [In-1D: 5 bufs 40.000 MB] [1D-49: 19 bufs 0.297 MB] [2D-50: 23 bufs 56.602 MB] | Total: 96.898 MB
07-20 16:27:21.984  2254  2282 I shsusrd : shsusr_check_cpu_usage(): Output of /proc/2254/stat/ : 2254 (shsusrd0) S 1 2254 0 0 -1 1077936384 3430 0 1335 0 61 349 0 0 20 0 11 0 791 2517532672 657 18446744073709551615 414572621824 414572880280 549241283504 0 0 0 0 0 1073794810 0 0 0 17 4 0 0 0 0 0 414572903360 414572904296 415567335424 549241284621 549241284664 549241284664 549241290717 0
07-20 16:27:21.984  2254  2282 I shsusrd : 
07-20 16:27:21.984  2254  2282 I shsusrd : shsusr_check_cpu_usage(): utime 61 stime 349 cpu_time_last 410
07-20 16:27:21.984  2254  2282 I shsusrd : shsusr_check_cpu_usage(): user time = 61 | system time = 349 | total = 410 | cpu_time_delta = 0, clk_tck 100
07-20 16:27:21.985  2254  2282 I shsusrd : shsusr_check_cpu_usage(): time_cur 1784579241 time_last 1784579231
07-20 16:27:21.985  2254  2282 I shsusrd : shsusr_check_cpu_usage(): shsusrd is using 0 pct of CPU - time_delta 10
07-20 16:27:21.985  2254  2282 I shsusrd : shsusr_check_cpu_usage(): shsusrd usage 0
07-20 16:27:21.985  2254  2282 I shsusrd : shsusr_check_cpu_usage_combined(): time_delta for combined : 10 time_cur 1784579241 time_last_combined 1784579231
07-20 16:27:21.985  2254  2282 I shsusrd : shsusr_check_cpu_usage_combined(): Output of /proc/2254/task/2254/stat: 2254 (shsusrd0) S 1 2254 0 0 -1 1077936384 1194 0 10 0 1 1 0 0 20 0 11 0 791 2517532672 657 18446744073709551615 414572621824 414572880280 549241283504 0 0 0 0 0 1073794810 1 0 0 17 4 0 0 0 0 0 414572903360 414572904296 415567335424 549241284621 549241284664 549241284664 549241290717 0
07-20 16:27:21.985  2254  2282 I shsusrd : 
07-20 16:27:21.985  2254  2282 I shsusrd : shsusr_check_cpu_usage_combined(): tid 2254 utime 1 stime 1 time_delta 10 clk_tck 100, usage 0
07-20 16:27:21.985  2254  2282 I shsusrd : shsusr_check_cpu_usage_combined(): Output of /proc/2254/task/2277/stat: 2277 (shsusrd12) S 1 2254 0 0 -1 4194368 1666 0 465 0 1 32 0 0 20 0 11 0 797 2517532672 657 18446744073709551615 414572621824 414572880280 549241283504 0 0 0 0 0 1073794810 1 0 0 -1 2 0 0 0 0 0 414572903360 414572904296 415567335424 549241284621 549241284664 549241284664 549241290717 0
07-20 16:27:21.985  2254  2282 I shsusrd : 
07-20 16:27:21.985  2254  2282 I shsusrd : shsusr_check_cpu_usage_combined(): tid 2277 utime 1 stime 32 time_delta 10 clk_tck 100, usage 0
07-20 16:27:21.985  2254  2282 I shsusrd : shsusr_check_cpu_usage_combined(): Output of /proc/2254/task/2280/stat: 2280 (shsusrd2) S 1 2254 0 0 -1 4194368 164 0 0 0 0 14 0 0 20 0 11 0 797 2517532672 657 18446744073709551615 414572621824 414572880280 549241283504 0 0 0 0 0 1073794810 1 0 0 -1 1 0 0 0 0 0 414572903360 414572904296 415567335424 549241284621 549241284664 549241284664 549241290717 0
07-20 16:27:21.985  2254  2282 I shsusrd : 
07-20 16:27:21.985  2254  2282 I shsusrd : shsusr_check_cpu_usage_combined(): tid 2280 utime 0 stime 14 time_delta 10 clk_tck 100, usage 0
07-20 16:27:21.985  2254  2282 I shsusrd : shsusr_check_cpu_usage_combined(): Output of /proc/2254/task/2281/stat: 2281 (shsusrd13) S 1 2254 0 0 -1 1077936192 9 0 40 0 0 0 0 0 20 0 11 0 797 2517532672 657 18446744073709551615 414572621824 414572880280 549241283504 0 0 0 0 0 1073794810 1 0 0 -1 2 0 0 0 0 0 414572903360 414572904296 415567335424 549241284621 549241284664 549241284664 549241290717 0
07-20 16:27:21.985  2254  2282 I shsusrd : 
07-20 16:27:21.986  2254  2282 I shsusrd : shsusr_check_cpu_usage_combined(): tid 2281 utime 0 stime 0 time_delta 10 clk_tck 100, usage 0
07-20 16:27:21.986  2254  2282 I shsusrd : shsusr_check_cpu_usage_combined(): Output of /proc/2254/task/2282/stat: 2282 (shsusrd42) R 1 2254 0 0 -1 4194368 219 0 654 0 55 234 0 0 20 0 11 0 797 2517532672 657 18446744073709551615 414572621824 414572880280 549241283504 0 0 0 0 0 1073794810 0 0 0 -1 2 0 0 0 0 0 414572903360 414572904296 415567335424 549241284621 549241284664 549241284664 549241290717 0
07-20 16:27:21.986  2254  2282 I shsusrd : 
07-20 16:27:21.986  2254  2282 I shsusrd : shsusr_check_cpu_usage_combined(): tid 2282 utime 55 stime 234 time_delta 10 clk_tck 100, usage 0
07-20 16:27:21.986  2254  2282 I shsusrd : shsusr_check_cpu_usage_combined(): Output of /proc/2254/task/2283/stat: 2283 (shsusrd4) S 1 2254 0 0 -1 4194368 0 0 0 0 0 12 0 0 20 0 11 0 797 2517532672 657 18446744073709551615 414572621824 414572880280 549241283504 0 0 0 0 0 1073794810 1 0 0 -1 2 0 0 0 0 0 414572903360 414572904296 415567335424 549241284621 549241284664 549241284664 549241290717 0
07-20 16:27:21.986  2254  2282 I shsusrd : 
07-20 16:27:21.986  2254  2282 I shsusrd : shsusr_check_cpu_usage_combined(): tid 2283 utime 0 stime 12 time_delta 10 clk_tck 100, usage 0
07-20 16:27:21.986  2254  2282 I shsusrd : shsusr_check_cpu_usage_combined(): Output of /proc/2254/task/2284/stat: 2284 (shsusrd14) S 1 2254 0 0 -1 4194368 33 0 24 0 0 15 0 0 20 0 11 0 797 2517532672 657 18446744073709551615 414572621824 414572880280 549241283504 0 0 0 0 0 1073794810 1 0 0 -1 1 0 0 0 0 0 414572903360 414572904296 415567335424 549241284621 549241284664 549241284664 549241290717 0
07-20 16:27:21.986  2254  2282 I shsusrd : 
07-20 16:27:21.986  2254  2282 I shsusrd : shsusr_check_cpu_usage_combined(): tid 2284 utime 0 stime 15 time_delta 10 clk_tck 100, usage 0
07-20 16:27:21.986  2254  2282 I shsusrd : shsusr_check_cpu_usage_combined(): Output of /proc/2254/task/5367/stat: 5367 (shsusrd14) S 1 2254 0 0 -1 4194368 0 0 7 0 0 13 0 0 20 0 11 0 2242 2517532672 657 18446744073709551615 414572621824 414572880280 549241283504 0 0 0 0 0 1073794810 1 0 0 -1 1 0 0 0 0 0 414572903360 414572904296 415567335424 549241284621 549241284664 549241284664 549241290717 0
07-20 16:27:21.986  2254  2282 I shsusrd : 
07-20 16:27:21.986  2254  2282 I shsusrd : shsusr_check_cpu_usage_combined(): tid 5367 utime 0 stime 13 time_delta 10 clk_tck 100, usage 0
07-20 16:27:21.987  2254  2282 I shsusrd : shsusr_check_cpu_usage_combined(): Output of /proc/2254/task/5369/stat: 5369 (shsusrd7) S 1 2254 0 0 -1 4194368 5 0 7 0 0 13 0 0 20 0 11 0 2242 2517532672 657 18446744073709551615 414572621824 414572880280 549241283504 0 0 0 0 0 1073794810 1 0 0 -1 1 0 0 0 0 0 414572903360 414572904296 415567335424 549241284621 549241284664 549241284664 549241290717 0
07-20 16:27:21.987  2254  2282 I shsusrd : 
07-20 16:27:21.987  2254  2282 I shsusrd : shsusr_check_cpu_usage_combined(): tid 5369 utime 0 stime 13 time_delta 10 clk_tck 100, usage 0
07-20 16:27:21.987  2254  2282 I shsusrd : shsusr_check_cpu_usage_combined(): Output of /proc/2254/task/5372/stat: 5372 (shsusrd5) S 1 2254 0 0 -1 4194368 2 0 7 0 0 12 0 0 20 0 11 0 2242 2517532672 657 18446744073709551615 414572621824 414572880280 549241283504 0 0 0 0 0 1073794810 1 0 0 -1 1 0 0 0 0 0 414572903360 414572904296 415567335424 549241284621 549241284664 549241284664 549241290717 0
07-20 16:27:21.987  2254  2282 I shsusrd : 
07-20 16:27:21.987  2254  2282 I shsusrd : shsusr_check_cpu_usage_combined(): tid 5372 utime 0 stime 12 time_delta 10 clk_tck 100, usage 0
07-20 16:27:21.987  2254  2282 I shsusrd : shsusr_check_cpu_usage_combined(): Output of /proc/2254/task/5645/stat: 5645 (HwBinder:2254_1) S 1 2254 0 0 -1 1077936192 4 0 0 0 0 0 0 0 20 0 11 0 2337 2517532672 657 18446744073709551615 414572621824 414572880280 549241283504 0 0 0 0 0 1073794810 1 0 0 -1 5 0 0 0 0 0 414572903360 414572904296 415567335424 549241284621 549241284664 549241284664 549241290717 0
07-20 16:27:21.987  2254  2282 I shsusrd : 
07-20 16:27:21.987  2254  2282 I shsusrd : shsusr_check_cpu_usage_combined(): tid 5645 utime 0 stime 0 time_delta 10 clk_tck 100, usage 0
07-20 16:27:21.987  2254  2282 I shsusrd : shsusr_check_cpu_usage_combined(): Combined CPU usage: total_utime 57 total_stime 346 total_cpu_time_seconds 0.00, clk_tck 100
07-20 16:27:21.987  2254  2282 I shsusrd : shsusr_check_cpu_usage_combined(): Combined shsusrd usage 0
07-20 16:27:21.987  2254  2282 I shsusrd : shsusr_check_cpu_usage_combined(): Combined shsusrd usage FINAL 0
07-20 16:27:22.213 14346 14346 W libbinder.BackendUnifiedServiceManager: Thread Pool max thread count is 0. Cannot cache binder as linkToDeath cannot be implemented. serviceName: SurfaceFlingerAIDL
07-20 16:27:22.214 14346 14346 W libbinder.BpBinder: Linking to death on android.gui.ISurfaceComposer but there are no threads (yet?) listening to incoming transactions. See ProcessState::startThreadPool and ProcessState::setThreadPoolMaxThreadCount. Generally you should setup the binder threadpool before other initialization steps.
07-20 16:27:22.215 14346 14346 W libbinder.BackendUnifiedServiceManager: Thread Pool max thread count is 0. Cannot cache binder as linkToDeath cannot be implemented. serviceName: edmnativehelper
07-20 16:27:22.215  3221  7219 I EDMNativeHelperService: isScreenCaptureEnabled
07-20 16:27:22.216  3221  7219 D RestrictionPolicy: isScreenCaptureEnabled : ret=true userId=0
07-20 16:27:22.216 14346 14346 W libbinder.ProcessState: Extra binder thread started, but 0 threads requested. Do not use *startThreadPool when zero threads are requested.
07-20 16:27:22.216 14346 14346 I SurfaceComposerClient: captureDisplay:Display-4630947093241269891
07-20 16:27:22.228  1926  2023 I SurfaceFlinger: Capture layer list: 	 StatusBar$_4800#100(preserveDisplayColors:0)
07-20 16:27:22.229  1926  2023 I SurfaceFlinger: Capture layer list: 	 NotificationShade$_4800#2644(preserveDisplayColors:0)
07-20 16:27:22.251  1926  2064 D SurfaceFlinger: [SEC_SF_EFFECTS] drawLayersInternal,1337, Rendering layer ScreenCaptureFillLayer at index 0
07-20 16:27:22.258  1926  2064 D SurfaceFlinger: [SEC_SF_EFFECTS] drawLayersInternal,1337, Rendering layer StatusBar$_4800#100 at index 1
07-20 16:27:22.264  1926  2064 D SurfaceFlinger: [SEC_SF_EFFECTS] drawLayersInternal,1337, Rendering layer NotificationShade$_4800#2644 at index 2
07-20 16:27:22.288  4268  5130 D IpClient/wlan0: addressUpdated: 2601:c6:c07f:9ac0:ec53:40ff:feaa:ce6e/64 on ifindex 45 flags 0x00000100 scope 0
07-20 16:27:22.289  4268  5130 D IpClient/wlan0: addressUpdated: 2601:c6:c07f:9ac0:df32:ddbe:60f6:f63b/64 on ifindex 45 flags 0x00000001 scope 0
07-20 16:27:22.289  4268  5130 W AlarmManager: Unrecognized alarm listener com.android.networkstack.android.net.ip.IpClientLinkObserver$Dhcp6PdPreferredPrefixAlarmListener@74d426c
07-20 16:27:22.289  4268  5130 D ApfFilter: (wlan0): Ignoring RA RA fe80::82da:c2ff:fedc:dc5d -> ff02::1 180s 2601:c6:c07f:9ac0::/64 296998s/296998s DNS 180s 2001:558:feed::1 2001:558:feed::2 RIO 180s ::/0  which matches RA fe80::82da:c2ff:fedc:dc5d -> ff02::1 180s 2601:c6:c07f:9ac0::/64 296998s/296998s DNS 180s 2001:558:feed::1 2001:558:feed::2 RIO 180s ::/0 
07-20 16:27:22.360 14346 14347 I AdrenoUtils: <ReadGpuID:407>: Reading chip ID through GSL
07-20 16:27:22.368  1221  1221 D io_stats: !@   8,0 r 6060319 104727857 w 732617 13229788 d 52386 9073180 f 19857 72711 iot 1323552 0 th 0 0 0 pt 0 inp 0 0 10075.614
07-20 16:27:22.369  1221  1221 D io_stats: !@ Read_top(KB): sh(14346) 22608 surfaceflinger(1926) 1708 kworker/u16:2(25080) 640
07-20 16:27:22.369  1221  1221 D io_stats: !@ Write_top(KB): f2fs_ckpt-254:6(1423) 48 init(1) 32 kworker/u16:2(25080) 16
07-20 16:27:22.411  3221  9650 D BSOHChargingDataCollector:  BSOH Sys-servce ... 
07-20 16:27:22.411  3221  9650 D BSOHChargingDataCollector: performBatteryWork++
07-20 16:27:22.411  3221  9650 D BSOHChargingDataCollector: performBatteryWork battery com.android.server.bsoh.device.PrimeBattery@57c2b24
07-20 16:27:22.413  3221  9650 D BSOHChargingDataCollector: primeBatt readVoltage from sysFsBattVolt,  path : /sys/class/power_supply/battery/batt_voltage_now
07-20 16:27:22.425  3221  9650 D BSOHChargingDataCollector: 0 	 BattData addData data : BattData { voltage:4.014, current:2.860937, soc:0.35, temperature:36.6, status:2, timestamp:1784579242425, voltage_chg:null}
07-20 16:27:22.425  3221  9650 D BSOHChargingDataCollector: performBatteryWork--
07-20 16:27:22.667 10737 10737 I adbd    : adbd service requested 'shell,v2,TERM=dumb:export ANDROID_LOG_TAGS=''; exec logcat '-d' '-t' '1000''
